-- The C compiler identification is GNU 11.4.0
-- The CXX compiler identification is GNU 11.4.0
-- Detecting C compiler ABI info
-- Detecting C compiler ABI info - done
-- Check for working C compiler: /usr/lib/ccache/gcc - skipped
-- Detecting C compile features
-- Detecting C compile features - done
-- Detecting CXX compiler ABI info
-- Detecting CXX compiler ABI info - done
-- Check for working CXX compiler: /usr/lib/ccache/g++ - skipped
-- Detecting CXX compile features
-- Detecting CXX compile features - done
-- Found ament_cmake: 1.3.11 (/opt/ros/humble/share/ament_cmake/cmake)
-- Found Python3: /usr/bin/python3 (found version "3.10.12") found components: Interpreter 
-- Override CMake install command with custom implementation using symlinks instead of copying resources
-- Found rosidl_default_generators: 1.2.0 (/opt/ros/humble/share/rosidl_default_generators/cmake)
-- Using all available rosidl_typesupport_c: rosidl_typesupport_fastrtps_c;rosidl_typesupport_introspection_c
-- Found rosidl_adapter: 3.1.6 (/opt/ros/humble/share/rosidl_adapter/cmake)
-- Using all available rosidl_typesupport_cpp: rosidl_typesupport_fastrtps_cpp;rosidl_typesupport_introspection_cpp
-- Found geometry_msgs: 4.2.4 (/opt/ros/humble/share/geometry_msgs/cmake)
-- Found ament_cmake_ros: 0.10.0 (/opt/ros/humble/share/ament_cmake_ros/cmake)
-- Using all available rosidl_typesupport_c: rosidl_typesupport_fastrtps_c;rosidl_typesupport_introspection_c
-- Using all available rosidl_typesupport_cpp: rosidl_typesupport_fastrtps_cpp;rosidl_typesupport_introspection_cpp
-- Found PythonInterp: /usr/bin/python3 (found suitable version "3.10.12", minimum required is "3.6") 
-- Found python_cmake_module: 0.10.0 (/opt/ros/humble/share/python_cmake_module/cmake)
-- Found PythonLibs: /usr/lib/x86_64-linux-gnu/libpython3.10.so (found suitable version "3.10.12", minimum required is "3.5") 
-- Using PYTHON_EXECUTABLE: /usr/bin/python3
-- Using PYTHON_INCLUDE_DIRS: /usr/include/python3.10
-- Using PYTHON_LIBRARIES: /usr/lib/x86_64-linux-gnu/libpython3.10.so
-- Found PythonExtra: .so  
-- Found ament_lint_auto: 0.12.11 (/opt/ros/humble/share/ament_lint_auto/cmake)
-- Added test 'lint_cmake' to check CMake code style
-- Added test 'xmllint' to check XML markup files
-- Configuring done
-- Generating done
-- Build files have been written to: /workspace/simpleav/20251204/src/simple_av/build/simple_av_msgs
[  1%] [34m[1mGenerating C code for ROS interfaces[0m
[  1%] [34m[1mGenerating C++ code for ROS interfaces[0m
[  1%] Built target ament_cmake_python_symlink_simple_av_msgs
running egg_info
creating simple_av_msgs.egg-info
writing simple_av_msgs.egg-info/PKG-INFO
writing dependency_links to simple_av_msgs.egg-info/dependency_links.txt
writing top-level names to simple_av_msgs.egg-info/top_level.txt
writing manifest file 'simple_av_msgs.egg-info/SOURCES.txt'
reading manifest file 'simple_av_msgs.egg-info/SOURCES.txt'
writing manifest file 'simple_av_msgs.egg-info/SOURCES.txt'
[  1%] Built target ament_cmake_python_build_simple_av_msgs_egg
[  1%] Built target simple_av_msgs__cpp
[  2%] [32mBuilding C object CMakeFiles/simple_av_msgs__rosidl_generator_c.dir/rosidl_generator_c/simple_av_msgs/msg/detail/localization_intersection_status__functions.c.o[0m
[  3%] [32mBuilding C object CMakeFiles/simple_av_msgs__rosidl_generator_c.dir/rosidl_generator_c/simple_av_msgs/msg/detail/planning_path_planning_msg__functions.c.o[0m
[  3%] [32mBuilding C object CMakeFiles/simple_av_msgs__rosidl_generator_c.dir/rosidl_generator_c/simple_av_msgs/msg/detail/localization_msg__functions.c.o[0m
[  4%] [32mBuilding C object CMakeFiles/simple_av_msgs__rosidl_generator_c.dir/rosidl_generator_c/simple_av_msgs/msg/detail/planning_waypoint__functions.c.o[0m
[  4%] [32mBuilding C object CMakeFiles/simple_av_msgs__rosidl_generator_c.dir/rosidl_generator_c/simple_av_msgs/msg/detail/planning_internal_mission_plan_msg__functions.c.o[0m
[  5%] [32mBuilding C object CMakeFiles/simple_av_msgs__rosidl_generator_c.dir/rosidl_generator_c/simple_av_msgs/msg/detail/traffic_signals_array__functions.c.o[0m
[  6%] [32mBuilding C object CMakeFiles/simple_av_msgs__rosidl_generator_c.dir/rosidl_generator_c/simple_av_msgs/msg/detail/planning_internal_msg__functions.c.o[0m
[  6%] [32mBuilding C object CMakeFiles/simple_av_msgs__rosidl_generator_c.dir/rosidl_generator_c/simple_av_msgs/msg/detail/detected_object__functions.c.o[0m
[  7%] [34m[1mGenerating C++ type support for eProsima Fast-RTPS[0m
[  8%] [32mBuilding C object CMakeFiles/simple_av_msgs__rosidl_generator_c.dir/rosidl_generator_c/simple_av_msgs/msg/detail/planning_motion_planning_msg__functions.c.o[0m
[  9%] [32mBuilding C object CMakeFiles/simple_av_msgs__rosidl_generator_c.dir/rosidl_generator_c/simple_av_msgs/msg/detail/detected_objects_array__functions.c.o[0m
[  9%] [34m[1mGenerating C++ introspection for ROS interfaces[0m
[ 10%] [32mBuilding C object CMakeFiles/simple_av_msgs__rosidl_generator_c.dir/rosidl_generator_c/simple_av_msgs/msg/detail/portal__functions.c.o[0m
[ 11%] [34m[1mGenerating C++ type support dispatch for ROS interfaces[0m
[ 11%] [32mBuilding C object CMakeFiles/simple_av_msgs__rosidl_generator_c.dir/rosidl_generator_c/simple_av_msgs/msg/detail/collision_prediction_info__functions.c.o[0m
[ 12%] [32mBuilding C object CMakeFiles/simple_av_msgs__rosidl_generator_c.dir/rosidl_generator_c/simple_av_msgs/msg/detail/sim_monitor__functions.c.o[0m
[ 13%] [32mBuilding C object CMakeFiles/simple_av_msgs__rosidl_generator_c.dir/rosidl_generator_c/simple_av_msgs/srv/detail/trigger_mission_plan__functions.c.o[0m
