-- The C compiler identification is GNU 11.4.0
-- The CXX compiler identification is GNU 11.4.0
-- Detecting C compiler ABI info
-- Detecting C compiler ABI info - done
-- Check for working C compiler: /usr/lib/ccache/gcc - skipped
-- Detecting C compile features
-- Detecting C compile features - done
-- Detecting CXX compiler ABI info
-- Detecting CXX compiler ABI info - done
-- Check for working CXX compiler: /usr/lib/ccache/g++ - skipped
-- Detecting CXX compile features
-- Detecting CXX compile features - done
-- Found ament_cmake: 1.3.11 (/opt/ros/humble/share/ament_cmake/cmake)
-- Found Python3: /usr/bin/python3 (found version "3.10.12") found components: Interpreter 
-- Override CMake install command with custom implementation using symlinks instead of copying resources
-- Found rosidl_default_generators: 1.2.0 (/opt/ros/humble/share/rosidl_default_generators/cmake)
-- Using all available rosidl_typesupport_c: rosidl_typesupport_fastrtps_c;rosidl_typesupport_introspection_c
-- Found rosidl_adapter: 3.1.6 (/opt/ros/humble/share/rosidl_adapter/cmake)
-- Using all available rosidl_typesupport_cpp: rosidl_typesupport_fastrtps_cpp;rosidl_typesupport_introspection_cpp
-- Found geometry_msgs: 4.2.4 (/opt/ros/humble/share/geometry_msgs/cmake)
-- Found ament_cmake_ros: 0.10.0 (/opt/ros/humble/share/ament_cmake_ros/cmake)
-- Using all available rosidl_typesupport_c: rosidl_typesupport_fastrtps_c;rosidl_typesupport_introspection_c
-- Using all available rosidl_typesupport_cpp: rosidl_typesupport_fastrtps_cpp;rosidl_typesupport_introspection_cpp
-- Found PythonInterp: /usr/bin/python3 (found suitable version "3.10.12", minimum required is "3.6") 
-- Found python_cmake_module: 0.10.0 (/opt/ros/humble/share/python_cmake_module/cmake)
-- Found PythonLibs: /usr/lib/x86_64-linux-gnu/libpython3.10.so (found suitable version "3.10.12", minimum required is "3.5") 
-- Using PYTHON_EXECUTABLE: /usr/bin/python3
-- Using PYTHON_INCLUDE_DIRS: /usr/include/python3.10
-- Using PYTHON_LIBRARIES: /usr/lib/x86_64-linux-gnu/libpython3.10.so
-- Found PythonExtra: .so  
-- Found ament_lint_auto: 0.12.11 (/opt/ros/humble/share/ament_lint_auto/cmake)
-- Added test 'lint_cmake' to check CMake code style
-- Added test 'xmllint' to check XML markup files
-- Configuring done
-- Generating done
-- Build files have been written to: /workspace/simpleav/20251204/src/simple_av/build/simple_av_msgs
[  1%] [34m[1mGenerating C code for ROS interfaces[0m
[  1%] [34m[1mGenerating C++ code for ROS interfaces[0m
[  1%] Built target ament_cmake_python_symlink_simple_av_msgs
running egg_info
creating simple_av_msgs.egg-info
writing simple_av_msgs.egg-info/PKG-INFO
writing dependency_links to simple_av_msgs.egg-info/dependency_links.txt
writing top-level names to simple_av_msgs.egg-info/top_level.txt
writing manifest file 'simple_av_msgs.egg-info/SOURCES.txt'
reading manifest file 'simple_av_msgs.egg-info/SOURCES.txt'
writing manifest file 'simple_av_msgs.egg-info/SOURCES.txt'
[  1%] Built target ament_cmake_python_build_simple_av_msgs_egg
[  1%] Built target simple_av_msgs__cpp
[  2%] [32mBuilding C object CMakeFiles/simple_av_msgs__rosidl_generator_c.dir/rosidl_generator_c/simple_av_msgs/msg/detail/localization_intersection_status__functions.c.o[0m
[  3%] [32mBuilding C object CMakeFiles/simple_av_msgs__rosidl_generator_c.dir/rosidl_generator_c/simple_av_msgs/msg/detail/planning_path_planning_msg__functions.c.o[0m
[  3%] [32mBuilding C object CMakeFiles/simple_av_msgs__rosidl_generator_c.dir/rosidl_generator_c/simple_av_msgs/msg/detail/localization_msg__functions.c.o[0m
[  4%] [32mBuilding C object CMakeFiles/simple_av_msgs__rosidl_generator_c.dir/rosidl_generator_c/simple_av_msgs/msg/detail/planning_waypoint__functions.c.o[0m
[  4%] [32mBuilding C object CMakeFiles/simple_av_msgs__rosidl_generator_c.dir/rosidl_generator_c/simple_av_msgs/msg/detail/planning_internal_mission_plan_msg__functions.c.o[0m
[  5%] [32mBuilding C object CMakeFiles/simple_av_msgs__rosidl_generator_c.dir/rosidl_generator_c/simple_av_msgs/msg/detail/traffic_signals_array__functions.c.o[0m
[  6%] [32mBuilding C object CMakeFiles/simple_av_msgs__rosidl_generator_c.dir/rosidl_generator_c/simple_av_msgs/msg/detail/planning_internal_msg__functions.c.o[0m
[  6%] [32mBuilding C object CMakeFiles/simple_av_msgs__rosidl_generator_c.dir/rosidl_generator_c/simple_av_msgs/msg/detail/detected_object__functions.c.o[0m
[  7%] [34m[1mGenerating C++ type support for eProsima Fast-RTPS[0m
[  8%] [32mBuilding C object CMakeFiles/simple_av_msgs__rosidl_generator_c.dir/rosidl_generator_c/simple_av_msgs/msg/detail/planning_motion_planning_msg__functions.c.o[0m
[  9%] [32mBuilding C object CMakeFiles/simple_av_msgs__rosidl_generator_c.dir/rosidl_generator_c/simple_av_msgs/msg/detail/detected_objects_array__functions.c.o[0m
[  9%] [34m[1mGenerating C++ introspection for ROS interfaces[0m
[ 10%] [32mBuilding C object CMakeFiles/simple_av_msgs__rosidl_generator_c.dir/rosidl_generator_c/simple_av_msgs/msg/detail/portal__functions.c.o[0m
[ 11%] [34m[1mGenerating C++ type support dispatch for ROS interfaces[0m
[ 11%] [32mBuilding C object CMakeFiles/simple_av_msgs__rosidl_generator_c.dir/rosidl_generator_c/simple_av_msgs/msg/detail/collision_prediction_info__functions.c.o[0m
[ 12%] [32mBuilding C object CMakeFiles/simple_av_msgs__rosidl_generator_c.dir/rosidl_generator_c/simple_av_msgs/msg/detail/sim_monitor__functions.c.o[0m
[ 13%] [32mBuilding C object CMakeFiles/simple_av_msgs__rosidl_generator_c.dir/rosidl_generator_c/simple_av_msgs/srv/detail/trigger_mission_plan__functions.c.o[0m
Traceback (most recent call last):
  File "/opt/ros/humble/lib/rosidl_typesupport_introspection_cpp/rosidl_typesupport_introspection_cpp", line 6, in <module>
    from rosidl_typesupport_introspection_cpp import generate_cpp
  File "/opt/ros/humble/local/lib/python3.10/dist-packages/rosidl_typesupport_introspection_cpp/__init__.py", line 15, in <module>
    from rosidl_cmake import generate_files
  File "/opt/ros/humble/local/lib/python3.10/dist-packages/rosidl_cmake/__init__.py", line 24, in <module>
    from rosidl_parser.parser import parse_idl_file
KeyboardInterrupt
Traceback (most recent call last):
  File "/opt/ros/humble/lib/rosidl_typesupport_fastrtps_cpp/rosidl_typesupport_fastrtps_cpp", line 6, in <module>
    from rosidl_typesupport_fastrtps_cpp import generate_cpp
  File "/opt/ros/humble/local/lib/python3.10/dist-packages/rosidl_typesupport_fastrtps_cpp/__init__.py", line 15, in <module>
    from rosidl_cmake import generate_files
  File "/opt/ros/humble/local/lib/python3.10/dist-packages/rosidl_cmake/__init__.py", line 24, in <module>
    from rosidl_parser.parser import parse_idl_file
gmake[2]: *** [CMakeFiles/simple_av_msgs__rosidl_generator_c.dir/build.make:501: CMakeFiles/simple_av_msgs__rosidl_generator_c.dir/rosidl_generator_c/simple_av_msgs/msg/detail/detected_objects_array__functions.c.o] Interrupt
  File "/opt/ros/humble/local/lib/python3.10/dist-packages/rosidl_parser/parser.py", line 20, in <module>
gmake[2]: *** [CMakeFiles/simple_av_msgs__rosidl_generator_c.dir/build.make:557: CMakeFiles/simple_av_msgs__rosidl_generator_c.dir/rosidl_generator_c/simple_av_msgs/srv/detail/trigger_mission_plan__functions.c.o] Interrupt
    from lark import Lark
  File "<frozen importlib._bootstrap>", line 1027, in _find_and_load
  File "<frozen importlib._bootstrap>", line 1002, in _find_and_load_unlocked
  File "<frozen importlib._bootstrap>", line 945, in _find_spec
  File "<frozen importlib._bootstrap_external>", line 1439, in find_spec
  File "<frozen importlib._bootstrap_external>", line 1408, in _get_spec
KeyboardInterrupt
gmake[2]: *** [CMakeFiles/simple_av_msgs__rosidl_generator_c.dir/build.make:375: CMakeFiles/simple_av_msgs__rosidl_generator_c.dir/rosidl_generator_c/simple_av_msgs/msg/detail/localization_msg__functions.c.o] Interrupt
gmake[2]: *** [CMakeFiles/simple_av_msgs__rosidl_generator_c.dir/build.make:431: CMakeFiles/simple_av_msgs__rosidl_generator_c.dir/rosidl_generator_c/simple_av_msgs/msg/detail/planning_waypoint__functions.c.o] Interrupt
gmake[2]: *** [CMakeFiles/simple_av_msgs__rosidl_generator_c.dir/build.make:487: CMakeFiles/simple_av_msgs__rosidl_generator_c.dir/rosidl_generator_c/simple_av_msgs/msg/detail/detected_object__functions.c.o] Interrupt
gmake[2]: *** [CMakeFiles/simple_av_msgs__rosidl_generator_c.dir/build.make:529: CMakeFiles/simple_av_msgs__rosidl_generator_c.dir/rosidl_generator_c/simple_av_msgs/msg/detail/sim_monitor__functions.c.o] Interrupt
gmake[2]: *** [CMakeFiles/simple_av_msgs__rosidl_generator_c.dir/build.make:417: CMakeFiles/simple_av_msgs__rosidl_generator_c.dir/rosidl_generator_c/simple_av_msgs/msg/detail/planning_internal_msg__functions.c.o] Interrupt
gmake[2]: *** [CMakeFiles/simple_av_msgs__rosidl_generator_c.dir/build.make:543: CMakeFiles/simple_av_msgs__rosidl_generator_c.dir/rosidl_generator_c/simple_av_msgs/msg/detail/collision_prediction_info__functions.c.o] Interrupt
gmake[2]: *** [CMakeFiles/simple_av_msgs__rosidl_generator_c.dir/build.make:515: CMakeFiles/simple_av_msgs__rosidl_generator_c.dir/rosidl_generator_c/simple_av_msgs/msg/detail/portal__functions.c.o] Interrupt
Traceback (most recent call last):
gmake[2]: *** [CMakeFiles/simple_av_msgs__rosidl_generator_c.dir/build.make:473: CMakeFiles/simple_av_msgs__rosidl_generator_c.dir/rosidl_generator_c/simple_av_msgs/msg/detail/traffic_signals_array__functions.c.o] Interrupt
  File "/opt/ros/humble/lib/rosidl_typesupport_cpp/rosidl_typesupport_cpp", line 6, in <module>
    from rosidl_typesupport_cpp import generate_cpp
  File "/opt/ros/humble/local/lib/python3.10/dist-packages/rosidl_typesupport_cpp/__init__.py", line 15, in <module>
    from rosidl_cmake import generate_files
  File "/opt/ros/humble/local/lib/python3.10/dist-packages/rosidl_cmake/__init__.py", line 23, in <module>
    from rosidl_parser.definition import IdlLocator
  File "<frozen importlib._bootstrap>", line 1027, in _find_and_load
  File "<frozen importlib._bootstrap>", line 1006, in _find_and_load_unlocked
  File "<frozen importlib._bootstrap>", line 674, in _load_unlocked
  File "<frozen importlib._bootstrap>", line 577, in module_from_spec
  File "<frozen importlib._bootstrap>", line 556, in _init_module_attrs
  File "<frozen importlib._bootstrap>", line 397, in cached
  File "<frozen importlib._bootstrap_external>", line 513, in _get_cached
  File "<frozen importlib._bootstrap_external>", line 423, in cache_from_source
KeyboardInterrupt
gmake[2]: *** [CMakeFiles/simple_av_msgs__rosidl_typesupport_fastrtps_cpp.dir/build.make:157: rosidl_typesupport_fastrtps_cpp/simple_av_msgs/msg/detail/dds_fastrtps/localization_msg__type_support.cpp] Interrupt
gmake[2]: *** [CMakeFiles/simple_av_msgs__rosidl_typesupport_introspection_cpp.dir/build.make:157: rosidl_typesupport_introspection_cpp/simple_av_msgs/msg/detail/localization_msg__rosidl_typesupport_introspection_cpp.hpp] Interrupt
gmake[1]: *** [CMakeFiles/Makefile2:368: CMakeFiles/simple_av_msgs__rosidl_typesupport_introspection_cpp.dir/all] Interrupt
gmake[1]: *** [CMakeFiles/Makefile2:342: CMakeFiles/simple_av_msgs__rosidl_typesupport_fastrtps_cpp.dir/all] Interrupt
gmake[2]: *** [CMakeFiles/simple_av_msgs__rosidl_generator_c.dir/build.make:459: CMakeFiles/simple_av_msgs__rosidl_generator_c.dir/rosidl_generator_c/simple_av_msgs/msg/detail/planning_motion_planning_msg__functions.c.o] Interrupt
gmake[1]: *** [CMakeFiles/Makefile2:213: CMakeFiles/simple_av_msgs__rosidl_generator_c.dir/all] Interrupt
gmake[2]: *** [CMakeFiles/simple_av_msgs__rosidl_typesupport_cpp.dir/build.make:155: rosidl_typesupport_cpp/simple_av_msgs/msg/localization_msg__type_support.cpp] Interrupt
gmake[1]: *** [CMakeFiles/Makefile2:394: CMakeFiles/simple_av_msgs__rosidl_typesupport_cpp.dir/all] Interrupt
gmake: *** [Makefile:146: all] Interrupt
