-- The C compiler identification is GNU 11.4.0
-- The CXX compiler identification is GNU 11.4.0
-- Detecting C compiler ABI info
-- Detecting C compiler ABI info - done
-- Check for working C compiler: /usr/lib/ccache/gcc - skipped
-- Detecting C compile features
-- Detecting C compile features - done
-- Detecting CXX compiler ABI info
-- Detecting CXX compiler ABI info - done
-- Check for working CXX compiler: /usr/lib/ccache/g++ - skipped
-- Detecting CXX compile features
-- Detecting CXX compile features - done
-- Found ament_cmake_auto: 1.3.11 (/opt/ros/humble/share/ament_cmake_auto/cmake)
-- Found Python3: /usr/bin/python3 (found version "3.10.12") found components: Interpreter 
-- Override CMake install command with custom implementation using symlinks instead of copying resources
-- Using all available rosidl_typesupport_c: rosidl_typesupport_fastrtps_c;rosidl_typesupport_introspection_c
-- Found rosidl_adapter: 3.1.6 (/opt/ros/humble/share/rosidl_adapter/cmake)
-- Using all available rosidl_typesupport_cpp: rosidl_typesupport_fastrtps_cpp;rosidl_typesupport_introspection_cpp
-- Found ament_cmake_ros: 0.10.0 (/opt/ros/humble/share/ament_cmake_ros/cmake)
-- Using all available rosidl_typesupport_c: rosidl_typesupport_fastrtps_c;rosidl_typesupport_introspection_c
-- Using all available rosidl_typesupport_cpp: rosidl_typesupport_fastrtps_cpp;rosidl_typesupport_introspection_cpp
-- Found PythonInterp: /usr/bin/python3 (found suitable version "3.10.12", minimum required is "3.6") 
-- Found python_cmake_module: 0.10.0 (/opt/ros/humble/share/python_cmake_module/cmake)
-- Found PythonLibs: /usr/lib/x86_64-linux-gnu/libpython3.10.so (found suitable version "3.10.12", minimum required is "3.5") 
-- Using PYTHON_EXECUTABLE: /usr/bin/python3
-- Using PYTHON_INCLUDE_DIRS: /usr/include/python3.10
-- Using PYTHON_LIBRARIES: /usr/lib/x86_64-linux-gnu/libpython3.10.so
-- Found PythonExtra: .so  
-- Configuring done
-- Generating done
-- Build files have been written to: /workspace/simpleav/20251204/src/simple_av/build/autoware_common_msgs
[  3%] [34m[1mGenerating C code for ROS interfaces[0m
[  6%] [34m[1mGenerating C++ code for ROS interfaces[0m
[  6%] Built target ament_cmake_python_symlink_autoware_common_msgs
running egg_info
creating autoware_common_msgs.egg-info
writing autoware_common_msgs.egg-info/PKG-INFO
writing dependency_links to autoware_common_msgs.egg-info/dependency_links.txt
writing top-level names to autoware_common_msgs.egg-info/top_level.txt
writing manifest file 'autoware_common_msgs.egg-info/SOURCES.txt'
reading manifest file 'autoware_common_msgs.egg-info/SOURCES.txt'
writing manifest file 'autoware_common_msgs.egg-info/SOURCES.txt'
[  6%] Built target autoware_common_msgs__cpp
[  9%] [32mBuilding C object CMakeFiles/autoware_common_msgs__rosidl_generator_c.dir/rosidl_generator_c/autoware_common_msgs/msg/detail/response_status__functions.c.o[0m
[ 12%] Built target ament_cmake_python_build_autoware_common_msgs_egg
[ 19%] [34m[1mGenerating C++ type support for eProsima Fast-RTPS[0m
[ 19%] [34m[1mGenerating C++ introspection for ROS interfaces[0m
[ 19%] [34m[1mGenerating C++ type support dispatch for ROS interfaces[0m
[ 22%] [32m[1mLinking C shared library libautoware_common_msgs__rosidl_generator_c.so[0m
[ 22%] Built target autoware_common_msgs__rosidl_generator_c
[ 25%] [34m[1mGenerating C introspection for ROS interfaces[0m
[ 29%] [34m[1mGenerating C type support dispatch for ROS interfaces[0m
[ 32%] [34m[1mGenerating C type support for eProsima Fast-RTPS[0m
[ 35%] [32mBuilding CXX object CMakeFiles/autoware_common_msgs__rosidl_typesupport_cpp.dir/rosidl_typesupport_cpp/autoware_common_msgs/msg/response_status__type_support.cpp.o[0m
[ 38%] [32mBuilding CXX object CMakeFiles/autoware_common_msgs__rosidl_typesupport_introspection_cpp.dir/rosidl_typesupport_introspection_cpp/autoware_common_msgs/msg/detail/response_status__type_support.cpp.o[0m
[ 41%] [32mBuilding CXX object CMakeFiles/autoware_common_msgs__rosidl_typesupport_fastrtps_cpp.dir/rosidl_typesupport_fastrtps_cpp/autoware_common_msgs/msg/detail/dds_fastrtps/response_status__type_support.cpp.o[0m
[ 45%] [32mBuilding CXX object CMakeFiles/autoware_common_msgs__rosidl_typesupport_c.dir/rosidl_typesupport_c/autoware_common_msgs/msg/response_status__type_support.cpp.o[0m
[ 48%] [32mBuilding C object CMakeFiles/autoware_common_msgs__rosidl_typesupport_introspection_c.dir/rosidl_typesupport_introspection_c/autoware_common_msgs/msg/detail/response_status__type_support.c.o[0m
[ 51%] [32mBuilding CXX object CMakeFiles/autoware_common_msgs__rosidl_typesupport_fastrtps_c.dir/rosidl_typesupport_fastrtps_c/autoware_common_msgs/msg/detail/response_status__type_support_c.cpp.o[0m
[ 54%] [32m[1mLinking CXX shared library libautoware_common_msgs__rosidl_typesupport_c.so[0m
[ 58%] [32m[1mLinking C shared library libautoware_common_msgs__rosidl_typesupport_introspection_c.so[0m
[ 61%] [32m[1mLinking CXX shared library libautoware_common_msgs__rosidl_typesupport_cpp.so[0m
[ 61%] Built target autoware_common_msgs__rosidl_typesupport_c
[ 61%] Built target autoware_common_msgs__rosidl_typesupport_introspection_c
[ 61%] Built target autoware_common_msgs__rosidl_typesupport_cpp
[ 64%] [32m[1mLinking CXX shared library libautoware_common_msgs__rosidl_typesupport_fastrtps_cpp.so[0m
[ 67%] [32m[1mLinking CXX shared library libautoware_common_msgs__rosidl_typesupport_introspection_cpp.so[0m
[ 70%] [32m[1mLinking CXX shared library libautoware_common_msgs__rosidl_typesupport_fastrtps_c.so[0m
[ 70%] Built target autoware_common_msgs__rosidl_typesupport_fastrtps_cpp
[ 70%] Built target autoware_common_msgs__rosidl_typesupport_introspection_cpp
[ 70%] Built target autoware_common_msgs__rosidl_typesupport_fastrtps_c
[ 70%] Built target autoware_common_msgs
[ 74%] [34m[1mGenerating Python code for ROS interfaces[0m
[ 74%] Built target autoware_common_msgs__py
[ 77%] [32mBuilding C object CMakeFiles/autoware_common_msgs__rosidl_generator_py.dir/rosidl_generator_py/autoware_common_msgs/msg/_response_status_s.c.o[0m
[ 80%] [32m[1mLinking C shared library rosidl_generator_py/autoware_common_msgs/libautoware_common_msgs__rosidl_generator_py.so[0m
[ 80%] Built target autoware_common_msgs__rosidl_generator_py
[ 83%] [32mBuilding C object CMakeFiles/autoware_common_msgs__rosidl_typesupport_introspection_c__pyext.dir/rosidl_generator_py/autoware_common_msgs/_autoware_common_msgs_s.ep.rosidl_typesupport_introspection_c.c.o[0m
[ 87%] [32mBuilding C object CMakeFiles/autoware_common_msgs__rosidl_typesupport_fastrtps_c__pyext.dir/rosidl_generator_py/autoware_common_msgs/_autoware_common_msgs_s.ep.rosidl_typesupport_fastrtps_c.c.o[0m
[ 90%] [32mBuilding C object CMakeFiles/autoware_common_msgs__rosidl_typesupport_c__pyext.dir/rosidl_generator_py/autoware_common_msgs/_autoware_common_msgs_s.ep.rosidl_typesupport_c.c.o[0m
gmake[2]: *** wait: No child processes.  Stop.
gmake[2]: *** Waiting for unfinished jobs....
gmake[2]: *** wait: No child processes.  Stop.
gmake[1]: *** [CMakeFiles/Makefile2:535: CMakeFiles/autoware_common_msgs__rosidl_typesupport_introspection_c__pyext.dir/all] Error 2
gmake[2]: *** [CMakeFiles/autoware_common_msgs__rosidl_typesupport_fastrtps_c__pyext.dir/build.make:76: CMakeFiles/autoware_common_msgs__rosidl_typesupport_fastrtps_c__pyext.dir/rosidl_generator_py/autoware_common_msgs/_autoware_common_msgs_s.ep.rosidl_typesupport_fastrtps_c.c.o] Interrupt
gmake[1]: *** [CMakeFiles/Makefile2:505: CMakeFiles/autoware_common_msgs__rosidl_typesupport_fastrtps_c__pyext.dir/all] Interrupt
gmake[2]: *** [CMakeFiles/autoware_common_msgs__rosidl_typesupport_c__pyext.dir/build.make:76: CMakeFiles/autoware_common_msgs__rosidl_typesupport_c__pyext.dir/rosidl_generator_py/autoware_common_msgs/_autoware_common_msgs_s.ep.rosidl_typesupport_c.c.o] Interrupt
gmake[1]: *** [CMakeFiles/Makefile2:564: CMakeFiles/autoware_common_msgs__rosidl_typesupport_c__pyext.dir/all] Interrupt
gmake: *** [Makefile:146: all] Interrupt
