[0.169s] Invoking command in '/workspace/simpleav/20251204/src/simple_av/build/autoware_common_msgs': CMAKE_PREFIX_PATH=${CMAKE_PREFIX_PATH}:/workspace/simpleav/20251204/install/system:/workspace/simpleav/20251204/install/simple_av_logger:/workspace/simpleav/20251204/install/simple_av:/workspace/simpleav/20251204/install/planning:/workspace/simpleav/20251204/install/perception:/workspace/simpleav/20251204/install/localization:/workspace/simpleav/20251204/install/control:/workspace/simpleav/20251204/install/common:/opt/ros/humble /usr/bin/cmake /workspace/simpleav/20251204/src/simple_av/src/messages/autoware_msgs/autoware_common_msgs -DAMENT_CMAKE_SYMLINK_INSTALL=1 -DCMAKE_INSTALL_PREFIX=/workspace/simpleav/20251204/src/simple_av/install/autoware_common_msgs
[1.512s] -- The C compiler identification is GNU 11.4.0
[1.512s] -- The CXX compiler identification is GNU 11.4.0
[1.512s] -- Detecting C compiler ABI info
[1.512s] -- Detecting C compiler ABI info - done
[1.513s] -- Check for working C compiler: /usr/lib/ccache/gcc - skipped
[1.513s] -- Detecting C compile features
[1.513s] -- Detecting C compile features - done
[1.513s] -- Detecting CXX compiler ABI info
[1.513s] -- Detecting CXX compiler ABI info - done
[1.513s] -- Check for working CXX compiler: /usr/lib/ccache/g++ - skipped
[1.513s] -- Detecting CXX compile features
[1.513s] -- Detecting CXX compile features - done
[1.513s] -- Found ament_cmake_auto: 1.3.11 (/opt/ros/humble/share/ament_cmake_auto/cmake)
[1.513s] -- Found Python3: /usr/bin/python3 (found version "3.10.12") found components: Interpreter 
[1.513s] -- Override CMake install command with custom implementation using symlinks instead of copying resources
[1.842s] -- Using all available rosidl_typesupport_c: rosidl_typesupport_fastrtps_c;rosidl_typesupport_introspection_c
[1.870s] -- Found rosidl_adapter: 3.1.6 (/opt/ros/humble/share/rosidl_adapter/cmake)
[1.989s] -- Using all available rosidl_typesupport_cpp: rosidl_typesupport_fastrtps_cpp;rosidl_typesupport_introspection_cpp
[2.417s] -- Found ament_cmake_ros: 0.10.0 (/opt/ros/humble/share/ament_cmake_ros/cmake)
[2.787s] -- Using all available rosidl_typesupport_c: rosidl_typesupport_fastrtps_c;rosidl_typesupport_introspection_c
[3.246s] -- Using all available rosidl_typesupport_cpp: rosidl_typesupport_fastrtps_cpp;rosidl_typesupport_introspection_cpp
[3.299s] -- Found PythonInterp: /usr/bin/python3 (found suitable version "3.10.12", minimum required is "3.6") 
[3.308s] -- Found python_cmake_module: 0.10.0 (/opt/ros/humble/share/python_cmake_module/cmake)
[3.363s] -- Found PythonLibs: /usr/lib/x86_64-linux-gnu/libpython3.10.so (found suitable version "3.10.12", minimum required is "3.5") 
[3.363s] -- Using PYTHON_EXECUTABLE: /usr/bin/python3
[3.363s] -- Using PYTHON_INCLUDE_DIRS: /usr/include/python3.10
[3.363s] -- Using PYTHON_LIBRARIES: /usr/lib/x86_64-linux-gnu/libpython3.10.so
[3.396s] -- Found PythonExtra: .so  
[3.555s] -- Configuring done
[3.599s] -- Generating done
[3.610s] -- Build files have been written to: /workspace/simpleav/20251204/src/simple_av/build/autoware_common_msgs
[3.621s] Invoked command in '/workspace/simpleav/20251204/src/simple_av/build/autoware_common_msgs' returned '0': CMAKE_PREFIX_PATH=${CMAKE_PREFIX_PATH}:/workspace/simpleav/20251204/install/system:/workspace/simpleav/20251204/install/simple_av_logger:/workspace/simpleav/20251204/install/simple_av:/workspace/simpleav/20251204/install/planning:/workspace/simpleav/20251204/install/perception:/workspace/simpleav/20251204/install/localization:/workspace/simpleav/20251204/install/control:/workspace/simpleav/20251204/install/common:/opt/ros/humble /usr/bin/cmake /workspace/simpleav/20251204/src/simple_av/src/messages/autoware_msgs/autoware_common_msgs -DAMENT_CMAKE_SYMLINK_INSTALL=1 -DCMAKE_INSTALL_PREFIX=/workspace/simpleav/20251204/src/simple_av/install/autoware_common_msgs
[3.624s] Invoking command in '/workspace/simpleav/20251204/src/simple_av/build/autoware_common_msgs': CMAKE_PREFIX_PATH=${CMAKE_PREFIX_PATH}:/workspace/simpleav/20251204/install/system:/workspace/simpleav/20251204/install/simple_av_logger:/workspace/simpleav/20251204/install/simple_av:/workspace/simpleav/20251204/install/planning:/workspace/simpleav/20251204/install/perception:/workspace/simpleav/20251204/install/localization:/workspace/simpleav/20251204/install/control:/workspace/simpleav/20251204/install/common:/opt/ros/humble /usr/bin/cmake --build /workspace/simpleav/20251204/src/simple_av/build/autoware_common_msgs -- -j52 -l52
[3.715s] [  3%] [34m[1mGenerating C code for ROS interfaces[0m
[3.740s] [  6%] [34m[1mGenerating C++ code for ROS interfaces[0m
[3.765s] [  6%] Built target ament_cmake_python_symlink_autoware_common_msgs
[4.170s] running egg_info
[4.171s] creating autoware_common_msgs.egg-info
[4.171s] writing autoware_common_msgs.egg-info/PKG-INFO
[4.171s] writing dependency_links to autoware_common_msgs.egg-info/dependency_links.txt
[4.171s] writing top-level names to autoware_common_msgs.egg-info/top_level.txt
[4.172s] writing manifest file 'autoware_common_msgs.egg-info/SOURCES.txt'
[4.174s] reading manifest file 'autoware_common_msgs.egg-info/SOURCES.txt'
[4.175s] writing manifest file 'autoware_common_msgs.egg-info/SOURCES.txt'
[4.194s] [  6%] Built target autoware_common_msgs__cpp
[4.196s] [  9%] [32mBuilding C object CMakeFiles/autoware_common_msgs__rosidl_generator_c.dir/rosidl_generator_c/autoware_common_msgs/msg/detail/response_status__functions.c.o[0m
[4.301s] [ 12%] Built target ament_cmake_python_build_autoware_common_msgs_egg
[4.301s] [ 19%] [34m[1mGenerating C++ type support for eProsima Fast-RTPS[0m
[4.302s] [ 19%] [34m[1mGenerating C++ introspection for ROS interfaces[0m
[4.302s] [ 19%] [34m[1mGenerating C++ type support dispatch for ROS interfaces[0m
[4.326s] [ 22%] [32m[1mLinking C shared library libautoware_common_msgs__rosidl_generator_c.so[0m
[4.509s] [ 22%] Built target autoware_common_msgs__rosidl_generator_c
[4.539s] [ 25%] [34m[1mGenerating C introspection for ROS interfaces[0m
[4.543s] [ 29%] [34m[1mGenerating C type support dispatch for ROS interfaces[0m
[4.546s] [ 32%] [34m[1mGenerating C type support for eProsima Fast-RTPS[0m
[4.753s] [ 35%] [32mBuilding CXX object CMakeFiles/autoware_common_msgs__rosidl_typesupport_cpp.dir/rosidl_typesupport_cpp/autoware_common_msgs/msg/response_status__type_support.cpp.o[0m
[4.774s] [ 38%] [32mBuilding CXX object CMakeFiles/autoware_common_msgs__rosidl_typesupport_introspection_cpp.dir/rosidl_typesupport_introspection_cpp/autoware_common_msgs/msg/detail/response_status__type_support.cpp.o[0m
[4.787s] [ 41%] [32mBuilding CXX object CMakeFiles/autoware_common_msgs__rosidl_typesupport_fastrtps_cpp.dir/rosidl_typesupport_fastrtps_cpp/autoware_common_msgs/msg/detail/dds_fastrtps/response_status__type_support.cpp.o[0m
[4.993s] [ 45%] [32mBuilding CXX object CMakeFiles/autoware_common_msgs__rosidl_typesupport_c.dir/rosidl_typesupport_c/autoware_common_msgs/msg/response_status__type_support.cpp.o[0m
[5.053s] [ 48%] [32mBuilding C object CMakeFiles/autoware_common_msgs__rosidl_typesupport_introspection_c.dir/rosidl_typesupport_introspection_c/autoware_common_msgs/msg/detail/response_status__type_support.c.o[0m
[5.076s] [ 51%] [32mBuilding CXX object CMakeFiles/autoware_common_msgs__rosidl_typesupport_fastrtps_c.dir/rosidl_typesupport_fastrtps_c/autoware_common_msgs/msg/detail/response_status__type_support_c.cpp.o[0m
[5.110s] [ 54%] [32m[1mLinking CXX shared library libautoware_common_msgs__rosidl_typesupport_c.so[0m
[5.216s] [ 58%] [32m[1mLinking C shared library libautoware_common_msgs__rosidl_typesupport_introspection_c.so[0m
[5.220s] [ 61%] [32m[1mLinking CXX shared library libautoware_common_msgs__rosidl_typesupport_cpp.so[0m
[5.284s] [ 61%] Built target autoware_common_msgs__rosidl_typesupport_c
[5.355s] [ 61%] Built target autoware_common_msgs__rosidl_typesupport_introspection_c
[5.362s] [ 61%] Built target autoware_common_msgs__rosidl_typesupport_cpp
[5.433s] [ 64%] [32m[1mLinking CXX shared library libautoware_common_msgs__rosidl_typesupport_fastrtps_cpp.so[0m
[5.501s] [ 67%] [32m[1mLinking CXX shared library libautoware_common_msgs__rosidl_typesupport_introspection_cpp.so[0m
[5.641s] [ 70%] [32m[1mLinking CXX shared library libautoware_common_msgs__rosidl_typesupport_fastrtps_c.so[0m
[5.644s] [ 70%] Built target autoware_common_msgs__rosidl_typesupport_fastrtps_cpp
[5.742s] [ 70%] Built target autoware_common_msgs__rosidl_typesupport_introspection_cpp
[5.869s] [ 70%] Built target autoware_common_msgs__rosidl_typesupport_fastrtps_c
[5.950s] [ 70%] Built target autoware_common_msgs
[6.067s] [ 74%] [34m[1mGenerating Python code for ROS interfaces[0m
[7.077s] [ 74%] Built target autoware_common_msgs__py
[7.198s] [ 77%] [32mBuilding C object CMakeFiles/autoware_common_msgs__rosidl_generator_py.dir/rosidl_generator_py/autoware_common_msgs/msg/_response_status_s.c.o[0m
[7.787s] [ 80%] [32m[1mLinking C shared library rosidl_generator_py/autoware_common_msgs/libautoware_common_msgs__rosidl_generator_py.so[0m
[7.995s] [ 80%] Built target autoware_common_msgs__rosidl_generator_py
[8.097s] [ 83%] [32mBuilding C object CMakeFiles/autoware_common_msgs__rosidl_typesupport_introspection_c__pyext.dir/rosidl_generator_py/autoware_common_msgs/_autoware_common_msgs_s.ep.rosidl_typesupport_introspection_c.c.o[0m
[8.118s] [ 87%] [32mBuilding C object CMakeFiles/autoware_common_msgs__rosidl_typesupport_fastrtps_c__pyext.dir/rosidl_generator_py/autoware_common_msgs/_autoware_common_msgs_s.ep.rosidl_typesupport_fastrtps_c.c.o[0m
[8.219s] [ 90%] [32mBuilding C object CMakeFiles/autoware_common_msgs__rosidl_typesupport_c__pyext.dir/rosidl_generator_py/autoware_common_msgs/_autoware_common_msgs_s.ep.rosidl_typesupport_c.c.o[0m
[8.556s] gmake[2]: *** wait: No child processes.  Stop.
[8.556s] gmake[2]: *** Waiting for unfinished jobs....
[8.556s] gmake[2]: *** wait: No child processes.  Stop.
[8.556s] gmake[1]: *** [CMakeFiles/Makefile2:535: CMakeFiles/autoware_common_msgs__rosidl_typesupport_introspection_c__pyext.dir/all] Error 2
[8.556s] gmake[2]: *** [CMakeFiles/autoware_common_msgs__rosidl_typesupport_fastrtps_c__pyext.dir/build.make:76: CMakeFiles/autoware_common_msgs__rosidl_typesupport_fastrtps_c__pyext.dir/rosidl_generator_py/autoware_common_msgs/_autoware_common_msgs_s.ep.rosidl_typesupport_fastrtps_c.c.o] Interrupt
[8.556s] gmake[1]: *** [CMakeFiles/Makefile2:505: CMakeFiles/autoware_common_msgs__rosidl_typesupport_fastrtps_c__pyext.dir/all] Interrupt
[8.556s] gmake[2]: *** [CMakeFiles/autoware_common_msgs__rosidl_typesupport_c__pyext.dir/build.make:76: CMakeFiles/autoware_common_msgs__rosidl_typesupport_c__pyext.dir/rosidl_generator_py/autoware_common_msgs/_autoware_common_msgs_s.ep.rosidl_typesupport_c.c.o] Interrupt
[8.556s] gmake[1]: *** [CMakeFiles/Makefile2:564: CMakeFiles/autoware_common_msgs__rosidl_typesupport_c__pyext.dir/all] Interrupt
[8.556s] gmake: *** [Makefile:146: all] Interrupt
[8.602s] Invoked command in '/workspace/simpleav/20251204/src/simple_av/build/autoware_common_msgs' returned '-2': CMAKE_PREFIX_PATH=${CMAKE_PREFIX_PATH}:/workspace/simpleav/20251204/install/system:/workspace/simpleav/20251204/install/simple_av_logger:/workspace/simpleav/20251204/install/simple_av:/workspace/simpleav/20251204/install/planning:/workspace/simpleav/20251204/install/perception:/workspace/simpleav/20251204/install/localization:/workspace/simpleav/20251204/install/control:/workspace/simpleav/20251204/install/common:/opt/ros/humble /usr/bin/cmake --build /workspace/simpleav/20251204/src/simple_av/build/autoware_common_msgs -- -j52 -l52
