running develop
running egg_info
creating simple_av.egg-info
writing simple_av.egg-info/PKG-INFO
writing dependency_links to simple_av.egg-info/dependency_links.txt
writing entry points to simple_av.egg-info/entry_points.txt
writing requirements to simple_av.egg-info/requires.txt
writing top-level names to simple_av.egg-info/top_level.txt
writing manifest file 'simple_av.egg-info/SOURCES.txt'
reading manifest file 'simple_av.egg-info/SOURCES.txt'
writing manifest file 'simple_av.egg-info/SOURCES.txt'
running build_ext
Creating /workspace/simpleav/20251204/src/simple_av/install/simple_av/lib/python3.10/site-packages/simple-av.egg-link (link to .)
Installing rviz_intersection_layout_visualizer script to /workspace/simpleav/20251204/src/simple_av/install/simple_av/lib/simple_av
Installing rviz_lanelet_map_publisher script to /workspace/simpleav/20251204/src/simple_av/install/simple_av/lib/simple_av
Installing rviz_path_monitor script to /workspace/simpleav/20251204/src/simple_av/install/simple_av/lib/simple_av
Installing rviz_point_visualizer script to /workspace/simpleav/20251204/src/simple_av/install/simple_av/lib/simple_av
Installing rviz_status_publisher script to /workspace/simpleav/20251204/src/simple_av/install/simple_av/lib/simple_av
Installing rviz_waypoint_speed_visualizer script to /workspace/simpleav/20251204/src/simple_av/install/simple_av/lib/simple_av
Installing tf_publisher script to /workspace/simpleav/20251204/src/simple_av/install/simple_av/lib/simple_av

Installed /workspace/simpleav/20251204/src/simple_av/build/simple_av
running symlink_data
creating /workspace/simpleav/20251204/src/simple_av/install/simple_av/share/ament_index
creating /workspace/simpleav/20251204/src/simple_av/install/simple_av/share/ament_index/resource_index
creating /workspace/simpleav/20251204/src/simple_av/install/simple_av/share/ament_index/resource_index/packages
symbolically linking /workspace/simpleav/20251204/src/simple_av/build/simple_av/resource/simple_av -> /workspace/simpleav/20251204/src/simple_av/install/simple_av/share/ament_index/resource_index/packages
symbolically linking /workspace/simpleav/20251204/src/simple_av/build/simple_av/package.xml -> /workspace/simpleav/20251204/src/simple_av/install/simple_av/share/simple_av
creating /workspace/simpleav/20251204/src/simple_av/install/simple_av/share/simple_av/launch
symbolically linking /workspace/simpleav/20251204/src/simple_av/build/simple_av/launch/launch_all.py -> /workspace/simpleav/20251204/src/simple_av/install/simple_av/share/simple_av/launch
creating /workspace/simpleav/20251204/src/simple_av/install/simple_av/share/simple_av/rviz
symbolically linking /workspace/simpleav/20251204/src/simple_av/build/simple_av/rviz/simple_av.rviz -> /workspace/simpleav/20251204/src/simple_av/install/simple_av/share/simple_av/rviz
