[0.159s] Invoking command in '/workspace/simpleav/20251204/src/simple_av/build/autoware_internal_metric_msgs': CMAKE_PREFIX_PATH=${CMAKE_PREFIX_PATH}:/workspace/simpleav/20251204/install/system:/workspace/simpleav/20251204/install/simple_av_logger:/workspace/simpleav/20251204/install/simple_av:/workspace/simpleav/20251204/install/planning:/workspace/simpleav/20251204/install/perception:/workspace/simpleav/20251204/install/localization:/workspace/simpleav/20251204/install/control:/workspace/simpleav/20251204/install/common:/opt/ros/humble /usr/bin/cmake /workspace/simpleav/20251204/src/simple_av/src/visualization/autoware_internal_msgs/autoware_internal_metric_msgs -DAMENT_CMAKE_SYMLINK_INSTALL=1 -DCMAKE_INSTALL_PREFIX=/workspace/simpleav/20251204/src/simple_av/install/autoware_internal_metric_msgs
[1.500s] -- The C compiler identification is GNU 11.4.0
[1.500s] -- The CXX compiler identification is GNU 11.4.0
[1.501s] -- Detecting C compiler ABI info
[1.502s] -- Detecting C compiler ABI info - done
[1.502s] -- Check for working C compiler: /usr/lib/ccache/gcc - skipped
[1.502s] -- Detecting C compile features
[1.502s] -- Detecting C compile features - done
[1.502s] -- Detecting CXX compiler ABI info
[1.503s] -- Detecting CXX compiler ABI info - done
[1.503s] -- Check for working CXX compiler: /usr/lib/ccache/g++ - skipped
[1.503s] -- Detecting CXX compile features
[1.503s] -- Detecting CXX compile features - done
[1.504s] -- Found ament_cmake_auto: 1.3.11 (/opt/ros/humble/share/ament_cmake_auto/cmake)
[1.504s] -- Found Python3: /usr/bin/python3 (found version "3.10.12") found components: Interpreter 
[1.504s] -- Override CMake install command with custom implementation using symlinks instead of copying resources
[1.644s] -- Found builtin_interfaces: 1.2.1 (/opt/ros/humble/share/builtin_interfaces/cmake)
[1.748s] -- Found rosidl_generator_c: 3.1.6 (/opt/ros/humble/share/rosidl_generator_c/cmake)
[1.766s] -- Found rosidl_adapter: 3.1.6 (/opt/ros/humble/share/rosidl_adapter/cmake)
[1.792s] -- Found rosidl_generator_cpp: 3.1.6 (/opt/ros/humble/share/rosidl_generator_cpp/cmake)
[1.828s] -- Using all available rosidl_typesupport_c: rosidl_typesupport_fastrtps_c;rosidl_typesupport_introspection_c
[1.872s] -- Using all available rosidl_typesupport_cpp: rosidl_typesupport_fastrtps_cpp;rosidl_typesupport_introspection_cpp
[1.916s] -- Found rosidl_default_generators: 1.2.0 (/opt/ros/humble/share/rosidl_default_generators/cmake)
[2.442s] -- Found ament_cmake_ros: 0.10.0 (/opt/ros/humble/share/ament_cmake_ros/cmake)
[3.052s] -- Using all available rosidl_typesupport_c: rosidl_typesupport_fastrtps_c;rosidl_typesupport_introspection_c
[3.287s] -- Using all available rosidl_typesupport_cpp: rosidl_typesupport_fastrtps_cpp;rosidl_typesupport_introspection_cpp
[3.335s] -- Found PythonInterp: /usr/bin/python3 (found suitable version "3.10.12", minimum required is "3.6") 
[3.343s] -- Found python_cmake_module: 0.10.0 (/opt/ros/humble/share/python_cmake_module/cmake)
[3.398s] -- Found PythonLibs: /usr/lib/x86_64-linux-gnu/libpython3.10.so (found suitable version "3.10.12", minimum required is "3.5") 
[3.399s] -- Using PYTHON_EXECUTABLE: /usr/bin/python3
[3.399s] -- Using PYTHON_INCLUDE_DIRS: /usr/include/python3.10
[3.399s] -- Using PYTHON_LIBRARIES: /usr/lib/x86_64-linux-gnu/libpython3.10.so
[3.444s] -- Found PythonExtra: .so  
[3.569s] -- Found ament_lint_auto: 0.12.11 (/opt/ros/humble/share/ament_lint_auto/cmake)
[3.654s] -- Added test 'copyright' to check source files copyright and LICENSE
[3.657s] -- Added test 'lint_cmake' to check CMake code style
[3.660s] -- Added test 'xmllint' to check XML markup files
[3.666s] -- Configuring done
[3.702s] -- Generating done
[3.714s] -- Build files have been written to: /workspace/simpleav/20251204/src/simple_av/build/autoware_internal_metric_msgs
[3.724s] Invoked command in '/workspace/simpleav/20251204/src/simple_av/build/autoware_internal_metric_msgs' returned '0': CMAKE_PREFIX_PATH=${CMAKE_PREFIX_PATH}:/workspace/simpleav/20251204/install/system:/workspace/simpleav/20251204/install/simple_av_logger:/workspace/simpleav/20251204/install/simple_av:/workspace/simpleav/20251204/install/planning:/workspace/simpleav/20251204/install/perception:/workspace/simpleav/20251204/install/localization:/workspace/simpleav/20251204/install/control:/workspace/simpleav/20251204/install/common:/opt/ros/humble /usr/bin/cmake /workspace/simpleav/20251204/src/simple_av/src/visualization/autoware_internal_msgs/autoware_internal_metric_msgs -DAMENT_CMAKE_SYMLINK_INSTALL=1 -DCMAKE_INSTALL_PREFIX=/workspace/simpleav/20251204/src/simple_av/install/autoware_internal_metric_msgs
[3.727s] Invoking command in '/workspace/simpleav/20251204/src/simple_av/build/autoware_internal_metric_msgs': CMAKE_PREFIX_PATH=${CMAKE_PREFIX_PATH}:/workspace/simpleav/20251204/install/system:/workspace/simpleav/20251204/install/simple_av_logger:/workspace/simpleav/20251204/install/simple_av:/workspace/simpleav/20251204/install/planning:/workspace/simpleav/20251204/install/perception:/workspace/simpleav/20251204/install/localization:/workspace/simpleav/20251204/install/control:/workspace/simpleav/20251204/install/common:/opt/ros/humble /usr/bin/cmake --build /workspace/simpleav/20251204/src/simple_av/build/autoware_internal_metric_msgs -- -j52 -l52
[3.820s] [  2%] [34m[1mGenerating C code for ROS interfaces[0m
[3.852s] [  5%] [34m[1mGenerating C++ code for ROS interfaces[0m
[3.868s] [  5%] Built target ament_cmake_python_symlink_autoware_internal_metric_msgs
[4.279s] running egg_info
[4.279s] creating autoware_internal_metric_msgs.egg-info
[4.280s] writing autoware_internal_metric_msgs.egg-info/PKG-INFO
[4.280s] writing dependency_links to autoware_internal_metric_msgs.egg-info/dependency_links.txt
[4.280s] writing top-level names to autoware_internal_metric_msgs.egg-info/top_level.txt
[4.280s] writing manifest file 'autoware_internal_metric_msgs.egg-info/SOURCES.txt'
[4.284s] reading manifest file 'autoware_internal_metric_msgs.egg-info/SOURCES.txt'
[4.284s] writing manifest file 'autoware_internal_metric_msgs.egg-info/SOURCES.txt'
[4.349s] [  5%] Built target ament_cmake_python_build_autoware_internal_metric_msgs_egg
[4.435s] [  5%] Built target autoware_internal_metric_msgs__cpp
[4.465s] [  7%] [34m[1mGenerating C++ type support dispatch for ROS interfaces[0m
[4.465s] [ 10%] [34m[1mGenerating C++ introspection for ROS interfaces[0m
[4.468s] [ 12%] [34m[1mGenerating C++ type support for eProsima Fast-RTPS[0m
[4.535s] [ 15%] [32mBuilding C object CMakeFiles/autoware_internal_metric_msgs__rosidl_generator_c.dir/rosidl_generator_c/autoware_internal_metric_msgs/msg/detail/metric_array__functions.c.o[0m
[4.535s] [ 17%] [32mBuilding C object CMakeFiles/autoware_internal_metric_msgs__rosidl_generator_c.dir/rosidl_generator_c/autoware_internal_metric_msgs/msg/detail/metric__functions.c.o[0m
[4.669s] [ 20%] [32m[1mLinking C shared library libautoware_internal_metric_msgs__rosidl_generator_c.so[0m
[4.765s] [ 20%] Built target autoware_internal_metric_msgs__rosidl_generator_c
[4.793s] [ 23%] [34m[1mGenerating C type support for eProsima Fast-RTPS[0m
[4.794s] [ 25%] [34m[1mGenerating C introspection for ROS interfaces[0m
[4.812s] [ 28%] [34m[1mGenerating C type support dispatch for ROS interfaces[0m
[4.928s] [ 30%] [32mBuilding CXX object CMakeFiles/autoware_internal_metric_msgs__rosidl_typesupport_cpp.dir/rosidl_typesupport_cpp/autoware_internal_metric_msgs/msg/metric_array__type_support.cpp.o[0m
[4.928s] [ 33%] [32mBuilding CXX object CMakeFiles/autoware_internal_metric_msgs__rosidl_typesupport_cpp.dir/rosidl_typesupport_cpp/autoware_internal_metric_msgs/msg/metric__type_support.cpp.o[0m
[4.967s] [ 35%] [32mBuilding CXX object CMakeFiles/autoware_internal_metric_msgs__rosidl_typesupport_fastrtps_cpp.dir/rosidl_typesupport_fastrtps_cpp/autoware_internal_metric_msgs/msg/detail/dds_fastrtps/metric__type_support.cpp.o[0m
[4.974s] [ 38%] [32mBuilding CXX object CMakeFiles/autoware_internal_metric_msgs__rosidl_typesupport_fastrtps_cpp.dir/rosidl_typesupport_fastrtps_cpp/autoware_internal_metric_msgs/msg/detail/dds_fastrtps/metric_array__type_support.cpp.o[0m
[5.001s] [ 41%] [32mBuilding CXX object CMakeFiles/autoware_internal_metric_msgs__rosidl_typesupport_introspection_cpp.dir/rosidl_typesupport_introspection_cpp/autoware_internal_metric_msgs/msg/detail/metric__type_support.cpp.o[0m
[5.004s] [ 43%] [32mBuilding CXX object CMakeFiles/autoware_internal_metric_msgs__rosidl_typesupport_introspection_cpp.dir/rosidl_typesupport_introspection_cpp/autoware_internal_metric_msgs/msg/detail/metric_array__type_support.cpp.o[0m
[5.313s] [ 46%] [32mBuilding CXX object CMakeFiles/autoware_internal_metric_msgs__rosidl_typesupport_c.dir/rosidl_typesupport_c/autoware_internal_metric_msgs/msg/metric__type_support.cpp.o[0m
[5.322s] [ 48%] [32mBuilding CXX object CMakeFiles/autoware_internal_metric_msgs__rosidl_typesupport_c.dir/rosidl_typesupport_c/autoware_internal_metric_msgs/msg/metric_array__type_support.cpp.o[0m
[5.332s] [ 51%] [32mBuilding C object CMakeFiles/autoware_internal_metric_msgs__rosidl_typesupport_introspection_c.dir/rosidl_typesupport_introspection_c/autoware_internal_metric_msgs/msg/detail/metric_array__type_support.c.o[0m
[5.336s] [ 53%] [32mBuilding C object CMakeFiles/autoware_internal_metric_msgs__rosidl_typesupport_introspection_c.dir/rosidl_typesupport_introspection_c/autoware_internal_metric_msgs/msg/detail/metric__type_support.c.o[0m
[5.345s] [ 56%] [32mBuilding CXX object CMakeFiles/autoware_internal_metric_msgs__rosidl_typesupport_fastrtps_c.dir/rosidl_typesupport_fastrtps_c/autoware_internal_metric_msgs/msg/detail/metric__type_support_c.cpp.o[0m
[5.364s] [ 58%] [32mBuilding CXX object CMakeFiles/autoware_internal_metric_msgs__rosidl_typesupport_fastrtps_c.dir/rosidl_typesupport_fastrtps_c/autoware_internal_metric_msgs/msg/detail/metric_array__type_support_c.cpp.o[0m
[5.470s] [ 61%] [32m[1mLinking CXX shared library libautoware_internal_metric_msgs__rosidl_typesupport_cpp.so[0m
[5.488s] [ 64%] [32m[1mLinking CXX shared library libautoware_internal_metric_msgs__rosidl_typesupport_c.so[0m
[5.600s] [ 66%] [32m[1mLinking C shared library libautoware_internal_metric_msgs__rosidl_typesupport_introspection_c.so[0m
[5.723s] [ 66%] Built target autoware_internal_metric_msgs__rosidl_typesupport_cpp
[5.732s] [ 66%] Built target autoware_internal_metric_msgs__rosidl_typesupport_c
[5.747s] [ 66%] Built target autoware_internal_metric_msgs__rosidl_typesupport_introspection_c
[5.765s] [ 69%] [32m[1mLinking CXX shared library libautoware_internal_metric_msgs__rosidl_typesupport_introspection_cpp.so[0m
[5.848s] [ 71%] [32m[1mLinking CXX shared library libautoware_internal_metric_msgs__rosidl_typesupport_fastrtps_cpp.so[0m
[6.021s] [ 71%] Built target autoware_internal_metric_msgs__rosidl_typesupport_introspection_cpp
[6.078s] [ 71%] Built target autoware_internal_metric_msgs__rosidl_typesupport_fastrtps_cpp
[6.097s] [ 74%] [32m[1mLinking CXX shared library libautoware_internal_metric_msgs__rosidl_typesupport_fastrtps_c.so[0m
[6.295s] [ 74%] Built target autoware_internal_metric_msgs__rosidl_typesupport_fastrtps_c
[6.408s] [ 74%] Built target autoware_internal_metric_msgs
[6.469s] [ 76%] [34m[1mGenerating Python code for ROS interfaces[0m
[7.670s] [ 76%] Built target autoware_internal_metric_msgs__py
[8.006s] [ 79%] [32mBuilding C object CMakeFiles/autoware_internal_metric_msgs__rosidl_generator_py.dir/rosidl_generator_py/autoware_internal_metric_msgs/msg/_metric_s.c.o[0m
[8.100s] [ 82%] [32mBuilding C object CMakeFiles/autoware_internal_metric_msgs__rosidl_generator_py.dir/rosidl_generator_py/autoware_internal_metric_msgs/msg/_metric_array_s.c.o[0m
[8.539s] gmake[2]: *** [CMakeFiles/autoware_internal_metric_msgs__rosidl_generator_py.dir/build.make:90: CMakeFiles/autoware_internal_metric_msgs__rosidl_generator_py.dir/rosidl_generator_py/autoware_internal_metric_msgs/msg/_metric_array_s.c.o] Interrupt
[8.539s] gmake[1]: *** [CMakeFiles/Makefile2:475: CMakeFiles/autoware_internal_metric_msgs__rosidl_generator_py.dir/all] Interrupt
[8.540s] gmake: *** [Makefile:146: all] Interrupt
[8.615s] Invoked command in '/workspace/simpleav/20251204/src/simple_av/build/autoware_internal_metric_msgs' returned '-2': CMAKE_PREFIX_PATH=${CMAKE_PREFIX_PATH}:/workspace/simpleav/20251204/install/system:/workspace/simpleav/20251204/install/simple_av_logger:/workspace/simpleav/20251204/install/simple_av:/workspace/simpleav/20251204/install/planning:/workspace/simpleav/20251204/install/perception:/workspace/simpleav/20251204/install/localization:/workspace/simpleav/20251204/install/control:/workspace/simpleav/20251204/install/common:/opt/ros/humble /usr/bin/cmake --build /workspace/simpleav/20251204/src/simple_av/build/autoware_internal_metric_msgs -- -j52 -l52
