[0.072s] Invoking command in '/workspace/simpleav/20251204/src/simple_av/build/autoware_polar_grid': AMENT_PREFIX_PATH=/workspace/simpleav/20251204/src/simple_av/install/autoware_cmake:/workspace/simpleav/20251204/src/simple_av/install/autoware_lint_common:${AMENT_PREFIX_PATH} CMAKE_PREFIX_PATH=/workspace/simpleav/20251204/src/simple_av/install/autoware_cmake:/workspace/simpleav/20251204/src/simple_av/install/autoware_lint_common:/workspace/simpleav/20251204/install/v2x_msgs:/workspace/simpleav/20251204/install/tier4_vehicle_rviz_plugin:/workspace/simpleav/20251204/install/tier4_traffic_light_rviz_plugin:/workspace/simpleav/20251204/install/tier4_system_rviz_plugin:/workspace/simpleav/20251204/install/tier4_camera_view_rviz_plugin:/workspace/simpleav/20251204/install/tier4_adapi_rviz_plugin:/workspace/simpleav/20251204/install/autoware_component_interface_utils:/workspace/simpleav/20251204/install/tier4_system_msgs:/workspace/simpleav/20251204/install/tier4_state_rviz_plugin:/workspace/simpleav/20251204/install/tier4_dummy_object_rviz_plugin:/workspace/simpleav/20251204/install/tier4_simulation_msgs:/workspace/simpleav/20251204/install/tier4_planning_rviz_plugin:/workspace/simpleav/20251204/install/tier4_planning_factor_rviz_plugin:/workspace/simpleav/20251204/install/tier4_localization_rviz_plugin:/workspace/simpleav/20251204/install/tier4_external_api_msgs:/workspace/simpleav/20251204/install/tier4_datetime_rviz_plugin:/workspace/simpleav/20251204/install/simple_av_msgs:/workspace/simpleav/20251204/install/autoware_overlay_rviz_plugin:/workspace/simpleav/20251204/install/autoware_motion_utils:/workspace/simpleav/20251204/install/autoware_map_loader:/workspace/simpleav/20251204/install/autoware_component_interface_specs:/workspace/simpleav/20251204/install/autoware_vehicle_msgs:/workspace/simpleav/20251204/install/autoware_vehicle_info_utils:/workspace/simpleav/20251204/install/autoware_utils:/workspace/simpleav/20251204/install/autoware_utils_visualization:/workspace/simpleav/20251204/install/autoware_utils_uuid:/workspace/simpleav/20251204/install/autoware_utils_pcl:/workspace/simpleav/20251204/install/autoware_utils_tf:/workspace/simpleav/20251204/install/autoware_utils_debug:/workspace/simpleav/20251204/install/autoware_utils_system:/workspace/simpleav/20251204/install/autoware_utils_rclcpp:/workspace/simpleav/20251204/install/autoware_interpolation:/workspace/simpleav/20251204/install/autoware_utils_geometry:/workspace/simpleav/20251204/install/autoware_utils_math:/workspace/simpleav/20251204/install/autoware_utils_logging:/workspace/simpleav/20251204/install/autoware_utils_diagnostics:/workspace/simpleav/20251204/install/autoware_system_msgs:/workspace/simpleav/20251204/install/autoware_string_stamped_rviz_plugin:/workspace/simpleav/20251204/install/autoware_sensing_msgs:/workspace/simpleav/20251204/install/autoware_polar_grid:/workspace/simpleav/20251204/install/autoware_mission_details_overlay_rviz_plugin:/workspace/simpleav/20251204/install/autoware_lanelet2_map_visualizer:/workspace/simpleav/20251204/install/autoware_lanelet2_extension_python:/workspace/simpleav/20251204/install/autoware_geography_utils:/workspace/simpleav/20251204/install/autoware_lanelet2_extension:/workspace/simpleav/20251204/install/autoware_internal_msgs:/workspace/simpleav/20251204/install/autoware_internal_planning_msgs:/workspace/simpleav/20251204/install/autoware_planning_msgs:/workspace/simpleav/20251204/install/autoware_perception_rviz_plugin:/workspace/simpleav/20251204/install/autoware_internal_perception_msgs:/workspace/simpleav/20251204/install/autoware_perception_msgs:/workspace/simpleav/20251204/install/autoware_map_msgs:/workspace/simpleav/20251204/install/autoware_localization_msgs:/workspace/simpleav/20251204/install/autoware_lint_common:/workspace/simpleav/20251204/install/autoware_internal_metric_msgs:/workspace/simpleav/20251204/install/autoware_internal_localization_msgs:/workspace/simpleav/20251204/install/autoware_internal_debug_msgs:/workspace/simpleav/20251204/install/autoware_control_msgs:/workspace/simpleav/20251204/install/autoware_common_msgs:/workspace/simpleav/20251204/install/autoware_cmake:/workspace/simpleav/20251204/install/autoware_bag_time_manager_rviz_plugin:/workspace/simpleav/20251204/install/autoware_adapi_version_msgs:/workspace/simpleav/20251204/install/autoware_adapi_v1_msgs:/workspace/simpleav/20251204/install/autoware_adapi_specs:/workspace/simpleav/20251204/install/system:/workspace/simpleav/20251204/install/simple_av_logger:/workspace/simpleav/20251204/install/simple_av:/workspace/simpleav/20251204/install/planning:/workspace/simpleav/20251204/install/perception:/workspace/simpleav/20251204/install/localization:/workspace/simpleav/20251204/install/control:/workspace/simpleav/20251204/install/common:/opt/ros/humble /usr/bin/cmake /workspace/simpleav/20251204/src/simple_av/src/visualization/simulator/autoware_polar_grid -DAMENT_CMAKE_SYMLINK_INSTALL=1 -DCMAKE_INSTALL_PREFIX=/workspace/simpleav/20251204/src/simple_av/install/autoware_polar_grid
[1.059s] -- The C compiler identification is GNU 11.4.0
[1.060s] -- The CXX compiler identification is GNU 11.4.0
[1.060s] -- Detecting C compiler ABI info
[1.060s] -- Detecting C compiler ABI info - done
[1.060s] -- Check for working C compiler: /usr/lib/ccache/gcc - skipped
[1.060s] -- Detecting C compile features
[1.060s] -- Detecting C compile features - done
[1.060s] -- Detecting CXX compiler ABI info
[1.060s] -- Detecting CXX compiler ABI info - done
[1.060s] -- Check for working CXX compiler: /usr/lib/ccache/g++ - skipped
[1.060s] -- Detecting CXX compile features
[1.060s] -- Detecting CXX compile features - done
[1.060s] -- Found autoware_cmake: 1.0.2 (/workspace/simpleav/20251204/src/simple_av/install/autoware_cmake/share/autoware_cmake/cmake)
[1.136s] -- Found Python3: /usr/bin/python3 (found version "3.10.12") found components: Interpreter 
[1.315s] -- Override CMake install command with custom implementation using symlinks instead of copying resources
[1.683s] -- Found TinyXML2: /usr/lib/x86_64-linux-gnu/libtinyxml2.so  
[2.152s] -- Setting assimp_DIR to: '/opt/ros/humble/share/rviz_assimp_vendor/cmake/../../../opt/rviz_assimp_vendor/lib/cmake/assimp-4.1'
[2.217s] -- Setting OGRE_DIR to: '/opt/ros/humble/share/rviz_ogre_vendor/cmake/../../../opt/rviz_ogre_vendor/lib/OGRE/cmake'
[2.222s] -- Found OGRE
[2.222s] --   static     : OFF
[2.222s] --   components : HLMS;MeshLodGenerator;Overlay;Paging;Property;RTShaderSystem;Terrain;Volume
[2.222s] --   plugins    : Plugin_BSPSceneManager;Plugin_OctreeSceneManager;Plugin_PCZSceneManager;Plugin_ParticleFX;RenderSystem_GL;RenderSystem_GL3Plus;Codec_STBI
[2.222s] --   media      : /opt/ros/humble/opt/rviz_ogre_vendor/share/OGRE/Media
[2.223s] -- OGRE_LIBRARIES: OgreHLMS;OgreMeshLodGenerator;OgreOverlay;OgrePaging;OgreProperty;OgreRTShaderSystem;OgreTerrain;OgreVolume;OgreMain
[2.223s] -- OGRE_LIBRARY_DIRS: /opt/ros/humble/opt/rviz_ogre_vendor/lib
[2.223s] -- OGRE_PLUGINS: Plugin_BSPSceneManager;Plugin_OctreeSceneManager;Plugin_PCZSceneManager;Plugin_ParticleFX;RenderSystem_GL;RenderSystem_GL3Plus;Codec_STBI
[2.223s] -- OGRE_PLUGIN_DIR: /opt/ros/humble/opt/rviz_ogre_vendor/lib/OGRE
[2.223s] -- rviz_ogre_vendor::OgreOverlay for IMPORTED_LOCATION_RELEASE: /opt/ros/humble/opt/rviz_ogre_vendor/lib/libOgreOverlay.so
[2.223s] -- rviz_ogre_vendor::OgreOverlay for IMPORTED_LOCATION_DEBUG: /opt/ros/humble/opt/rviz_ogre_vendor/lib/libOgreOverlay.so
[2.224s] -- rviz_ogre_vendor::OgreMain for IMPORTED_LOCATION_RELEASE: /opt/ros/humble/opt/rviz_ogre_vendor/lib/libOgreMain.so
[2.224s] -- rviz_ogre_vendor::OgreMain for IMPORTED_LOCATION_DEBUG: /opt/ros/humble/opt/rviz_ogre_vendor/lib/libOgreMain.so
[2.239s] -- Could not find freeimage library
[2.317s] -- Found ZLIB: /usr/lib/x86_64-linux-gnu/libz.so (found version "1.2.11") 
[2.350s] -- Found OpenGL: /usr/lib/x86_64-linux-gnu/libOpenGL.so   
[3.133s] -- Found X11: /usr/include   
[3.134s] -- Looking for XOpenDisplay in /usr/lib/x86_64-linux-gnu/libX11.so;/usr/lib/x86_64-linux-gnu/libXext.so
[3.685s] -- Looking for XOpenDisplay in /usr/lib/x86_64-linux-gnu/libX11.so;/usr/lib/x86_64-linux-gnu/libXext.so - found
[3.688s] -- Looking for gethostbyname
[3.984s] -- Looking for gethostbyname - found
[3.984s] -- Looking for connect
[4.296s] -- Looking for connect - found
[4.296s] -- Looking for remove
[4.535s] -- Looking for remove - found
[4.535s] -- Looking for shmat
[4.653s] Invoked command in '/workspace/simpleav/20251204/src/simple_av/build/autoware_polar_grid' returned '-2': AMENT_PREFIX_PATH=/workspace/simpleav/20251204/src/simple_av/install/autoware_cmake:/workspace/simpleav/20251204/src/simple_av/install/autoware_lint_common:${AMENT_PREFIX_PATH} CMAKE_PREFIX_PATH=/workspace/simpleav/20251204/src/simple_av/install/autoware_cmake:/workspace/simpleav/20251204/src/simple_av/install/autoware_lint_common:/workspace/simpleav/20251204/install/v2x_msgs:/workspace/simpleav/20251204/install/tier4_vehicle_rviz_plugin:/workspace/simpleav/20251204/install/tier4_traffic_light_rviz_plugin:/workspace/simpleav/20251204/install/tier4_system_rviz_plugin:/workspace/simpleav/20251204/install/tier4_camera_view_rviz_plugin:/workspace/simpleav/20251204/install/tier4_adapi_rviz_plugin:/workspace/simpleav/20251204/install/autoware_component_interface_utils:/workspace/simpleav/20251204/install/tier4_system_msgs:/workspace/simpleav/20251204/install/tier4_state_rviz_plugin:/workspace/simpleav/20251204/install/tier4_dummy_object_rviz_plugin:/workspace/simpleav/20251204/install/tier4_simulation_msgs:/workspace/simpleav/20251204/install/tier4_planning_rviz_plugin:/workspace/simpleav/20251204/install/tier4_planning_factor_rviz_plugin:/workspace/simpleav/20251204/install/tier4_localization_rviz_plugin:/workspace/simpleav/20251204/install/tier4_external_api_msgs:/workspace/simpleav/20251204/install/tier4_datetime_rviz_plugin:/workspace/simpleav/20251204/install/simple_av_msgs:/workspace/simpleav/20251204/install/autoware_overlay_rviz_plugin:/workspace/simpleav/20251204/install/autoware_motion_utils:/workspace/simpleav/20251204/install/autoware_map_loader:/workspace/simpleav/20251204/install/autoware_component_interface_specs:/workspace/simpleav/20251204/install/autoware_vehicle_msgs:/workspace/simpleav/20251204/install/autoware_vehicle_info_utils:/workspace/simpleav/20251204/install/autoware_utils:/workspace/simpleav/20251204/install/autoware_utils_visualization:/workspace/simpleav/20251204/install/autoware_utils_uuid:/workspace/simpleav/20251204/install/autoware_utils_pcl:/workspace/simpleav/20251204/install/autoware_utils_tf:/workspace/simpleav/20251204/install/autoware_utils_debug:/workspace/simpleav/20251204/install/autoware_utils_system:/workspace/simpleav/20251204/install/autoware_utils_rclcpp:/workspace/simpleav/20251204/install/autoware_interpolation:/workspace/simpleav/20251204/install/autoware_utils_geometry:/workspace/simpleav/20251204/install/autoware_utils_math:/workspace/simpleav/20251204/install/autoware_utils_logging:/workspace/simpleav/20251204/install/autoware_utils_diagnostics:/workspace/simpleav/20251204/install/autoware_system_msgs:/workspace/simpleav/20251204/install/autoware_string_stamped_rviz_plugin:/workspace/simpleav/20251204/install/autoware_sensing_msgs:/workspace/simpleav/20251204/install/autoware_polar_grid:/workspace/simpleav/20251204/install/autoware_mission_details_overlay_rviz_plugin:/workspace/simpleav/20251204/install/autoware_lanelet2_map_visualizer:/workspace/simpleav/20251204/install/autoware_lanelet2_extension_python:/workspace/simpleav/20251204/install/autoware_geography_utils:/workspace/simpleav/20251204/install/autoware_lanelet2_extension:/workspace/simpleav/20251204/install/autoware_internal_msgs:/workspace/simpleav/20251204/install/autoware_internal_planning_msgs:/workspace/simpleav/20251204/install/autoware_planning_msgs:/workspace/simpleav/20251204/install/autoware_perception_rviz_plugin:/workspace/simpleav/20251204/install/autoware_internal_perception_msgs:/workspace/simpleav/20251204/install/autoware_perception_msgs:/workspace/simpleav/20251204/install/autoware_map_msgs:/workspace/simpleav/20251204/install/autoware_localization_msgs:/workspace/simpleav/20251204/install/autoware_lint_common:/workspace/simpleav/20251204/install/autoware_internal_metric_msgs:/workspace/simpleav/20251204/install/autoware_internal_localization_msgs:/workspace/simpleav/20251204/install/autoware_internal_debug_msgs:/workspace/simpleav/20251204/install/autoware_control_msgs:/workspace/simpleav/20251204/install/autoware_common_msgs:/workspace/simpleav/20251204/install/autoware_cmake:/workspace/simpleav/20251204/install/autoware_bag_time_manager_rviz_plugin:/workspace/simpleav/20251204/install/autoware_adapi_version_msgs:/workspace/simpleav/20251204/install/autoware_adapi_v1_msgs:/workspace/simpleav/20251204/install/autoware_adapi_specs:/workspace/simpleav/20251204/install/system:/workspace/simpleav/20251204/install/simple_av_logger:/workspace/simpleav/20251204/install/simple_av:/workspace/simpleav/20251204/install/planning:/workspace/simpleav/20251204/install/perception:/workspace/simpleav/20251204/install/localization:/workspace/simpleav/20251204/install/control:/workspace/simpleav/20251204/install/common:/opt/ros/humble /usr/bin/cmake /workspace/simpleav/20251204/src/simple_av/src/visualization/simulator/autoware_polar_grid -DAMENT_CMAKE_SYMLINK_INSTALL=1 -DCMAKE_INSTALL_PREFIX=/workspace/simpleav/20251204/src/simple_av/install/autoware_polar_grid
