-- The C compiler identification is GNU 11.4.0
-- The CXX compiler identification is GNU 11.4.0
-- Detecting C compiler ABI info
-- Detecting C compiler ABI info - done
-- Check for working C compiler: /usr/lib/ccache/gcc - skipped
-- Detecting C compile features
-- Detecting C compile features - done
-- Detecting CXX compiler ABI info
-- Detecting CXX compiler ABI info - done
-- Check for working CXX compiler: /usr/lib/ccache/g++ - skipped
-- Detecting CXX compile features
-- Detecting CXX compile features - done
-- Found ament_cmake_auto: 1.3.11 (/opt/ros/humble/share/ament_cmake_auto/cmake)
-- Found Python3: /usr/bin/python3 (found version "3.10.12") found components: Interpreter 
-- Override CMake install command with custom implementation using symlinks instead of copying resources
-- Found rosidl_generator_c: 3.1.6 (/opt/ros/humble/share/rosidl_generator_c/cmake)
-- Found rosidl_adapter: 3.1.6 (/opt/ros/humble/share/rosidl_adapter/cmake)
-- Found rosidl_generator_cpp: 3.1.6 (/opt/ros/humble/share/rosidl_generator_cpp/cmake)
-- Using all available rosidl_typesupport_c: rosidl_typesupport_fastrtps_c;rosidl_typesupport_introspection_c
-- Using all available rosidl_typesupport_cpp: rosidl_typesupport_fastrtps_cpp;rosidl_typesupport_introspection_cpp
-- Found ament_cmake_cppcheck: 0.12.11 (/opt/ros/humble/share/ament_cmake_cppcheck/cmake)
-- Found ament_cmake_cpplint: 0.12.11 (/opt/ros/humble/share/ament_cmake_cpplint/cmake)
-- Found ament_cmake_uncrustify: 0.12.11 (/opt/ros/humble/share/ament_cmake_uncrustify/cmake)
-- Found ament_cmake_ros: 0.10.0 (/opt/ros/humble/share/ament_cmake_ros/cmake)
-- Using all available rosidl_typesupport_c: rosidl_typesupport_fastrtps_c;rosidl_typesupport_introspection_c
-- Using all available rosidl_typesupport_cpp: rosidl_typesupport_fastrtps_cpp;rosidl_typesupport_introspection_cpp
-- Found PythonInterp: /usr/bin/python3 (found suitable version "3.10.12", minimum required is "3.6") 
-- Found python_cmake_module: 0.10.0 (/opt/ros/humble/share/python_cmake_module/cmake)
-- Found PythonLibs: /usr/lib/x86_64-linux-gnu/libpython3.10.so (found suitable version "3.10.12", minimum required is "3.5") 
-- Using PYTHON_EXECUTABLE: /usr/bin/python3
-- Using PYTHON_INCLUDE_DIRS: /usr/include/python3.10
-- Using PYTHON_LIBRARIES: /usr/lib/x86_64-linux-gnu/libpython3.10.so
-- Found PythonExtra: .so  
-- Found ament_cmake_flake8: 0.12.11 (/opt/ros/humble/share/ament_cmake_flake8/cmake)
-- Found ament_cmake_pep257: 0.12.11 (/opt/ros/humble/share/ament_cmake_pep257/cmake)
-- Found ament_lint_auto: 0.12.11 (/opt/ros/humble/share/ament_lint_auto/cmake)
-- Added test 'copyright' to check source files copyright and LICENSE
-- Added test 'lint_cmake' to check CMake code style
-- Added test 'xmllint' to check XML markup files
-- Configuring done
-- Generating done
-- Build files have been written to: /workspace/simpleav/20251204/src/simple_av/build/autoware_control_msgs
[  1%] [34m[1mGenerating C code for ROS interfaces[0m
[  3%] [34m[1mGenerating C++ code for ROS interfaces[0m
[  3%] Built target ament_cmake_python_symlink_autoware_control_msgs
running egg_info
creating autoware_control_msgs.egg-info
writing autoware_control_msgs.egg-info/PKG-INFO
writing dependency_links to autoware_control_msgs.egg-info/dependency_links.txt
writing top-level names to autoware_control_msgs.egg-info/top_level.txt
writing manifest file 'autoware_control_msgs.egg-info/SOURCES.txt'
reading manifest file 'autoware_control_msgs.egg-info/SOURCES.txt'
writing manifest file 'autoware_control_msgs.egg-info/SOURCES.txt'
[  3%] Built target ament_cmake_python_build_autoware_control_msgs_egg
[  5%] [32mBuilding C object CMakeFiles/autoware_control_msgs__rosidl_generator_c.dir/rosidl_generator_c/autoware_control_msgs/msg/detail/control__functions.c.o[0m
[  7%] [32mBuilding C object CMakeFiles/autoware_control_msgs__rosidl_generator_c.dir/rosidl_generator_c/autoware_control_msgs/msg/detail/control_horizon__functions.c.o[0m
[  9%] [32mBuilding C object CMakeFiles/autoware_control_msgs__rosidl_generator_c.dir/rosidl_generator_c/autoware_control_msgs/msg/detail/longitudinal__functions.c.o[0m
[ 10%] [32mBuilding C object CMakeFiles/autoware_control_msgs__rosidl_generator_c.dir/rosidl_generator_c/autoware_control_msgs/msg/detail/lateral__functions.c.o[0m
[ 12%] [32m[1mLinking C shared library libautoware_control_msgs__rosidl_generator_c.so[0m
[ 12%] Built target autoware_control_msgs__cpp
[ 14%] [34m[1mGenerating C++ type support dispatch for ROS interfaces[0m
[ 16%] [34m[1mGenerating C++ type support for eProsima Fast-RTPS[0m
[ 18%] [34m[1mGenerating C++ introspection for ROS interfaces[0m
[ 18%] Built target autoware_control_msgs__rosidl_generator_c
[ 20%] [34m[1mGenerating C type support for eProsima Fast-RTPS[0m
[ 23%] [34m[1mGenerating C type support dispatch for ROS interfaces[0m
[ 23%] [34m[1mGenerating C introspection for ROS interfaces[0m
[ 27%] [32mBuilding CXX object CMakeFiles/autoware_control_msgs__rosidl_typesupport_cpp.dir/rosidl_typesupport_cpp/autoware_control_msgs/msg/control__type_support.cpp.o[0m
[ 27%] [32mBuilding CXX object CMakeFiles/autoware_control_msgs__rosidl_typesupport_cpp.dir/rosidl_typesupport_cpp/autoware_control_msgs/msg/control_horizon__type_support.cpp.o[0m
[ 29%] [32mBuilding CXX object CMakeFiles/autoware_control_msgs__rosidl_typesupport_cpp.dir/rosidl_typesupport_cpp/autoware_control_msgs/msg/longitudinal__type_support.cpp.o[0m
[ 30%] [32mBuilding CXX object CMakeFiles/autoware_control_msgs__rosidl_typesupport_cpp.dir/rosidl_typesupport_cpp/autoware_control_msgs/msg/lateral__type_support.cpp.o[0m
[ 32%] [32mBuilding CXX object CMakeFiles/autoware_control_msgs__rosidl_typesupport_c.dir/rosidl_typesupport_c/autoware_control_msgs/msg/control__type_support.cpp.o[0m
[ 34%] [32mBuilding CXX object CMakeFiles/autoware_control_msgs__rosidl_typesupport_c.dir/rosidl_typesupport_c/autoware_control_msgs/msg/longitudinal__type_support.cpp.o[0m
[ 36%] [32mBuilding CXX object CMakeFiles/autoware_control_msgs__rosidl_typesupport_c.dir/rosidl_typesupport_c/autoware_control_msgs/msg/lateral__type_support.cpp.o[0m
[ 38%] [32mBuilding CXX object CMakeFiles/autoware_control_msgs__rosidl_typesupport_c.dir/rosidl_typesupport_c/autoware_control_msgs/msg/control_horizon__type_support.cpp.o[0m
[ 40%] [32mBuilding CXX object CMakeFiles/autoware_control_msgs__rosidl_typesupport_fastrtps_cpp.dir/rosidl_typesupport_fastrtps_cpp/autoware_control_msgs/msg/detail/dds_fastrtps/control_horizon__type_support.cpp.o[0m
[ 41%] [32mBuilding CXX object CMakeFiles/autoware_control_msgs__rosidl_typesupport_fastrtps_cpp.dir/rosidl_typesupport_fastrtps_cpp/autoware_control_msgs/msg/detail/dds_fastrtps/longitudinal__type_support.cpp.o[0m
[ 43%] [32mBuilding C object CMakeFiles/autoware_control_msgs__rosidl_typesupport_introspection_c.dir/rosidl_typesupport_introspection_c/autoware_control_msgs/msg/detail/lateral__type_support.c.o[0m
[ 45%] [32mBuilding CXX object CMakeFiles/autoware_control_msgs__rosidl_typesupport_fastrtps_cpp.dir/rosidl_typesupport_fastrtps_cpp/autoware_control_msgs/msg/detail/dds_fastrtps/lateral__type_support.cpp.o[0m
[ 47%] [32mBuilding CXX object CMakeFiles/autoware_control_msgs__rosidl_typesupport_fastrtps_cpp.dir/rosidl_typesupport_fastrtps_cpp/autoware_control_msgs/msg/detail/dds_fastrtps/control__type_support.cpp.o[0m
[ 49%] [32mBuilding C object CMakeFiles/autoware_control_msgs__rosidl_typesupport_introspection_c.dir/rosidl_typesupport_introspection_c/autoware_control_msgs/msg/detail/longitudinal__type_support.c.o[0m
[ 50%] [32mBuilding C object CMakeFiles/autoware_control_msgs__rosidl_typesupport_introspection_c.dir/rosidl_typesupport_introspection_c/autoware_control_msgs/msg/detail/control__type_support.c.o[0m
[ 52%] [32mBuilding C object CMakeFiles/autoware_control_msgs__rosidl_typesupport_introspection_c.dir/rosidl_typesupport_introspection_c/autoware_control_msgs/msg/detail/control_horizon__type_support.c.o[0m
[ 54%] [32mBuilding CXX object CMakeFiles/autoware_control_msgs__rosidl_typesupport_fastrtps_c.dir/rosidl_typesupport_fastrtps_c/autoware_control_msgs/msg/detail/lateral__type_support_c.cpp.o[0m
[ 58%] [32mBuilding CXX object CMakeFiles/autoware_control_msgs__rosidl_typesupport_fastrtps_c.dir/rosidl_typesupport_fastrtps_c/autoware_control_msgs/msg/detail/longitudinal__type_support_c.cpp.o[0m
[ 58%] [32mBuilding CXX object CMakeFiles/autoware_control_msgs__rosidl_typesupport_fastrtps_c.dir/rosidl_typesupport_fastrtps_c/autoware_control_msgs/msg/detail/control__type_support_c.cpp.o[0m
[ 60%] [32mBuilding CXX object CMakeFiles/autoware_control_msgs__rosidl_typesupport_fastrtps_c.dir/rosidl_typesupport_fastrtps_c/autoware_control_msgs/msg/detail/control_horizon__type_support_c.cpp.o[0m
[ 61%] [32m[1mLinking CXX shared library libautoware_control_msgs__rosidl_typesupport_c.so[0m
[ 63%] [32m[1mLinking C shared library libautoware_control_msgs__rosidl_typesupport_introspection_c.so[0m
[ 63%] Built target autoware_control_msgs__rosidl_typesupport_introspection_c
[ 63%] Built target autoware_control_msgs__rosidl_typesupport_c
[ 65%] [32mBuilding CXX object CMakeFiles/autoware_control_msgs__rosidl_typesupport_introspection_cpp.dir/rosidl_typesupport_introspection_cpp/autoware_control_msgs/msg/detail/control__type_support.cpp.o[0m
[ 67%] [32mBuilding CXX object CMakeFiles/autoware_control_msgs__rosidl_typesupport_introspection_cpp.dir/rosidl_typesupport_introspection_cpp/autoware_control_msgs/msg/detail/longitudinal__type_support.cpp.o[0m
[ 69%] [32mBuilding CXX object CMakeFiles/autoware_control_msgs__rosidl_typesupport_introspection_cpp.dir/rosidl_typesupport_introspection_cpp/autoware_control_msgs/msg/detail/control_horizon__type_support.cpp.o[0m
[ 70%] [32mBuilding CXX object CMakeFiles/autoware_control_msgs__rosidl_typesupport_introspection_cpp.dir/rosidl_typesupport_introspection_cpp/autoware_control_msgs/msg/detail/lateral__type_support.cpp.o[0m
[ 72%] [32m[1mLinking CXX shared library libautoware_control_msgs__rosidl_typesupport_cpp.so[0m
[ 72%] Built target autoware_control_msgs__rosidl_typesupport_cpp
[ 74%] [32m[1mLinking CXX shared library libautoware_control_msgs__rosidl_typesupport_fastrtps_cpp.so[0m
[ 76%] [32m[1mLinking CXX shared library libautoware_control_msgs__rosidl_typesupport_fastrtps_c.so[0m
[ 76%] Built target autoware_control_msgs__rosidl_typesupport_fastrtps_cpp
[ 76%] Built target autoware_control_msgs__rosidl_typesupport_fastrtps_c
[ 78%] [32m[1mLinking CXX shared library libautoware_control_msgs__rosidl_typesupport_introspection_cpp.so[0m
gmake[2]: *** [CMakeFiles/autoware_control_msgs__rosidl_typesupport_introspection_cpp.dir/build.make:188: libautoware_control_msgs__rosidl_typesupport_introspection_cpp.so] Interrupt
gmake[1]: *** [CMakeFiles/Makefile2:369: CMakeFiles/autoware_control_msgs__rosidl_typesupport_introspection_cpp.dir/all] Interrupt
gmake: *** [Makefile:146: all] Interrupt
