running develop
running egg_info
creating localization.egg-info
writing localization.egg-info/PKG-INFO
writing dependency_links to localization.egg-info/dependency_links.txt
writing entry points to localization.egg-info/entry_points.txt
writing requirements to localization.egg-info/requires.txt
writing top-level names to localization.egg-info/top_level.txt
writing manifest file 'localization.egg-info/SOURCES.txt'
reading manifest file 'localization.egg-info/SOURCES.txt'
writing manifest file 'localization.egg-info/SOURCES.txt'
running build_ext
Creating /workspace/simpleav/20251204/src/simple_av/install/localization/lib/python3.10/site-packages/localization.egg-link (link to .)
Installing intersection_detector script to /workspace/simpleav/20251204/src/simple_av/install/localization/lib/localization
Installing localization script to /workspace/simpleav/20251204/src/simple_av/install/localization/lib/localization

Installed /workspace/simpleav/20251204/src/simple_av/build/localization
running symlink_data
creating /workspace/simpleav/20251204/src/simple_av/install/localization/share/ament_index
creating /workspace/simpleav/20251204/src/simple_av/install/localization/share/ament_index/resource_index
creating /workspace/simpleav/20251204/src/simple_av/install/localization/share/ament_index/resource_index/packages
symbolically linking /workspace/simpleav/20251204/src/simple_av/build/localization/resource/localization -> /workspace/simpleav/20251204/src/simple_av/install/localization/share/ament_index/resource_index/packages
symbolically linking /workspace/simpleav/20251204/src/simple_av/build/localization/package.xml -> /workspace/simpleav/20251204/src/simple_av/install/localization/share/localization
creating /workspace/simpleav/20251204/src/simple_av/install/localization/share/localization/launch
symbolically linking /workspace/simpleav/20251204/src/simple_av/build/localization/launch/localization_launcher.py -> /workspace/simpleav/20251204/src/simple_av/install/localization/share/localization/launch
