[2.485s] Invoking command in '/workspace/simpleav/20251204/src/simple_av/build/localization': PYTHONPATH=/workspace/simpleav/20251204/src/simple_av/build/localization/prefix_override:/usr/lib/python3/dist-packages/colcon_core/task/python/colcon_distutils_commands:/workspace/simpleav/20251204/src/simple_av/install/localization/lib/python3.10/site-packages:${PYTHONPATH} /usr/bin/python3 -W ignore:setup.py install is deprecated -W ignore:easy_install command is deprecated setup.py develop --editable --build-directory /workspace/simpleav/20251204/src/simple_av/build/localization/build --no-deps symlink_data
[2.893s] running develop
[3.165s] running egg_info
[3.166s] creating localization.egg-info
[3.166s] writing localization.egg-info/PKG-INFO
[3.166s] writing dependency_links to localization.egg-info/dependency_links.txt
[3.166s] writing entry points to localization.egg-info/entry_points.txt
[3.166s] writing requirements to localization.egg-info/requires.txt
[3.167s] writing top-level names to localization.egg-info/top_level.txt
[3.167s] writing manifest file 'localization.egg-info/SOURCES.txt'
[3.168s] reading manifest file 'localization.egg-info/SOURCES.txt'
[3.169s] writing manifest file 'localization.egg-info/SOURCES.txt'
[3.228s] running build_ext
[3.228s] Creating /workspace/simpleav/20251204/src/simple_av/install/localization/lib/python3.10/site-packages/localization.egg-link (link to .)
[3.233s] Installing intersection_detector script to /workspace/simpleav/20251204/src/simple_av/install/localization/lib/localization
[3.233s] Installing localization script to /workspace/simpleav/20251204/src/simple_av/install/localization/lib/localization
[3.233s] 
[3.234s] Installed /workspace/simpleav/20251204/src/simple_av/build/localization
[3.234s] running symlink_data
[3.234s] creating /workspace/simpleav/20251204/src/simple_av/install/localization/share/ament_index
[3.234s] creating /workspace/simpleav/20251204/src/simple_av/install/localization/share/ament_index/resource_index
[3.234s] creating /workspace/simpleav/20251204/src/simple_av/install/localization/share/ament_index/resource_index/packages
[3.234s] symbolically linking /workspace/simpleav/20251204/src/simple_av/build/localization/resource/localization -> /workspace/simpleav/20251204/src/simple_av/install/localization/share/ament_index/resource_index/packages
[3.235s] symbolically linking /workspace/simpleav/20251204/src/simple_av/build/localization/package.xml -> /workspace/simpleav/20251204/src/simple_av/install/localization/share/localization
[3.235s] creating /workspace/simpleav/20251204/src/simple_av/install/localization/share/localization/launch
[3.235s] symbolically linking /workspace/simpleav/20251204/src/simple_av/build/localization/launch/localization_launcher.py -> /workspace/simpleav/20251204/src/simple_av/install/localization/share/localization/launch
[3.274s] Invoked command in '/workspace/simpleav/20251204/src/simple_av/build/localization' returned '0': PYTHONPATH=/workspace/simpleav/20251204/src/simple_av/build/localization/prefix_override:/usr/lib/python3/dist-packages/colcon_core/task/python/colcon_distutils_commands:/workspace/simpleav/20251204/src/simple_av/install/localization/lib/python3.10/site-packages:${PYTHONPATH} /usr/bin/python3 -W ignore:setup.py install is deprecated -W ignore:easy_install command is deprecated setup.py develop --editable --build-directory /workspace/simpleav/20251204/src/simple_av/build/localization/build --no-deps symlink_data
