gmake[2]: *** Deleting file 'rosidl_typesupport_fastrtps_c/autoware_map_msgs/msg/detail/area_info__rosidl_typesupport_fastrtps_c.h'
gmake[2]: *** Deleting file 'rosidl_typesupport_cpp/autoware_map_msgs/msg/area_info__type_support.cpp'
gmake[2]: *** Deleting file 'rosidl_typesupport_fastrtps_cpp/autoware_map_msgs/msg/detail/dds_fastrtps/area_info__type_support.cpp'
Traceback (most recent call last):
Traceback (most recent call last):
  File "/opt/ros/humble/lib/rosidl_typesupport_cpp/rosidl_typesupport_cpp", line 28, in <module>
    sys.exit(main())
  File "/opt/ros/humble/lib/rosidl_typesupport_cpp/rosidl_typesupport_cpp", line 24, in main
gmake[2]: *** Deleting file 'rosidl_typesupport_introspection_cpp/autoware_map_msgs/msg/detail/area_info__rosidl_typesupport_introspection_cpp.hpp'
    generate_cpp(args.generator_arguments_file, args.typesupports)
  File "/opt/ros/humble/local/lib/python3.10/dist-packages/rosidl_typesupport_cpp/__init__.py", line 28, in generate_cpp
    return generate_files(
  File "/opt/ros/humble/local/lib/python3.10/dist-packages/rosidl_cmake/__init__.py", line 74, in generate_files
gmake[2]: *** Deleting file 'rosidl_typesupport_c/autoware_map_msgs/msg/area_info__type_support.cpp'
  File "/opt/ros/humble/lib/rosidl_typesupport_c/rosidl_typesupport_c", line 28, in <module>
    sys.exit(main())
  File "/opt/ros/humble/lib/rosidl_typesupport_c/rosidl_typesupport_c", line 24, in main
    generate_c(args.generator_arguments_file, args.typesupports)
  File "/opt/ros/humble/local/lib/python3.10/dist-packages/rosidl_typesupport_c/__init__.py", line 28, in generate_c
    return generate_files(
  File "/opt/ros/humble/local/lib/python3.10/dist-packages/rosidl_cmake/__init__.py", line 74, in generate_files
    idl_file = parse_idl_file(locator)
    idl_file = parse_idl_file(locator)
  File "/opt/ros/humble/local/lib/python3.10/dist-packages/rosidl_parser/parser.py", line 64, in parse_idl_file
    content = parse_idl_string(string, png_file=png_file)
  File "/opt/ros/humble/local/lib/python3.10/dist-packages/rosidl_parser/parser.py", line 72, in parse_idl_string
    tree = get_ast_from_idl_string(idl_string)
  File "/opt/ros/humble/local/lib/python3.10/dist-packages/rosidl_parser/parser.py", line 89, in get_ast_from_idl_string
    return _parser.parse(idl_string)
  File "/home/tlab/.local/lib/python3.10/site-packages/lark/lark.py", line 677, in parse
Traceback (most recent call last):
  File "/opt/ros/humble/lib/rosidl_typesupport_fastrtps_cpp/rosidl_typesupport_fastrtps_cpp", line 23, in <module>
    sys.exit(main())
  File "/opt/ros/humble/lib/rosidl_typesupport_fastrtps_cpp/rosidl_typesupport_fastrtps_cpp", line 19, in main
    generate_cpp(args.generator_arguments_file)
  File "/opt/ros/humble/local/lib/python3.10/dist-packages/rosidl_typesupport_fastrtps_cpp/__init__.py", line 24, in generate_cpp
    return self.parser.parse(text, start=start, on_error=on_error)
  File "/home/tlab/.local/lib/python3.10/site-packages/lark/parser_frontends.py", line 131, in parse
    return self.parser.parse(stream, chosen_start, **kw)
  File "/home/tlab/.local/lib/python3.10/site-packages/lark/parsers/earley.py", line 309, in parse
gmake[2]: *** Deleting file 'rosidl_typesupport_introspection_c/autoware_map_msgs/msg/detail/area_info__rosidl_typesupport_introspection_c.h'
  File "/opt/ros/humble/local/lib/python3.10/dist-packages/rosidl_parser/parser.py", line 64, in parse_idl_file
    content = parse_idl_string(string, png_file=png_file)
  File "/opt/ros/humble/local/lib/python3.10/dist-packages/rosidl_parser/parser.py", line 72, in parse_idl_string
    tree = get_ast_from_idl_string(idl_string)
  File "/opt/ros/humble/local/lib/python3.10/dist-packages/rosidl_parser/parser.py", line 89, in get_ast_from_idl_string
    return _parser.parse(idl_string)
  File "/home/tlab/.local/lib/python3.10/site-packages/lark/lark.py", line 677, in parse
    return self.parser.parse(text, start=start, on_error=on_error)
  File "/home/tlab/.local/lib/python3.10/site-packages/lark/parser_frontends.py", line 131, in parse
    return self.parser.parse(stream, chosen_start, **kw)
  File "/home/tlab/.local/lib/python3.10/site-packages/lark/parsers/earley.py", line 309, in parse
    return transformer.transform(solution)
  File "/home/tlab/.local/lib/python3.10/site-packages/lark/parsers/earley_forest.py", line 392, in transform
    return transformer.transform(solution)
  File "/home/tlab/.local/lib/python3.10/site-packages/lark/parsers/earley_forest.py", line 392, in transform
    self.visit(root)
  File "/home/tlab/.local/lib/python3.10/site-packages/lark/parsers/earley_forest.py", line 529, in visit
    super(ForestToParseTree, self).visit(root)
  File "/home/tlab/.local/lib/python3.10/site-packages/lark/parsers/earley_forest.py", line 305, in visit
    current = next(reversed(input_stack))
KeyboardInterrupt
    return generate_files(generator_arguments_file, mapping)
  File "/opt/ros/humble/local/lib/python3.10/dist-packages/rosidl_cmake/__init__.py", line 87, in generate_files
    expand_template(
  File "/opt/ros/humble/local/lib/python3.10/dist-packages/rosidl_cmake/__init__.py", line 149, in expand_template
    self.visit(root)
  File "/home/tlab/.local/lib/python3.10/site-packages/lark/parsers/earley_forest.py", line 528, in visit
    interpreter.string(template_content, template_path, locals=data)
  File "/usr/lib/python3/dist-packages/em.py", line 2391, in string
    self.prioritizer.visit(root)
  File "/home/tlab/.local/lib/python3.10/site-packages/lark/parsers/earley_forest.py", line 332, in visit
    if isinstance(current, PackedNode):
KeyboardInterrupt
    self.safe(scanner, True, locals)
  File "/usr/lib/python3/dist-packages/em.py", line 2401, in safe
    self.parse(scanner, locals)
  File "/usr/lib/python3/dist-packages/em.py", line 2421, in parse
    token.run(self, locals)
  File "/usr/lib/python3/dist-packages/em.py", line 1425, in run
    interpreter.execute(self.code, locals)
  File "/usr/lib/python3/dist-packages/em.py", line 2596, in execute
    _exec(statements, self.globals, locals)
  File "<string>", line 10, in <module>
Traceback (most recent call last):
  File "/opt/ros/humble/lib/rosidl_typesupport_introspection_cpp/rosidl_typesupport_introspection_cpp", line 31, in <module>
  File "/opt/ros/humble/local/lib/python3.10/dist-packages/rosidl_cmake/__init__.py", line 198, in _expand_template
    interpreter.string(content, str(template_path), kwargs)
  File "/usr/lib/python3/dist-packages/em.py", line 2391, in string
    sys.exit(main())
  File "/opt/ros/humble/lib/rosidl_typesupport_introspection_cpp/rosidl_typesupport_introspection_cpp", line 27, in main
    generate_cpp(args.generator_arguments_file)
  File "/opt/ros/humble/local/lib/python3.10/dist-packages/rosidl_typesupport_introspection_cpp/__init__.py", line 31, in generate_cpp
    return generate_files(generator_arguments_file, mapping)
  File "/opt/ros/humble/local/lib/python3.10/dist-packages/rosidl_cmake/__init__.py", line 87, in generate_files
    expand_template(
  File "/opt/ros/humble/local/lib/python3.10/dist-packages/rosidl_cmake/__init__.py", line 149, in expand_template
    interpreter.string(template_content, template_path, locals=data)
  File "/usr/lib/python3/dist-packages/em.py", line 2391, in string
    self.safe(scanner, True, locals)
  File "/usr/lib/python3/dist-packages/em.py", line 2401, in safe
    self.safe(scanner, True, locals)
  File "/usr/lib/python3/dist-packages/em.py", line 2401, in safe
    self.parse(scanner, locals)
  File "/usr/lib/python3/dist-packages/em.py", line 2421, in parse
    self.parse(scanner, locals)
  File "/usr/lib/python3/dist-packages/em.py", line 2420, in parse
    token.run(self, locals)
  File "/usr/lib/python3/dist-packages/em.py", line 1547, in run
    self.invoke('atToken', token=token)
  File "/usr/lib/python3/dist-packages/em.py", line 2636, in invoke
    self.subrun(info[0][1], interpreter, locals)
  File "/usr/lib/python3/dist-packages/em.py", line 1631, in subrun
    token.run(interpreter, locals)
  File "/usr/lib/python3/dist-packages/em.py", line 1425, in run
    interpreter.execute(self.code, locals)
  File "/usr/lib/python3/dist-packages/em.py", line 2596, in execute
    if self.hooksEnabled:
KeyboardInterrupt
    _exec(statements, self.globals, locals)
  File "<string>", line 2, in <module>
  File "/opt/ros/humble/local/lib/python3.10/dist-packages/rosidl_cmake/__init__.py", line 198, in _expand_template
    interpreter.string(content, str(template_path), kwargs)
  File "/usr/lib/python3/dist-packages/em.py", line 2391, in string
    self.safe(scanner, True, locals)
  File "/usr/lib/python3/dist-packages/em.py", line 2401, in safe
    self.parse(scanner, locals)
  File "/usr/lib/python3/dist-packages/em.py", line 2417, in parse
    token = scanner.one()
  File "/usr/lib/python3/dist-packages/em.py", line 1984, in one
Traceback (most recent call last):
  File "/opt/ros/humble/lib/rosidl_typesupport_fastrtps_c/rosidl_typesupport_fastrtps_c", line 33, in <module>
    token.scan(self)
  File "/usr/lib/python3/dist-packages/em.py", line 1309, in scan
    sys.exit(main())
  File "/opt/ros/humble/lib/rosidl_typesupport_fastrtps_c/rosidl_typesupport_fastrtps_c", line 29, in main
    generate_typesupport_fastrtps_c(args.generator_arguments_file)
  File "/opt/ros/humble/local/lib/python3.10/dist-packages/rosidl_typesupport_fastrtps_c/__init__.py", line 24, in generate_typesupport_fastrtps_c
    return generate_files(generator_arguments_file, mapping)
  File "/opt/ros/humble/local/lib/python3.10/dist-packages/rosidl_cmake/__init__.py", line 74, in generate_files
    idl_file = parse_idl_file(locator)
    z = scanner.complex('(', ')', 0)
  File "/opt/ros/humble/local/lib/python3.10/dist-packages/rosidl_parser/parser.py", line 64, in parse_idl_file
  File "/usr/lib/python3/dist-packages/em.py", line 1893, in complex
    content = parse_idl_string(string, png_file=png_file)
  File "/opt/ros/humble/local/lib/python3.10/dist-packages/rosidl_parser/parser.py", line 72, in parse_idl_string
    tree = get_ast_from_idl_string(idl_string)
  File "/opt/ros/humble/local/lib/python3.10/dist-packages/rosidl_parser/parser.py", line 89, in get_ast_from_idl_string
    return _parser.parse(idl_string)
  File "/home/tlab/.local/lib/python3.10/site-packages/lark/lark.py", line 677, in parse
    newQuote = self.check(i, quote)
  File "/usr/lib/python3/dist-packages/em.py", line 1766, in check
    return self.parser.parse(text, start=start, on_error=on_error)
  File "/home/tlab/.local/lib/python3.10/site-packages/lark/parser_frontends.py", line 131, in parse
    return self.parser.parse(stream, chosen_start, **kw)
  File "/home/tlab/.local/lib/python3.10/site-packages/lark/parsers/earley.py", line 280, in parse
    if self[i] in '\'\"':
  File "/usr/lib/python3/dist-packages/em.py", line 1683, in __getitem__
    to_scan = self._parse(lexer, columns, to_scan, start_symbol)
  File "/home/tlab/.local/lib/python3.10/site-packages/lark/parsers/xearley.py", line 151, in _parse
    self.predict_and_complete(i, to_scan, columns, transitives, node_cache)
  File "/home/tlab/.local/lib/python3.10/site-packages/lark/parsers/earley.py", line 134, in predict_and_complete
    originators = [originator for originator in columns[item.start] if originator.expect is not None and originator.expect == item.s]
  File "/home/tlab/.local/lib/python3.10/site-packages/lark/parsers/earley.py", line 134, in <listcomp>
    originators = [originator for originator in columns[item.start] if originator.expect is not None and originator.expect == item.s]
    if isinstance(index, slice):
  File "/home/tlab/.local/lib/python3.10/site-packages/lark/grammar.py", line 21, in __eq__
KeyboardInterrupt
    return self.is_term == other.is_term and self.name == other.name
  File "/home/tlab/.local/lib/python3.10/site-packages/lark/lexer.py", line 265, in __eq__
    def __eq__(self, other):
KeyboardInterrupt
Traceback (most recent call last):
  File "/opt/ros/humble/lib/rosidl_typesupport_introspection_c/rosidl_typesupport_introspection_c", line 31, in <module>
    sys.exit(main())
  File "/opt/ros/humble/lib/rosidl_typesupport_introspection_c/rosidl_typesupport_introspection_c", line 27, in main
    generate_c(args.generator_arguments_file)
  File "/opt/ros/humble/local/lib/python3.10/dist-packages/rosidl_typesupport_introspection_c/__init__.py", line 31, in generate_c
    return generate_files(generator_arguments_file, mapping)
  File "/opt/ros/humble/local/lib/python3.10/dist-packages/rosidl_cmake/__init__.py", line 87, in generate_files
    expand_template(
  File "/opt/ros/humble/local/lib/python3.10/dist-packages/rosidl_cmake/__init__.py", line 149, in expand_template
    interpreter.string(template_content, template_path, locals=data)
  File "/usr/lib/python3/dist-packages/em.py", line 2391, in string
    self.safe(scanner, True, locals)
  File "/usr/lib/python3/dist-packages/em.py", line 2401, in safe
    self.parse(scanner, locals)
  File "/usr/lib/python3/dist-packages/em.py", line 2421, in parse
    token.run(self, locals)
  File "/usr/lib/python3/dist-packages/em.py", line 1547, in run
    self.subrun(info[0][1], interpreter, locals)
  File "/usr/lib/python3/dist-packages/em.py", line 1631, in subrun
    token.run(interpreter, locals)
  File "/usr/lib/python3/dist-packages/em.py", line 1425, in run
    interpreter.execute(self.code, locals)
  File "/usr/lib/python3/dist-packages/em.py", line 2596, in execute
    _exec(statements, self.globals, locals)
  File "<string>", line 2, in <module>
  File "/opt/ros/humble/local/lib/python3.10/dist-packages/rosidl_cmake/__init__.py", line 198, in _expand_template
    interpreter.string(content, str(template_path), kwargs)
  File "/usr/lib/python3/dist-packages/em.py", line 2391, in string
    self.safe(scanner, True, locals)
  File "/usr/lib/python3/dist-packages/em.py", line 2401, in safe
    self.parse(scanner, locals)
  File "/usr/lib/python3/dist-packages/em.py", line 2417, in parse
    token = scanner.one()
  File "/usr/lib/python3/dist-packages/em.py", line 1984, in one
    token.scan(self)
  File "/usr/lib/python3/dist-packages/em.py", line 1421, in scan
    i = scanner.complex('{', '}', 0)
  File "/usr/lib/python3/dist-packages/em.py", line 1892, in complex
    while i < end:
KeyboardInterrupt
Exception ignored in: <function Interpreter.__del__ at 0x74a7e1e00ee0>
Traceback (most recent call last):
  File "/usr/lib/python3/dist-packages/em.py", line 2094, in __del__
  File "/usr/lib/python3/dist-packages/em.py", line 2157, in shutdown
  File "/usr/lib/python3/dist-packages/em.py", line 2647, in finalize
  File "/usr/lib/python3/dist-packages/em.py", line 2200, in push
AttributeError: '_io.TextIOWrapper' object has no attribute 'push'
Exception ignored in: <function Interpreter.__del__ at 0x735432848f70>
Traceback (most recent call last):
  File "/usr/lib/python3/dist-packages/em.py", line 2094, in __del__
  File "/usr/lib/python3/dist-packages/em.py", line 2157, in shutdown
  File "/usr/lib/python3/dist-packages/em.py", line 2647, in finalize
  File "/usr/lib/python3/dist-packages/em.py", line 2200, in push
AttributeError: '_io.TextIOWrapper' object has no attribute 'push'
Exception ignored in: <function Interpreter.__del__ at 0x78dd76a00ee0>
Traceback (most recent call last):
  File "/usr/lib/python3/dist-packages/em.py", line 2094, in __del__
  File "/usr/lib/python3/dist-packages/em.py", line 2157, in shutdown
  File "/usr/lib/python3/dist-packages/em.py", line 2647, in finalize
  File "/usr/lib/python3/dist-packages/em.py", line 2200, in push
AttributeError: '_io.TextIOWrapper' object has no attribute 'push'
gmake[2]: *** [CMakeFiles/autoware_map_msgs__rosidl_typesupport_introspection_cpp.dir/build.make:205: rosidl_typesupport_introspection_cpp/autoware_map_msgs/msg/detail/area_info__rosidl_typesupport_introspection_cpp.hpp] Interrupt
gmake[2]: *** [CMakeFiles/autoware_map_msgs__rosidl_typesupport_fastrtps_cpp.dir/build.make:205: rosidl_typesupport_fastrtps_cpp/autoware_map_msgs/msg/detail/dds_fastrtps/area_info__type_support.cpp] Interrupt
gmake[1]: *** [CMakeFiles/Makefile2:290: CMakeFiles/autoware_map_msgs__rosidl_typesupport_fastrtps_cpp.dir/all] Interrupt
gmake[1]: *** [CMakeFiles/Makefile2:368: CMakeFiles/autoware_map_msgs__rosidl_typesupport_introspection_cpp.dir/all] Interrupt
gmake[2]: *** [CMakeFiles/autoware_map_msgs__rosidl_typesupport_cpp.dir/build.make:203: rosidl_typesupport_cpp/autoware_map_msgs/msg/area_info__type_support.cpp] Interrupt
gmake[1]: *** [CMakeFiles/Makefile2:394: CMakeFiles/autoware_map_msgs__rosidl_typesupport_cpp.dir/all] Interrupt
gmake[2]: *** [CMakeFiles/autoware_map_msgs__rosidl_typesupport_c.dir/build.make:203: rosidl_typesupport_c/autoware_map_msgs/msg/area_info__type_support.cpp] Interrupt
gmake[2]: *** [CMakeFiles/autoware_map_msgs__rosidl_typesupport_introspection_c.dir/build.make:205: rosidl_typesupport_introspection_c/autoware_map_msgs/msg/detail/area_info__rosidl_typesupport_introspection_c.h] Interrupt
gmake[1]: *** [CMakeFiles/Makefile2:342: CMakeFiles/autoware_map_msgs__rosidl_typesupport_c.dir/all] Interrupt
gmake[2]: *** [CMakeFiles/autoware_map_msgs__rosidl_typesupport_fastrtps_c.dir/build.make:205: rosidl_typesupport_fastrtps_c/autoware_map_msgs/msg/detail/area_info__rosidl_typesupport_fastrtps_c.h] Interrupt
gmake[1]: *** [CMakeFiles/Makefile2:238: CMakeFiles/autoware_map_msgs__rosidl_typesupport_fastrtps_c.dir/all] Interrupt
gmake[1]: *** [CMakeFiles/Makefile2:316: CMakeFiles/autoware_map_msgs__rosidl_typesupport_introspection_c.dir/all] Interrupt
gmake: *** [Makefile:146: all] Interrupt
