gmake[2]: *** [CMakeFiles/autoware_planning_msgs__rosidl_typesupport_fastrtps_cpp.dir/build.make:296: CMakeFiles/autoware_planning_msgs__rosidl_typesupport_fastrtps_cpp.dir/rosidl_typesupport_fastrtps_cpp/autoware_planning_msgs/msg/detail/dds_fastrtps/trajectory_point__type_support.cpp.o] Interrupt
gmake[2]: *** [CMakeFiles/autoware_planning_msgs__rosidl_typesupport_introspection_cpp.dir/build.make:226: CMakeFiles/autoware_planning_msgs__rosidl_typesupport_introspection_cpp.dir/rosidl_typesupport_introspection_cpp/autoware_planning_msgs/msg/detail/lanelet_primitive__type_support.cpp.o] Interrupt
gmake[2]: *** [CMakeFiles/autoware_planning_msgs__rosidl_typesupport_introspection_c.dir/build.make:405: libautoware_planning_msgs__rosidl_typesupport_introspection_c.so] Interrupt
gmake[2]: *** [CMakeFiles/autoware_planning_msgs__rosidl_typesupport_fastrtps_cpp.dir/build.make:268: CMakeFiles/autoware_planning_msgs__rosidl_typesupport_fastrtps_cpp.dir/rosidl_typesupport_fastrtps_cpp/autoware_planning_msgs/msg/detail/dds_fastrtps/pose_with_uuid_stamped__type_support.cpp.o] Interrupt
gmake[2]: *** [CMakeFiles/autoware_planning_msgs__rosidl_typesupport_introspection_cpp.dir/build.make:268: CMakeFiles/autoware_planning_msgs__rosidl_typesupport_introspection_cpp.dir/rosidl_typesupport_introspection_cpp/autoware_planning_msgs/msg/detail/pose_with_uuid_stamped__type_support.cpp.o] Interrupt
gmake[1]: *** [CMakeFiles/Makefile2:265: CMakeFiles/autoware_planning_msgs__rosidl_typesupport_introspection_c.dir/all] Interrupt
gmake[2]: *** [CMakeFiles/autoware_planning_msgs__rosidl_typesupport_introspection_cpp.dir/build.make:338: CMakeFiles/autoware_planning_msgs__rosidl_typesupport_introspection_cpp.dir/rosidl_typesupport_introspection_cpp/autoware_planning_msgs/msg/detail/path_with_lane_id__type_support.cpp.o] Interrupt
gmake[2]: *** [CMakeFiles/autoware_planning_msgs__rosidl_typesupport_introspection_cpp.dir/build.make:324: CMakeFiles/autoware_planning_msgs__rosidl_typesupport_introspection_cpp.dir/rosidl_typesupport_introspection_cpp/autoware_planning_msgs/msg/detail/path_point__type_support.cpp.o] Interrupt
gmake[2]: *** [CMakeFiles/autoware_planning_msgs__rosidl_typesupport_introspection_cpp.dir/build.make:310: CMakeFiles/autoware_planning_msgs__rosidl_typesupport_introspection_cpp.dir/rosidl_typesupport_introspection_cpp/autoware_planning_msgs/msg/detail/path__type_support.cpp.o] Interrupt
gmake[2]: *** [CMakeFiles/autoware_planning_msgs__rosidl_typesupport_cpp.dir/build.make:368: libautoware_planning_msgs__rosidl_typesupport_cpp.so] Interrupt
gmake[2]: *** [CMakeFiles/autoware_planning_msgs__rosidl_typesupport_introspection_cpp.dir/build.make:282: CMakeFiles/autoware_planning_msgs__rosidl_typesupport_introspection_cpp.dir/rosidl_typesupport_introspection_cpp/autoware_planning_msgs/msg/detail/trajectory__type_support.cpp.o] Interrupt
gmake[1]: *** [CMakeFiles/Makefile2:395: CMakeFiles/autoware_planning_msgs__rosidl_typesupport_cpp.dir/all] Interrupt
gmake[2]: *** [CMakeFiles/autoware_planning_msgs__rosidl_typesupport_fastrtps_cpp.dir/build.make:240: CMakeFiles/autoware_planning_msgs__rosidl_typesupport_fastrtps_cpp.dir/rosidl_typesupport_fastrtps_cpp/autoware_planning_msgs/msg/detail/dds_fastrtps/lanelet_route__type_support.cpp.o] Interrupt
gmake[2]: *** [CMakeFiles/autoware_planning_msgs__rosidl_typesupport_fastrtps_cpp.dir/build.make:310: CMakeFiles/autoware_planning_msgs__rosidl_typesupport_fastrtps_cpp.dir/rosidl_typesupport_fastrtps_cpp/autoware_planning_msgs/msg/detail/dds_fastrtps/path__type_support.cpp.o] Interrupt
gmake[2]: *** [CMakeFiles/autoware_planning_msgs__rosidl_typesupport_fastrtps_cpp.dir/build.make:352: CMakeFiles/autoware_planning_msgs__rosidl_typesupport_fastrtps_cpp.dir/rosidl_typesupport_fastrtps_cpp/autoware_planning_msgs/msg/detail/dds_fastrtps/path_point_with_lane_id__type_support.cpp.o] Interrupt
gmake[2]: *** [CMakeFiles/autoware_planning_msgs__rosidl_typesupport_fastrtps_cpp.dir/build.make:338: CMakeFiles/autoware_planning_msgs__rosidl_typesupport_fastrtps_cpp.dir/rosidl_typesupport_fastrtps_cpp/autoware_planning_msgs/msg/detail/dds_fastrtps/path_with_lane_id__type_support.cpp.o] Interrupt
gmake[1]: *** [CMakeFiles/Makefile2:343: CMakeFiles/autoware_planning_msgs__rosidl_typesupport_fastrtps_cpp.dir/all] Interrupt
gmake[2]: *** [CMakeFiles/autoware_planning_msgs__rosidl_typesupport_introspection_cpp.dir/build.make:240: CMakeFiles/autoware_planning_msgs__rosidl_typesupport_introspection_cpp.dir/rosidl_typesupport_introspection_cpp/autoware_planning_msgs/msg/detail/lanelet_route__type_support.cpp.o] Interrupt
gmake[1]: *** [CMakeFiles/Makefile2:369: CMakeFiles/autoware_planning_msgs__rosidl_typesupport_introspection_cpp.dir/all] Interrupt
gmake[1]: *** wait: No child processes.  Stop.
gmake[1]: *** Waiting for unfinished jobs....
gmake[1]: *** wait: No child processes.  Stop.
gmake: *** [Makefile:146: all] Error 2
