[0.180s] Invoking command in '/workspace/simpleav/20251204/src/simple_av/build/autoware_planning_msgs': CMAKE_PREFIX_PATH=${CMAKE_PREFIX_PATH}:/workspace/simpleav/20251204/install/system:/workspace/simpleav/20251204/install/simple_av_logger:/workspace/simpleav/20251204/install/simple_av:/workspace/simpleav/20251204/install/planning:/workspace/simpleav/20251204/install/perception:/workspace/simpleav/20251204/install/localization:/workspace/simpleav/20251204/install/control:/workspace/simpleav/20251204/install/common:/opt/ros/humble /usr/bin/cmake /workspace/simpleav/20251204/src/simple_av/src/messages/autoware_msgs/autoware_planning_msgs -DAMENT_CMAKE_SYMLINK_INSTALL=1 -DCMAKE_INSTALL_PREFIX=/workspace/simpleav/20251204/src/simple_av/install/autoware_planning_msgs
[1.526s] -- The C compiler identification is GNU 11.4.0
[1.526s] -- The CXX compiler identification is GNU 11.4.0
[1.527s] -- Detecting C compiler ABI info
[1.527s] -- Detecting C compiler ABI info - done
[1.527s] -- Check for working C compiler: /usr/lib/ccache/gcc - skipped
[1.527s] -- Detecting C compile features
[1.527s] -- Detecting C compile features - done
[1.527s] -- Detecting CXX compiler ABI info
[1.527s] -- Detecting CXX compiler ABI info - done
[1.527s] -- Check for working CXX compiler: /usr/lib/ccache/g++ - skipped
[1.527s] -- Detecting CXX compile features
[1.528s] -- Detecting CXX compile features - done
[1.528s] -- Found ament_cmake_auto: 1.3.11 (/opt/ros/humble/share/ament_cmake_auto/cmake)
[1.528s] -- Found Python3: /usr/bin/python3 (found version "3.10.12") found components: Interpreter 
[1.530s] -- Override CMake install command with custom implementation using symlinks instead of copying resources
[1.840s] -- Using all available rosidl_typesupport_c: rosidl_typesupport_fastrtps_c;rosidl_typesupport_introspection_c
[1.867s] -- Found rosidl_adapter: 3.1.6 (/opt/ros/humble/share/rosidl_adapter/cmake)
[1.986s] -- Using all available rosidl_typesupport_cpp: rosidl_typesupport_fastrtps_cpp;rosidl_typesupport_introspection_cpp
[2.653s] -- Found ament_cmake_cppcheck: 0.12.11 (/opt/ros/humble/share/ament_cmake_cppcheck/cmake)
[2.663s] -- Found ament_cmake_cpplint: 0.12.11 (/opt/ros/humble/share/ament_cmake_cpplint/cmake)
[2.673s] -- Found ament_cmake_uncrustify: 0.12.11 (/opt/ros/humble/share/ament_cmake_uncrustify/cmake)
[2.683s] -- Found ament_cmake_ros: 0.10.0 (/opt/ros/humble/share/ament_cmake_ros/cmake)
[3.154s] -- Using all available rosidl_typesupport_c: rosidl_typesupport_fastrtps_c;rosidl_typesupport_introspection_c
[3.749s] -- Using all available rosidl_typesupport_cpp: rosidl_typesupport_fastrtps_cpp;rosidl_typesupport_introspection_cpp
[3.799s] -- Found PythonInterp: /usr/bin/python3 (found suitable version "3.10.12", minimum required is "3.6") 
[3.807s] -- Found python_cmake_module: 0.10.0 (/opt/ros/humble/share/python_cmake_module/cmake)
[3.859s] -- Found PythonLibs: /usr/lib/x86_64-linux-gnu/libpython3.10.so (found suitable version "3.10.12", minimum required is "3.5") 
[3.859s] -- Using PYTHON_EXECUTABLE: /usr/bin/python3
[3.859s] -- Using PYTHON_INCLUDE_DIRS: /usr/include/python3.10
[3.859s] -- Using PYTHON_LIBRARIES: /usr/lib/x86_64-linux-gnu/libpython3.10.so
[3.906s] -- Found PythonExtra: .so  
[4.104s] -- Found ament_cmake_flake8: 0.12.11 (/opt/ros/humble/share/ament_cmake_flake8/cmake)
[4.114s] -- Found ament_cmake_pep257: 0.12.11 (/opt/ros/humble/share/ament_cmake_pep257/cmake)
[4.130s] -- Found ament_lint_auto: 0.12.11 (/opt/ros/humble/share/ament_lint_auto/cmake)
[4.174s] -- Added test 'copyright' to check source files copyright and LICENSE
[4.176s] -- Added test 'lint_cmake' to check CMake code style
[4.177s] -- Added test 'xmllint' to check XML markup files
[4.184s] -- Configuring done
[4.384s] -- Generating done
[4.490s] -- Build files have been written to: /workspace/simpleav/20251204/src/simple_av/build/autoware_planning_msgs
[4.510s] Invoked command in '/workspace/simpleav/20251204/src/simple_av/build/autoware_planning_msgs' returned '0': CMAKE_PREFIX_PATH=${CMAKE_PREFIX_PATH}:/workspace/simpleav/20251204/install/system:/workspace/simpleav/20251204/install/simple_av_logger:/workspace/simpleav/20251204/install/simple_av:/workspace/simpleav/20251204/install/planning:/workspace/simpleav/20251204/install/perception:/workspace/simpleav/20251204/install/localization:/workspace/simpleav/20251204/install/control:/workspace/simpleav/20251204/install/common:/opt/ros/humble /usr/bin/cmake /workspace/simpleav/20251204/src/simple_av/src/messages/autoware_msgs/autoware_planning_msgs -DAMENT_CMAKE_SYMLINK_INSTALL=1 -DCMAKE_INSTALL_PREFIX=/workspace/simpleav/20251204/src/simple_av/install/autoware_planning_msgs
[4.511s] Invoking command in '/workspace/simpleav/20251204/src/simple_av/build/autoware_planning_msgs': CMAKE_PREFIX_PATH=${CMAKE_PREFIX_PATH}:/workspace/simpleav/20251204/install/system:/workspace/simpleav/20251204/install/simple_av_logger:/workspace/simpleav/20251204/install/simple_av:/workspace/simpleav/20251204/install/planning:/workspace/simpleav/20251204/install/perception:/workspace/simpleav/20251204/install/localization:/workspace/simpleav/20251204/install/control:/workspace/simpleav/20251204/install/common:/opt/ros/humble /usr/bin/cmake --build /workspace/simpleav/20251204/src/simple_av/build/autoware_planning_msgs -- -j52 -l52
[6.934s] [  1%] [34m[1mGenerating C code for ROS interfaces[0m
[6.934s] [  1%] [34m[1mGenerating C++ code for ROS interfaces[0m
[6.935s] [  1%] Built target ament_cmake_python_symlink_autoware_planning_msgs
[6.935s] running egg_info
[6.935s] creating autoware_planning_msgs.egg-info
[6.935s] writing autoware_planning_msgs.egg-info/PKG-INFO
[6.935s] writing dependency_links to autoware_planning_msgs.egg-info/dependency_links.txt
[6.935s] writing top-level names to autoware_planning_msgs.egg-info/top_level.txt
[6.935s] writing manifest file 'autoware_planning_msgs.egg-info/SOURCES.txt'
[6.935s] reading manifest file 'autoware_planning_msgs.egg-info/SOURCES.txt'
[6.935s] writing manifest file 'autoware_planning_msgs.egg-info/SOURCES.txt'
[6.935s] [  1%] Built target ament_cmake_python_build_autoware_planning_msgs_egg
[6.935s] [  1%] Built target autoware_planning_msgs__cpp
[6.935s] [  2%] [34m[1mGenerating C++ type support dispatch for ROS interfaces[0m
[6.935s] [  3%] [34m[1mGenerating C++ type support for eProsima Fast-RTPS[0m
[6.935s] [  4%] [34m[1mGenerating C++ introspection for ROS interfaces[0m
[6.935s] [  5%] [32mBuilding C object CMakeFiles/autoware_planning_msgs__rosidl_generator_c.dir/rosidl_generator_c/autoware_planning_msgs/msg/detail/lanelet_primitive__functions.c.o[0m
[6.935s] [  6%] [32mBuilding C object CMakeFiles/autoware_planning_msgs__rosidl_generator_c.dir/rosidl_generator_c/autoware_planning_msgs/msg/detail/lanelet_route__functions.c.o[0m
[6.935s] [  7%] [32mBuilding C object CMakeFiles/autoware_planning_msgs__rosidl_generator_c.dir/rosidl_generator_c/autoware_planning_msgs/msg/detail/pose_with_uuid_stamped__functions.c.o[0m
[6.936s] [  8%] [32mBuilding C object CMakeFiles/autoware_planning_msgs__rosidl_generator_c.dir/rosidl_generator_c/autoware_planning_msgs/msg/detail/lanelet_segment__functions.c.o[0m
[6.936s] [  9%] [32mBuilding C object CMakeFiles/autoware_planning_msgs__rosidl_generator_c.dir/rosidl_generator_c/autoware_planning_msgs/msg/detail/trajectory__functions.c.o[0m
[6.936s] [ 11%] [32mBuilding C object CMakeFiles/autoware_planning_msgs__rosidl_generator_c.dir/rosidl_generator_c/autoware_planning_msgs/msg/detail/trajectory_point__functions.c.o[0m
[6.936s] [ 11%] [32mBuilding C object CMakeFiles/autoware_planning_msgs__rosidl_generator_c.dir/rosidl_generator_c/autoware_planning_msgs/msg/detail/path__functions.c.o[0m
[6.936s] [ 13%] [32mBuilding C object CMakeFiles/autoware_planning_msgs__rosidl_generator_c.dir/rosidl_generator_c/autoware_planning_msgs/msg/detail/path_point_with_lane_id__functions.c.o[0m
[6.936s] [ 13%] [32mBuilding C object CMakeFiles/autoware_planning_msgs__rosidl_generator_c.dir/rosidl_generator_c/autoware_planning_msgs/msg/detail/path_point__functions.c.o[0m
[6.936s] [ 14%] [32mBuilding C object CMakeFiles/autoware_planning_msgs__rosidl_generator_c.dir/rosidl_generator_c/autoware_planning_msgs/msg/detail/path_with_lane_id__functions.c.o[0m
[6.936s] [ 15%] [32m[1mLinking C shared library libautoware_planning_msgs__rosidl_generator_c.so[0m
[6.936s] [ 15%] Built target autoware_planning_msgs__rosidl_generator_c
[6.936s] [ 16%] [34m[1mGenerating C type support dispatch for ROS interfaces[0m
[6.936s] [ 17%] [34m[1mGenerating C type support for eProsima Fast-RTPS[0m
[6.936s] [ 18%] [34m[1mGenerating C introspection for ROS interfaces[0m
[6.993s] [ 19%] [32mBuilding CXX object CMakeFiles/autoware_planning_msgs__rosidl_typesupport_cpp.dir/rosidl_typesupport_cpp/autoware_planning_msgs/msg/path__type_support.cpp.o[0m
[6.995s] [ 20%] [32mBuilding CXX object CMakeFiles/autoware_planning_msgs__rosidl_typesupport_cpp.dir/rosidl_typesupport_cpp/autoware_planning_msgs/msg/lanelet_route__type_support.cpp.o[0m
[7.009s] [ 21%] [32mBuilding CXX object CMakeFiles/autoware_planning_msgs__rosidl_typesupport_cpp.dir/rosidl_typesupport_cpp/autoware_planning_msgs/msg/lanelet_primitive__type_support.cpp.o[0m
[7.013s] [ 22%] [32mBuilding CXX object CMakeFiles/autoware_planning_msgs__rosidl_typesupport_cpp.dir/rosidl_typesupport_cpp/autoware_planning_msgs/msg/path_point__type_support.cpp.o[0m
[7.023s] [ 23%] [32mBuilding CXX object CMakeFiles/autoware_planning_msgs__rosidl_typesupport_cpp.dir/rosidl_typesupport_cpp/autoware_planning_msgs/msg/path_point_with_lane_id__type_support.cpp.o[0m
[7.027s] [ 24%] [32mBuilding CXX object CMakeFiles/autoware_planning_msgs__rosidl_typesupport_cpp.dir/rosidl_typesupport_cpp/autoware_planning_msgs/msg/pose_with_uuid_stamped__type_support.cpp.o[0m
[7.028s] [ 25%] [32mBuilding CXX object CMakeFiles/autoware_planning_msgs__rosidl_typesupport_cpp.dir/rosidl_typesupport_cpp/autoware_planning_msgs/msg/lanelet_segment__type_support.cpp.o[0m
[7.029s] [ 26%] [32mBuilding CXX object CMakeFiles/autoware_planning_msgs__rosidl_typesupport_cpp.dir/rosidl_typesupport_cpp/autoware_planning_msgs/msg/path_with_lane_id__type_support.cpp.o[0m
[7.103s] [ 27%] [32mBuilding CXX object CMakeFiles/autoware_planning_msgs__rosidl_typesupport_fastrtps_cpp.dir/rosidl_typesupport_fastrtps_cpp/autoware_planning_msgs/msg/detail/dds_fastrtps/lanelet_route__type_support.cpp.o[0m
[7.105s] [ 28%] [32mBuilding CXX object CMakeFiles/autoware_planning_msgs__rosidl_typesupport_fastrtps_cpp.dir/rosidl_typesupport_fastrtps_cpp/autoware_planning_msgs/msg/detail/dds_fastrtps/lanelet_primitive__type_support.cpp.o[0m
[7.106s] [ 29%] [32mBuilding CXX object CMakeFiles/autoware_planning_msgs__rosidl_typesupport_cpp.dir/rosidl_typesupport_cpp/autoware_planning_msgs/msg/trajectory__type_support.cpp.o[0m
[7.112s] [ 30%] [32mBuilding CXX object CMakeFiles/autoware_planning_msgs__rosidl_typesupport_cpp.dir/rosidl_typesupport_cpp/autoware_planning_msgs/msg/trajectory_point__type_support.cpp.o[0m
[7.127s] [ 31%] [32mBuilding CXX object CMakeFiles/autoware_planning_msgs__rosidl_typesupport_fastrtps_cpp.dir/rosidl_typesupport_fastrtps_cpp/autoware_planning_msgs/msg/detail/dds_fastrtps/trajectory_point__type_support.cpp.o[0m
[7.137s] [ 31%] [32mBuilding CXX object CMakeFiles/autoware_planning_msgs__rosidl_typesupport_fastrtps_cpp.dir/rosidl_typesupport_fastrtps_cpp/autoware_planning_msgs/msg/detail/dds_fastrtps/lanelet_segment__type_support.cpp.o[0m
[7.138s] [ 32%] [32mBuilding CXX object CMakeFiles/autoware_planning_msgs__rosidl_typesupport_fastrtps_cpp.dir/rosidl_typesupport_fastrtps_cpp/autoware_planning_msgs/msg/detail/dds_fastrtps/trajectory__type_support.cpp.o[0m
[7.139s] [ 33%] [32mBuilding CXX object CMakeFiles/autoware_planning_msgs__rosidl_typesupport_fastrtps_cpp.dir/rosidl_typesupport_fastrtps_cpp/autoware_planning_msgs/msg/detail/dds_fastrtps/path_point__type_support.cpp.o[0m
[7.145s] [ 34%] [32mBuilding CXX object CMakeFiles/autoware_planning_msgs__rosidl_typesupport_fastrtps_cpp.dir/rosidl_typesupport_fastrtps_cpp/autoware_planning_msgs/msg/detail/dds_fastrtps/pose_with_uuid_stamped__type_support.cpp.o[0m
[7.154s] [ 35%] [32mBuilding CXX object CMakeFiles/autoware_planning_msgs__rosidl_typesupport_fastrtps_cpp.dir/rosidl_typesupport_fastrtps_cpp/autoware_planning_msgs/msg/detail/dds_fastrtps/path__type_support.cpp.o[0m
[7.161s] [ 36%] [32mBuilding CXX object CMakeFiles/autoware_planning_msgs__rosidl_typesupport_fastrtps_cpp.dir/rosidl_typesupport_fastrtps_cpp/autoware_planning_msgs/msg/detail/dds_fastrtps/path_point_with_lane_id__type_support.cpp.o[0m
[7.175s] [ 37%] [32mBuilding CXX object CMakeFiles/autoware_planning_msgs__rosidl_typesupport_fastrtps_cpp.dir/rosidl_typesupport_fastrtps_cpp/autoware_planning_msgs/msg/detail/dds_fastrtps/path_with_lane_id__type_support.cpp.o[0m
[7.322s] [ 38%] [32mBuilding CXX object CMakeFiles/autoware_planning_msgs__rosidl_typesupport_introspection_cpp.dir/rosidl_typesupport_introspection_cpp/autoware_planning_msgs/msg/detail/lanelet_primitive__type_support.cpp.o[0m
[7.337s] [ 39%] [32mBuilding CXX object CMakeFiles/autoware_planning_msgs__rosidl_typesupport_introspection_cpp.dir/rosidl_typesupport_introspection_cpp/autoware_planning_msgs/msg/detail/path_with_lane_id__type_support.cpp.o[0m
[7.340s] [ 40%] [32mBuilding CXX object CMakeFiles/autoware_planning_msgs__rosidl_typesupport_introspection_cpp.dir/rosidl_typesupport_introspection_cpp/autoware_planning_msgs/msg/detail/pose_with_uuid_stamped__type_support.cpp.o[0m
[7.344s] [ 41%] [32mBuilding CXX object CMakeFiles/autoware_planning_msgs__rosidl_typesupport_introspection_cpp.dir/rosidl_typesupport_introspection_cpp/autoware_planning_msgs/msg/detail/lanelet_segment__type_support.cpp.o[0m
[7.346s] [ 42%] [32mBuilding CXX object CMakeFiles/autoware_planning_msgs__rosidl_typesupport_introspection_cpp.dir/rosidl_typesupport_introspection_cpp/autoware_planning_msgs/msg/detail/trajectory_point__type_support.cpp.o[0m
[7.355s] [ 43%] [32mBuilding CXX object CMakeFiles/autoware_planning_msgs__rosidl_typesupport_introspection_cpp.dir/rosidl_typesupport_introspection_cpp/autoware_planning_msgs/msg/detail/trajectory__type_support.cpp.o[0m
[7.356s] [ 44%] [32mBuilding CXX object CMakeFiles/autoware_planning_msgs__rosidl_typesupport_introspection_cpp.dir/rosidl_typesupport_introspection_cpp/autoware_planning_msgs/msg/detail/path_point_with_lane_id__type_support.cpp.o[0m
[7.357s] [ 45%] [32mBuilding CXX object CMakeFiles/autoware_planning_msgs__rosidl_typesupport_introspection_cpp.dir/rosidl_typesupport_introspection_cpp/autoware_planning_msgs/msg/detail/path_point__type_support.cpp.o[0m
[7.359s] [ 46%] [32mBuilding CXX object CMakeFiles/autoware_planning_msgs__rosidl_typesupport_introspection_cpp.dir/rosidl_typesupport_introspection_cpp/autoware_planning_msgs/msg/detail/path__type_support.cpp.o[0m
[7.366s] [ 47%] [32mBuilding CXX object CMakeFiles/autoware_planning_msgs__rosidl_typesupport_introspection_cpp.dir/rosidl_typesupport_introspection_cpp/autoware_planning_msgs/msg/detail/lanelet_route__type_support.cpp.o[0m
[8.012s] [ 48%] [32mBuilding CXX object CMakeFiles/autoware_planning_msgs__rosidl_typesupport_c.dir/rosidl_typesupport_c/autoware_planning_msgs/msg/lanelet_primitive__type_support.cpp.o[0m
[8.012s] [ 49%] [32mBuilding CXX object CMakeFiles/autoware_planning_msgs__rosidl_typesupport_c.dir/rosidl_typesupport_c/autoware_planning_msgs/msg/lanelet_segment__type_support.cpp.o[0m
[8.029s] [ 50%] [32mBuilding CXX object CMakeFiles/autoware_planning_msgs__rosidl_typesupport_c.dir/rosidl_typesupport_c/autoware_planning_msgs/msg/lanelet_route__type_support.cpp.o[0m
[8.029s] [ 51%] [32mBuilding CXX object CMakeFiles/autoware_planning_msgs__rosidl_typesupport_c.dir/rosidl_typesupport_c/autoware_planning_msgs/msg/pose_with_uuid_stamped__type_support.cpp.o[0m
[8.031s] [ 52%] [32mBuilding CXX object CMakeFiles/autoware_planning_msgs__rosidl_typesupport_c.dir/rosidl_typesupport_c/autoware_planning_msgs/msg/trajectory_point__type_support.cpp.o[0m
[8.038s] [ 53%] [32mBuilding CXX object CMakeFiles/autoware_planning_msgs__rosidl_typesupport_c.dir/rosidl_typesupport_c/autoware_planning_msgs/msg/path_point__type_support.cpp.o[0m
[8.039s] [ 54%] [32mBuilding CXX object CMakeFiles/autoware_planning_msgs__rosidl_typesupport_c.dir/rosidl_typesupport_c/autoware_planning_msgs/msg/path__type_support.cpp.o[0m
[8.053s] [ 55%] [32mBuilding CXX object CMakeFiles/autoware_planning_msgs__rosidl_typesupport_c.dir/rosidl_typesupport_c/autoware_planning_msgs/msg/trajectory__type_support.cpp.o[0m
[8.066s] [ 56%] [32mBuilding CXX object CMakeFiles/autoware_planning_msgs__rosidl_typesupport_c.dir/rosidl_typesupport_c/autoware_planning_msgs/msg/path_point_with_lane_id__type_support.cpp.o[0m
[8.093s] [ 56%] [32mBuilding CXX object CMakeFiles/autoware_planning_msgs__rosidl_typesupport_c.dir/rosidl_typesupport_c/autoware_planning_msgs/msg/path_with_lane_id__type_support.cpp.o[0m
[8.190s] [ 57%] [32mBuilding C object CMakeFiles/autoware_planning_msgs__rosidl_typesupport_introspection_c.dir/rosidl_typesupport_introspection_c/autoware_planning_msgs/msg/detail/lanelet_primitive__type_support.c.o[0m
[8.220s] [ 58%] [32mBuilding C object CMakeFiles/autoware_planning_msgs__rosidl_typesupport_introspection_c.dir/rosidl_typesupport_introspection_c/autoware_planning_msgs/msg/detail/trajectory__type_support.c.o[0m
[8.220s] [ 59%] [32mBuilding C object CMakeFiles/autoware_planning_msgs__rosidl_typesupport_introspection_c.dir/rosidl_typesupport_introspection_c/autoware_planning_msgs/msg/detail/trajectory_point__type_support.c.o[0m
[8.222s] [ 60%] [32mBuilding C object CMakeFiles/autoware_planning_msgs__rosidl_typesupport_introspection_c.dir/rosidl_typesupport_introspection_c/autoware_planning_msgs/msg/detail/path_point_with_lane_id__type_support.c.o[0m
[8.224s] [ 61%] [32mBuilding C object CMakeFiles/autoware_planning_msgs__rosidl_typesupport_introspection_c.dir/rosidl_typesupport_introspection_c/autoware_planning_msgs/msg/detail/path_point__type_support.c.o[0m
[8.239s] [ 62%] [32mBuilding C object CMakeFiles/autoware_planning_msgs__rosidl_typesupport_introspection_c.dir/rosidl_typesupport_introspection_c/autoware_planning_msgs/msg/detail/lanelet_route__type_support.c.o[0m
[8.239s] [ 63%] [32mBuilding C object CMakeFiles/autoware_planning_msgs__rosidl_typesupport_introspection_c.dir/rosidl_typesupport_introspection_c/autoware_planning_msgs/msg/detail/path__type_support.c.o[0m
[8.239s] [ 64%] [32mBuilding C object CMakeFiles/autoware_planning_msgs__rosidl_typesupport_introspection_c.dir/rosidl_typesupport_introspection_c/autoware_planning_msgs/msg/detail/path_with_lane_id__type_support.c.o[0m
[8.240s] [ 65%] [32mBuilding C object CMakeFiles/autoware_planning_msgs__rosidl_typesupport_introspection_c.dir/rosidl_typesupport_introspection_c/autoware_planning_msgs/msg/detail/lanelet_segment__type_support.c.o[0m
[8.251s] [ 66%] [32mBuilding C object CMakeFiles/autoware_planning_msgs__rosidl_typesupport_introspection_c.dir/rosidl_typesupport_introspection_c/autoware_planning_msgs/msg/detail/pose_with_uuid_stamped__type_support.c.o[0m
[8.284s] [ 67%] [32m[1mLinking CXX shared library libautoware_planning_msgs__rosidl_typesupport_c.so[0m
[8.425s] [ 68%] [32m[1mLinking CXX shared library libautoware_planning_msgs__rosidl_typesupport_cpp.so[0m
[8.455s] [ 68%] Built target autoware_planning_msgs__rosidl_typesupport_c
[8.461s] [ 69%] [32m[1mLinking C shared library libautoware_planning_msgs__rosidl_typesupport_introspection_c.so[0m
[8.574s] gmake[2]: *** [CMakeFiles/autoware_planning_msgs__rosidl_typesupport_fastrtps_cpp.dir/build.make:296: CMakeFiles/autoware_planning_msgs__rosidl_typesupport_fastrtps_cpp.dir/rosidl_typesupport_fastrtps_cpp/autoware_planning_msgs/msg/detail/dds_fastrtps/trajectory_point__type_support.cpp.o] Interrupt
[8.574s] gmake[2]: *** [CMakeFiles/autoware_planning_msgs__rosidl_typesupport_introspection_cpp.dir/build.make:226: CMakeFiles/autoware_planning_msgs__rosidl_typesupport_introspection_cpp.dir/rosidl_typesupport_introspection_cpp/autoware_planning_msgs/msg/detail/lanelet_primitive__type_support.cpp.o] Interrupt
[8.574s] gmake[2]: *** [CMakeFiles/autoware_planning_msgs__rosidl_typesupport_introspection_c.dir/build.make:405: libautoware_planning_msgs__rosidl_typesupport_introspection_c.so] Interrupt
[8.574s] gmake[2]: *** [CMakeFiles/autoware_planning_msgs__rosidl_typesupport_fastrtps_cpp.dir/build.make:268: CMakeFiles/autoware_planning_msgs__rosidl_typesupport_fastrtps_cpp.dir/rosidl_typesupport_fastrtps_cpp/autoware_planning_msgs/msg/detail/dds_fastrtps/pose_with_uuid_stamped__type_support.cpp.o] Interrupt
[8.574s] gmake[2]: *** [CMakeFiles/autoware_planning_msgs__rosidl_typesupport_introspection_cpp.dir/build.make:268: CMakeFiles/autoware_planning_msgs__rosidl_typesupport_introspection_cpp.dir/rosidl_typesupport_introspection_cpp/autoware_planning_msgs/msg/detail/pose_with_uuid_stamped__type_support.cpp.o] Interrupt
[8.574s] gmake[1]: *** [CMakeFiles/Makefile2:265: CMakeFiles/autoware_planning_msgs__rosidl_typesupport_introspection_c.dir/all] Interrupt
[8.574s] gmake[2]: *** [CMakeFiles/autoware_planning_msgs__rosidl_typesupport_introspection_cpp.dir/build.make:338: CMakeFiles/autoware_planning_msgs__rosidl_typesupport_introspection_cpp.dir/rosidl_typesupport_introspection_cpp/autoware_planning_msgs/msg/detail/path_with_lane_id__type_support.cpp.o] Interrupt
[8.574s] gmake[2]: *** [CMakeFiles/autoware_planning_msgs__rosidl_typesupport_introspection_cpp.dir/build.make:324: CMakeFiles/autoware_planning_msgs__rosidl_typesupport_introspection_cpp.dir/rosidl_typesupport_introspection_cpp/autoware_planning_msgs/msg/detail/path_point__type_support.cpp.o] Interrupt
[8.574s] gmake[2]: *** [CMakeFiles/autoware_planning_msgs__rosidl_typesupport_introspection_cpp.dir/build.make:310: CMakeFiles/autoware_planning_msgs__rosidl_typesupport_introspection_cpp.dir/rosidl_typesupport_introspection_cpp/autoware_planning_msgs/msg/detail/path__type_support.cpp.o] Interrupt
[8.582s] gmake[2]: *** [CMakeFiles/autoware_planning_msgs__rosidl_typesupport_cpp.dir/build.make:368: libautoware_planning_msgs__rosidl_typesupport_cpp.so] Interrupt
[8.582s] gmake[2]: *** [CMakeFiles/autoware_planning_msgs__rosidl_typesupport_introspection_cpp.dir/build.make:282: CMakeFiles/autoware_planning_msgs__rosidl_typesupport_introspection_cpp.dir/rosidl_typesupport_introspection_cpp/autoware_planning_msgs/msg/detail/trajectory__type_support.cpp.o] Interrupt
[8.582s] gmake[1]: *** [CMakeFiles/Makefile2:395: CMakeFiles/autoware_planning_msgs__rosidl_typesupport_cpp.dir/all] Interrupt
[8.582s] gmake[2]: *** [CMakeFiles/autoware_planning_msgs__rosidl_typesupport_fastrtps_cpp.dir/build.make:240: CMakeFiles/autoware_planning_msgs__rosidl_typesupport_fastrtps_cpp.dir/rosidl_typesupport_fastrtps_cpp/autoware_planning_msgs/msg/detail/dds_fastrtps/lanelet_route__type_support.cpp.o] Interrupt
[8.582s] gmake[2]: *** [CMakeFiles/autoware_planning_msgs__rosidl_typesupport_fastrtps_cpp.dir/build.make:310: CMakeFiles/autoware_planning_msgs__rosidl_typesupport_fastrtps_cpp.dir/rosidl_typesupport_fastrtps_cpp/autoware_planning_msgs/msg/detail/dds_fastrtps/path__type_support.cpp.o] Interrupt
[8.583s] gmake[2]: *** [CMakeFiles/autoware_planning_msgs__rosidl_typesupport_fastrtps_cpp.dir/build.make:352: CMakeFiles/autoware_planning_msgs__rosidl_typesupport_fastrtps_cpp.dir/rosidl_typesupport_fastrtps_cpp/autoware_planning_msgs/msg/detail/dds_fastrtps/path_point_with_lane_id__type_support.cpp.o] Interrupt
[8.583s] gmake[2]: *** [CMakeFiles/autoware_planning_msgs__rosidl_typesupport_fastrtps_cpp.dir/build.make:338: CMakeFiles/autoware_planning_msgs__rosidl_typesupport_fastrtps_cpp.dir/rosidl_typesupport_fastrtps_cpp/autoware_planning_msgs/msg/detail/dds_fastrtps/path_with_lane_id__type_support.cpp.o] Interrupt
[8.583s] gmake[1]: *** [CMakeFiles/Makefile2:343: CMakeFiles/autoware_planning_msgs__rosidl_typesupport_fastrtps_cpp.dir/all] Interrupt
[8.583s] gmake[2]: *** [CMakeFiles/autoware_planning_msgs__rosidl_typesupport_introspection_cpp.dir/build.make:240: CMakeFiles/autoware_planning_msgs__rosidl_typesupport_introspection_cpp.dir/rosidl_typesupport_introspection_cpp/autoware_planning_msgs/msg/detail/lanelet_route__type_support.cpp.o] Interrupt
[8.583s] gmake[1]: *** [CMakeFiles/Makefile2:369: CMakeFiles/autoware_planning_msgs__rosidl_typesupport_introspection_cpp.dir/all] Interrupt
[8.583s] gmake[1]: *** wait: No child processes.  Stop.
[8.583s] gmake[1]: *** Waiting for unfinished jobs....
[8.583s] gmake[1]: *** wait: No child processes.  Stop.
[8.583s] gmake: *** [Makefile:146: all] Error 2
