[0.128s] Invoking command in '/workspace/simpleav/20251204/src/simple_av/build/autoware_system_msgs': CMAKE_PREFIX_PATH=${CMAKE_PREFIX_PATH}:/workspace/simpleav/20251204/install/system:/workspace/simpleav/20251204/install/simple_av_logger:/workspace/simpleav/20251204/install/simple_av:/workspace/simpleav/20251204/install/planning:/workspace/simpleav/20251204/install/perception:/workspace/simpleav/20251204/install/localization:/workspace/simpleav/20251204/install/control:/workspace/simpleav/20251204/install/common:/opt/ros/humble /usr/bin/cmake /workspace/simpleav/20251204/src/simple_av/src/messages/autoware_msgs/autoware_system_msgs -DAMENT_CMAKE_SYMLINK_INSTALL=1 -DCMAKE_INSTALL_PREFIX=/workspace/simpleav/20251204/src/simple_av/install/autoware_system_msgs
[1.459s] -- The C compiler identification is GNU 11.4.0
[1.459s] -- The CXX compiler identification is GNU 11.4.0
[1.459s] -- Detecting C compiler ABI info
[1.459s] -- Detecting C compiler ABI info - done
[1.459s] -- Check for working C compiler: /usr/lib/ccache/gcc - skipped
[1.459s] -- Detecting C compile features
[1.459s] -- Detecting C compile features - done
[1.459s] -- Detecting CXX compiler ABI info
[1.460s] -- Detecting CXX compiler ABI info - done
[1.460s] -- Check for working CXX compiler: /usr/lib/ccache/g++ - skipped
[1.460s] -- Detecting CXX compile features
[1.461s] -- Detecting CXX compile features - done
[1.461s] -- Found ament_cmake_auto: 1.3.11 (/opt/ros/humble/share/ament_cmake_auto/cmake)
[1.461s] -- Found Python3: /usr/bin/python3 (found version "3.10.12") found components: Interpreter 
[1.461s] -- Override CMake install command with custom implementation using symlinks instead of copying resources
[1.753s] -- Using all available rosidl_typesupport_c: rosidl_typesupport_fastrtps_c;rosidl_typesupport_introspection_c
[1.782s] -- Found rosidl_adapter: 3.1.6 (/opt/ros/humble/share/rosidl_adapter/cmake)
[1.902s] -- Using all available rosidl_typesupport_cpp: rosidl_typesupport_fastrtps_cpp;rosidl_typesupport_introspection_cpp
[2.564s] -- Found ament_cmake_cppcheck: 0.12.11 (/opt/ros/humble/share/ament_cmake_cppcheck/cmake)
[2.574s] -- Found ament_cmake_cpplint: 0.12.11 (/opt/ros/humble/share/ament_cmake_cpplint/cmake)
[2.584s] -- Found ament_cmake_uncrustify: 0.12.11 (/opt/ros/humble/share/ament_cmake_uncrustify/cmake)
[2.595s] -- Found ament_cmake_ros: 0.10.0 (/opt/ros/humble/share/ament_cmake_ros/cmake)
[3.066s] -- Using all available rosidl_typesupport_c: rosidl_typesupport_fastrtps_c;rosidl_typesupport_introspection_c
[3.657s] -- Using all available rosidl_typesupport_cpp: rosidl_typesupport_fastrtps_cpp;rosidl_typesupport_introspection_cpp
[3.706s] -- Found PythonInterp: /usr/bin/python3 (found suitable version "3.10.12", minimum required is "3.6") 
[3.714s] -- Found python_cmake_module: 0.10.0 (/opt/ros/humble/share/python_cmake_module/cmake)
[3.785s] -- Found PythonLibs: /usr/lib/x86_64-linux-gnu/libpython3.10.so (found suitable version "3.10.12", minimum required is "3.5") 
[3.785s] -- Using PYTHON_EXECUTABLE: /usr/bin/python3
[3.785s] -- Using PYTHON_INCLUDE_DIRS: /usr/include/python3.10
[3.785s] -- Using PYTHON_LIBRARIES: /usr/lib/x86_64-linux-gnu/libpython3.10.so
[3.832s] -- Found PythonExtra: .so  
[4.042s] -- Found ament_cmake_flake8: 0.12.11 (/opt/ros/humble/share/ament_cmake_flake8/cmake)
[4.050s] -- Found ament_cmake_pep257: 0.12.11 (/opt/ros/humble/share/ament_cmake_pep257/cmake)
[4.062s] -- Found ament_lint_auto: 0.12.11 (/opt/ros/humble/share/ament_lint_auto/cmake)
[4.108s] -- Added test 'copyright' to check source files copyright and LICENSE
[4.110s] -- Added test 'lint_cmake' to check CMake code style
[4.112s] -- Added test 'xmllint' to check XML markup files
[4.118s] -- Configuring done
[4.384s] -- Generating done
[4.402s] -- Build files have been written to: /workspace/simpleav/20251204/src/simple_av/build/autoware_system_msgs
[4.426s] Invoked command in '/workspace/simpleav/20251204/src/simple_av/build/autoware_system_msgs' returned '0': CMAKE_PREFIX_PATH=${CMAKE_PREFIX_PATH}:/workspace/simpleav/20251204/install/system:/workspace/simpleav/20251204/install/simple_av_logger:/workspace/simpleav/20251204/install/simple_av:/workspace/simpleav/20251204/install/planning:/workspace/simpleav/20251204/install/perception:/workspace/simpleav/20251204/install/localization:/workspace/simpleav/20251204/install/control:/workspace/simpleav/20251204/install/common:/opt/ros/humble /usr/bin/cmake /workspace/simpleav/20251204/src/simple_av/src/messages/autoware_msgs/autoware_system_msgs -DAMENT_CMAKE_SYMLINK_INSTALL=1 -DCMAKE_INSTALL_PREFIX=/workspace/simpleav/20251204/src/simple_av/install/autoware_system_msgs
[4.427s] Invoking command in '/workspace/simpleav/20251204/src/simple_av/build/autoware_system_msgs': CMAKE_PREFIX_PATH=${CMAKE_PREFIX_PATH}:/workspace/simpleav/20251204/install/system:/workspace/simpleav/20251204/install/simple_av_logger:/workspace/simpleav/20251204/install/simple_av:/workspace/simpleav/20251204/install/planning:/workspace/simpleav/20251204/install/perception:/workspace/simpleav/20251204/install/localization:/workspace/simpleav/20251204/install/control:/workspace/simpleav/20251204/install/common:/opt/ros/humble /usr/bin/cmake --build /workspace/simpleav/20251204/src/simple_av/build/autoware_system_msgs -- -j52 -l52
[7.801s] [  2%] [34m[1mGenerating C code for ROS interfaces[0m
[7.801s] [  4%] [34m[1mGenerating C++ code for ROS interfaces[0m
[7.801s] [  4%] Built target ament_cmake_python_symlink_autoware_system_msgs
[7.801s] running egg_info
[7.801s] creating autoware_system_msgs.egg-info
[7.801s] writing autoware_system_msgs.egg-info/PKG-INFO
[7.802s] writing dependency_links to autoware_system_msgs.egg-info/dependency_links.txt
[7.802s] writing top-level names to autoware_system_msgs.egg-info/top_level.txt
[7.802s] writing manifest file 'autoware_system_msgs.egg-info/SOURCES.txt'
[7.802s] reading manifest file 'autoware_system_msgs.egg-info/SOURCES.txt'
[7.802s] writing manifest file 'autoware_system_msgs.egg-info/SOURCES.txt'
[7.802s] [  4%] Built target ament_cmake_python_build_autoware_system_msgs_egg
[7.802s] [  6%] [32mBuilding C object CMakeFiles/autoware_system_msgs__rosidl_generator_c.dir/rosidl_generator_c/autoware_system_msgs/msg/detail/autoware_state__functions.c.o[0m
[7.802s] [  6%] Built target autoware_system_msgs__cpp
[7.802s] [  8%] [32mBuilding C object CMakeFiles/autoware_system_msgs__rosidl_generator_c.dir/rosidl_generator_c/autoware_system_msgs/msg/detail/hazard_status__functions.c.o[0m
[7.802s] [ 10%] [32mBuilding C object CMakeFiles/autoware_system_msgs__rosidl_generator_c.dir/rosidl_generator_c/autoware_system_msgs/msg/detail/hazard_status_stamped__functions.c.o[0m
[7.802s] [ 12%] [34m[1mGenerating C++ type support for eProsima Fast-RTPS[0m
[7.802s] [ 14%] [34m[1mGenerating C++ type support dispatch for ROS interfaces[0m
[7.802s] [ 17%] [34m[1mGenerating C++ introspection for ROS interfaces[0m
[7.802s] [ 19%] [32m[1mLinking C shared library libautoware_system_msgs__rosidl_generator_c.so[0m
[7.802s] [ 19%] Built target autoware_system_msgs__rosidl_generator_c
[7.802s] [ 21%] [34m[1mGenerating C type support for eProsima Fast-RTPS[0m
[7.803s] [ 23%] [34m[1mGenerating C introspection for ROS interfaces[0m
[7.803s] [ 25%] [34m[1mGenerating C type support dispatch for ROS interfaces[0m
[7.803s] [ 27%] [32mBuilding CXX object CMakeFiles/autoware_system_msgs__rosidl_typesupport_fastrtps_cpp.dir/rosidl_typesupport_fastrtps_cpp/autoware_system_msgs/msg/detail/dds_fastrtps/autoware_state__type_support.cpp.o[0m
[7.803s] [ 29%] [32mBuilding CXX object CMakeFiles/autoware_system_msgs__rosidl_typesupport_fastrtps_cpp.dir/rosidl_typesupport_fastrtps_cpp/autoware_system_msgs/msg/detail/dds_fastrtps/hazard_status__type_support.cpp.o[0m
[7.803s] [ 31%] [32mBuilding CXX object CMakeFiles/autoware_system_msgs__rosidl_typesupport_fastrtps_cpp.dir/rosidl_typesupport_fastrtps_cpp/autoware_system_msgs/msg/detail/dds_fastrtps/hazard_status_stamped__type_support.cpp.o[0m
[7.803s] [ 34%] [32mBuilding CXX object CMakeFiles/autoware_system_msgs__rosidl_typesupport_introspection_cpp.dir/rosidl_typesupport_introspection_cpp/autoware_system_msgs/msg/detail/autoware_state__type_support.cpp.o[0m
[7.803s] [ 36%] [32mBuilding CXX object CMakeFiles/autoware_system_msgs__rosidl_typesupport_introspection_cpp.dir/rosidl_typesupport_introspection_cpp/autoware_system_msgs/msg/detail/hazard_status__type_support.cpp.o[0m
[7.803s] [ 38%] [32mBuilding CXX object CMakeFiles/autoware_system_msgs__rosidl_typesupport_introspection_cpp.dir/rosidl_typesupport_introspection_cpp/autoware_system_msgs/msg/detail/hazard_status_stamped__type_support.cpp.o[0m
[7.803s] [ 40%] [32mBuilding CXX object CMakeFiles/autoware_system_msgs__rosidl_typesupport_cpp.dir/rosidl_typesupport_cpp/autoware_system_msgs/msg/autoware_state__type_support.cpp.o[0m
[7.803s] [ 42%] [32mBuilding CXX object CMakeFiles/autoware_system_msgs__rosidl_typesupport_cpp.dir/rosidl_typesupport_cpp/autoware_system_msgs/msg/hazard_status_stamped__type_support.cpp.o[0m
[7.803s] [ 44%] [32mBuilding CXX object CMakeFiles/autoware_system_msgs__rosidl_typesupport_cpp.dir/rosidl_typesupport_cpp/autoware_system_msgs/msg/hazard_status__type_support.cpp.o[0m
[7.803s] [ 46%] [32mBuilding CXX object CMakeFiles/autoware_system_msgs__rosidl_typesupport_fastrtps_c.dir/rosidl_typesupport_fastrtps_c/autoware_system_msgs/msg/detail/autoware_state__type_support_c.cpp.o[0m
[7.803s] [ 48%] [32mBuilding CXX object CMakeFiles/autoware_system_msgs__rosidl_typesupport_fastrtps_c.dir/rosidl_typesupport_fastrtps_c/autoware_system_msgs/msg/detail/hazard_status_stamped__type_support_c.cpp.o[0m
[7.804s] [ 51%] [32mBuilding CXX object CMakeFiles/autoware_system_msgs__rosidl_typesupport_fastrtps_c.dir/rosidl_typesupport_fastrtps_c/autoware_system_msgs/msg/detail/hazard_status__type_support_c.cpp.o[0m
[7.804s] [ 53%] [32mBuilding C object CMakeFiles/autoware_system_msgs__rosidl_typesupport_introspection_c.dir/rosidl_typesupport_introspection_c/autoware_system_msgs/msg/detail/autoware_state__type_support.c.o[0m
[7.804s] [ 55%] [32mBuilding C object CMakeFiles/autoware_system_msgs__rosidl_typesupport_introspection_c.dir/rosidl_typesupport_introspection_c/autoware_system_msgs/msg/detail/hazard_status_stamped__type_support.c.o[0m
[7.804s] [ 57%] [32mBuilding C object CMakeFiles/autoware_system_msgs__rosidl_typesupport_introspection_c.dir/rosidl_typesupport_introspection_c/autoware_system_msgs/msg/detail/hazard_status__type_support.c.o[0m
[7.804s] [ 59%] [32mBuilding CXX object CMakeFiles/autoware_system_msgs__rosidl_typesupport_c.dir/rosidl_typesupport_c/autoware_system_msgs/msg/hazard_status__type_support.cpp.o[0m
[7.804s] [ 61%] [32mBuilding CXX object CMakeFiles/autoware_system_msgs__rosidl_typesupport_c.dir/rosidl_typesupport_c/autoware_system_msgs/msg/autoware_state__type_support.cpp.o[0m
[7.805s] [ 63%] [32mBuilding CXX object CMakeFiles/autoware_system_msgs__rosidl_typesupport_c.dir/rosidl_typesupport_c/autoware_system_msgs/msg/hazard_status_stamped__type_support.cpp.o[0m
[7.805s] [ 65%] [32m[1mLinking C shared library libautoware_system_msgs__rosidl_typesupport_introspection_c.so[0m
[7.805s] [ 68%] [32m[1mLinking CXX shared library libautoware_system_msgs__rosidl_typesupport_cpp.so[0m
[7.805s] [ 70%] [32m[1mLinking CXX shared library libautoware_system_msgs__rosidl_typesupport_c.so[0m
[7.808s] [ 70%] Built target autoware_system_msgs__rosidl_typesupport_cpp
[7.808s] [ 70%] Built target autoware_system_msgs__rosidl_typesupport_c
[7.808s] [ 70%] Built target autoware_system_msgs__rosidl_typesupport_introspection_c
[7.808s] [ 72%] [32m[1mLinking CXX shared library libautoware_system_msgs__rosidl_typesupport_introspection_cpp.so[0m
[7.808s] [ 72%] Built target autoware_system_msgs__rosidl_typesupport_introspection_cpp
[7.991s] [ 74%] [32m[1mLinking CXX shared library libautoware_system_msgs__rosidl_typesupport_fastrtps_c.so[0m
[8.033s] [ 76%] [32m[1mLinking CXX shared library libautoware_system_msgs__rosidl_typesupport_fastrtps_cpp.so[0m
[8.243s] [ 76%] Built target autoware_system_msgs__rosidl_typesupport_fastrtps_c
[8.243s] [ 76%] Built target autoware_system_msgs__rosidl_typesupport_fastrtps_cpp
[8.373s] [ 76%] Built target autoware_system_msgs
[8.470s] gmake[2]: *** [autoware_system_msgs__py/CMakeFiles/autoware_system_msgs__py.dir/build.make:226: autoware_system_msgs__py/CMakeFiles/autoware_system_msgs__py.dir/depend] Interrupt
[8.510s] gmake[1]: *** [CMakeFiles/Makefile2:589: autoware_system_msgs__py/CMakeFiles/autoware_system_msgs__py.dir/all] Interrupt
[8.510s] gmake: *** [Makefile:146: all] Interrupt
[8.540s] Invoked command in '/workspace/simpleav/20251204/src/simple_av/build/autoware_system_msgs' returned '-2': CMAKE_PREFIX_PATH=${CMAKE_PREFIX_PATH}:/workspace/simpleav/20251204/install/system:/workspace/simpleav/20251204/install/simple_av_logger:/workspace/simpleav/20251204/install/simple_av:/workspace/simpleav/20251204/install/planning:/workspace/simpleav/20251204/install/perception:/workspace/simpleav/20251204/install/localization:/workspace/simpleav/20251204/install/control:/workspace/simpleav/20251204/install/common:/opt/ros/humble /usr/bin/cmake --build /workspace/simpleav/20251204/src/simple_av/build/autoware_system_msgs -- -j52 -l52
