[0.069s] Invoking command in '/workspace/simpleav/20251204/src/simple_av/build/tier4_datetime_rviz_plugin': AMENT_PREFIX_PATH=/workspace/simpleav/20251204/src/simple_av/install/autoware_cmake:/workspace/simpleav/20251204/src/simple_av/install/autoware_lint_common:${AMENT_PREFIX_PATH} CMAKE_PREFIX_PATH=/workspace/simpleav/20251204/src/simple_av/install/autoware_cmake:/workspace/simpleav/20251204/src/simple_av/install/autoware_lint_common:/workspace/simpleav/20251204/install/v2x_msgs:/workspace/simpleav/20251204/install/tier4_vehicle_rviz_plugin:/workspace/simpleav/20251204/install/tier4_traffic_light_rviz_plugin:/workspace/simpleav/20251204/install/tier4_system_rviz_plugin:/workspace/simpleav/20251204/install/tier4_camera_view_rviz_plugin:/workspace/simpleav/20251204/install/tier4_adapi_rviz_plugin:/workspace/simpleav/20251204/install/autoware_component_interface_utils:/workspace/simpleav/20251204/install/tier4_system_msgs:/workspace/simpleav/20251204/install/tier4_state_rviz_plugin:/workspace/simpleav/20251204/install/tier4_dummy_object_rviz_plugin:/workspace/simpleav/20251204/install/tier4_simulation_msgs:/workspace/simpleav/20251204/install/tier4_planning_rviz_plugin:/workspace/simpleav/20251204/install/tier4_planning_factor_rviz_plugin:/workspace/simpleav/20251204/install/tier4_localization_rviz_plugin:/workspace/simpleav/20251204/install/tier4_external_api_msgs:/workspace/simpleav/20251204/install/tier4_datetime_rviz_plugin:/workspace/simpleav/20251204/install/simple_av_msgs:/workspace/simpleav/20251204/install/autoware_overlay_rviz_plugin:/workspace/simpleav/20251204/install/autoware_motion_utils:/workspace/simpleav/20251204/install/autoware_map_loader:/workspace/simpleav/20251204/install/autoware_component_interface_specs:/workspace/simpleav/20251204/install/autoware_vehicle_msgs:/workspace/simpleav/20251204/install/autoware_vehicle_info_utils:/workspace/simpleav/20251204/install/autoware_utils:/workspace/simpleav/20251204/install/autoware_utils_visualization:/workspace/simpleav/20251204/install/autoware_utils_uuid:/workspace/simpleav/20251204/install/autoware_utils_pcl:/workspace/simpleav/20251204/install/autoware_utils_tf:/workspace/simpleav/20251204/install/autoware_utils_debug:/workspace/simpleav/20251204/install/autoware_utils_system:/workspace/simpleav/20251204/install/autoware_utils_rclcpp:/workspace/simpleav/20251204/install/autoware_interpolation:/workspace/simpleav/20251204/install/autoware_utils_geometry:/workspace/simpleav/20251204/install/autoware_utils_math:/workspace/simpleav/20251204/install/autoware_utils_logging:/workspace/simpleav/20251204/install/autoware_utils_diagnostics:/workspace/simpleav/20251204/install/autoware_system_msgs:/workspace/simpleav/20251204/install/autoware_string_stamped_rviz_plugin:/workspace/simpleav/20251204/install/autoware_sensing_msgs:/workspace/simpleav/20251204/install/autoware_polar_grid:/workspace/simpleav/20251204/install/autoware_mission_details_overlay_rviz_plugin:/workspace/simpleav/20251204/install/autoware_lanelet2_map_visualizer:/workspace/simpleav/20251204/install/autoware_lanelet2_extension_python:/workspace/simpleav/20251204/install/autoware_geography_utils:/workspace/simpleav/20251204/install/autoware_lanelet2_extension:/workspace/simpleav/20251204/install/autoware_internal_msgs:/workspace/simpleav/20251204/install/autoware_internal_planning_msgs:/workspace/simpleav/20251204/install/autoware_planning_msgs:/workspace/simpleav/20251204/install/autoware_perception_rviz_plugin:/workspace/simpleav/20251204/install/autoware_internal_perception_msgs:/workspace/simpleav/20251204/install/autoware_perception_msgs:/workspace/simpleav/20251204/install/autoware_map_msgs:/workspace/simpleav/20251204/install/autoware_localization_msgs:/workspace/simpleav/20251204/install/autoware_lint_common:/workspace/simpleav/20251204/install/autoware_internal_metric_msgs:/workspace/simpleav/20251204/install/autoware_internal_localization_msgs:/workspace/simpleav/20251204/install/autoware_internal_debug_msgs:/workspace/simpleav/20251204/install/autoware_control_msgs:/workspace/simpleav/20251204/install/autoware_common_msgs:/workspace/simpleav/20251204/install/autoware_cmake:/workspace/simpleav/20251204/install/autoware_bag_time_manager_rviz_plugin:/workspace/simpleav/20251204/install/autoware_adapi_version_msgs:/workspace/simpleav/20251204/install/autoware_adapi_v1_msgs:/workspace/simpleav/20251204/install/autoware_adapi_specs:/workspace/simpleav/20251204/install/system:/workspace/simpleav/20251204/install/simple_av_logger:/workspace/simpleav/20251204/install/simple_av:/workspace/simpleav/20251204/install/planning:/workspace/simpleav/20251204/install/perception:/workspace/simpleav/20251204/install/localization:/workspace/simpleav/20251204/install/control:/workspace/simpleav/20251204/install/common:/opt/ros/humble /usr/bin/cmake /workspace/simpleav/20251204/src/simple_av/src/visualization/autoware_plugins/tier4_datetime_rviz_plugin -DAMENT_CMAKE_SYMLINK_INSTALL=1 -DCMAKE_INSTALL_PREFIX=/workspace/simpleav/20251204/src/simple_av/install/tier4_datetime_rviz_plugin
[1.131s] -- The C compiler identification is GNU 11.4.0
[1.131s] -- The CXX compiler identification is GNU 11.4.0
[1.131s] -- Detecting C compiler ABI info
[1.131s] -- Detecting C compiler ABI info - done
[1.131s] -- Check for working C compiler: /usr/lib/ccache/gcc - skipped
[1.131s] -- Detecting C compile features
[1.131s] -- Detecting C compile features - done
[1.131s] -- Detecting CXX compiler ABI info
[1.131s] -- Detecting CXX compiler ABI info - done
[1.131s] -- Check for working CXX compiler: /usr/lib/ccache/g++ - skipped
[1.131s] -- Detecting CXX compile features
[1.131s] -- Detecting CXX compile features - done
[1.131s] -- Found autoware_cmake: 1.0.2 (/workspace/simpleav/20251204/src/simple_av/install/autoware_cmake/share/autoware_cmake/cmake)
[1.173s] -- Found Python3: /usr/bin/python3 (found version "3.10.12") found components: Interpreter 
[1.427s] -- Override CMake install command with custom implementation using symlinks instead of copying resources
[1.721s] -- Found TinyXML2: /usr/lib/x86_64-linux-gnu/libtinyxml2.so  
[2.005s] -- Found rosidl_generator_c: 3.1.6 (/opt/ros/humble/share/rosidl_generator_c/cmake)
[2.021s] -- Found rosidl_adapter: 3.1.6 (/opt/ros/humble/share/rosidl_adapter/cmake)
[2.040s] -- Found rosidl_generator_cpp: 3.1.6 (/opt/ros/humble/share/rosidl_generator_cpp/cmake)
[2.081s] -- Using all available rosidl_typesupport_c: rosidl_typesupport_fastrtps_c;rosidl_typesupport_introspection_c
[2.141s] -- Using all available rosidl_typesupport_cpp: rosidl_typesupport_fastrtps_cpp;rosidl_typesupport_introspection_cpp
[2.245s] -- Found rmw_implementation_cmake: 6.1.2 (/opt/ros/humble/share/rmw_implementation_cmake/cmake)
[2.255s] -- Found rmw_cyclonedds_cpp: 1.3.4 (/opt/ros/humble/share/rmw_cyclonedds_cpp/cmake)
[2.353s] -- Using RMW implementation 'rmw_cyclonedds_cpp' as default
[2.425s] -- Looking for pthread.h
[2.852s] -- Looking for pthread.h - found
[2.852s] -- Performing Test CMAKE_HAVE_LIBC_PTHREAD
[3.354s] -- Performing Test CMAKE_HAVE_LIBC_PTHREAD - Success
[3.356s] -- Found Threads: TRUE  
[3.889s] -- Setting assimp_DIR to: '/opt/ros/humble/share/rviz_assimp_vendor/cmake/../../../opt/rviz_assimp_vendor/lib/cmake/assimp-4.1'
[3.947s] -- Setting OGRE_DIR to: '/opt/ros/humble/share/rviz_ogre_vendor/cmake/../../../opt/rviz_ogre_vendor/lib/OGRE/cmake'
[3.952s] -- Found OGRE
[3.952s] --   static     : OFF
[3.952s] --   components : HLMS;MeshLodGenerator;Overlay;Paging;Property;RTShaderSystem;Terrain;Volume
[3.952s] --   plugins    : Plugin_BSPSceneManager;Plugin_OctreeSceneManager;Plugin_PCZSceneManager;Plugin_ParticleFX;RenderSystem_GL;RenderSystem_GL3Plus;Codec_STBI
[3.953s] --   media      : /opt/ros/humble/opt/rviz_ogre_vendor/share/OGRE/Media
[3.953s] -- OGRE_LIBRARIES: OgreHLMS;OgreMeshLodGenerator;OgreOverlay;OgrePaging;OgreProperty;OgreRTShaderSystem;OgreTerrain;OgreVolume;OgreMain
[3.953s] -- OGRE_LIBRARY_DIRS: /opt/ros/humble/opt/rviz_ogre_vendor/lib
[3.953s] -- OGRE_PLUGINS: Plugin_BSPSceneManager;Plugin_OctreeSceneManager;Plugin_PCZSceneManager;Plugin_ParticleFX;RenderSystem_GL;RenderSystem_GL3Plus;Codec_STBI
[3.953s] -- OGRE_PLUGIN_DIR: /opt/ros/humble/opt/rviz_ogre_vendor/lib/OGRE
[3.957s] -- rviz_ogre_vendor::OgreOverlay for IMPORTED_LOCATION_RELEASE: /opt/ros/humble/opt/rviz_ogre_vendor/lib/libOgreOverlay.so
[3.957s] -- rviz_ogre_vendor::OgreOverlay for IMPORTED_LOCATION_DEBUG: /opt/ros/humble/opt/rviz_ogre_vendor/lib/libOgreOverlay.so
[3.957s] -- rviz_ogre_vendor::OgreMain for IMPORTED_LOCATION_RELEASE: /opt/ros/humble/opt/rviz_ogre_vendor/lib/libOgreMain.so
[3.957s] -- rviz_ogre_vendor::OgreMain for IMPORTED_LOCATION_DEBUG: /opt/ros/humble/opt/rviz_ogre_vendor/lib/libOgreMain.so
[3.974s] -- Could not find freeimage library
[4.053s] -- Found ZLIB: /usr/lib/x86_64-linux-gnu/libz.so (found version "1.2.11") 
[4.078s] -- Found OpenGL: /usr/lib/x86_64-linux-gnu/libOpenGL.so   
[4.509s] -- Found X11: /usr/include   
[4.512s] -- Looking for XOpenDisplay in /usr/lib/x86_64-linux-gnu/libX11.so;/usr/lib/x86_64-linux-gnu/libXext.so
[4.668s] Invoked command in '/workspace/simpleav/20251204/src/simple_av/build/tier4_datetime_rviz_plugin' returned '-2': AMENT_PREFIX_PATH=/workspace/simpleav/20251204/src/simple_av/install/autoware_cmake:/workspace/simpleav/20251204/src/simple_av/install/autoware_lint_common:${AMENT_PREFIX_PATH} CMAKE_PREFIX_PATH=/workspace/simpleav/20251204/src/simple_av/install/autoware_cmake:/workspace/simpleav/20251204/src/simple_av/install/autoware_lint_common:/workspace/simpleav/20251204/install/v2x_msgs:/workspace/simpleav/20251204/install/tier4_vehicle_rviz_plugin:/workspace/simpleav/20251204/install/tier4_traffic_light_rviz_plugin:/workspace/simpleav/20251204/install/tier4_system_rviz_plugin:/workspace/simpleav/20251204/install/tier4_camera_view_rviz_plugin:/workspace/simpleav/20251204/install/tier4_adapi_rviz_plugin:/workspace/simpleav/20251204/install/autoware_component_interface_utils:/workspace/simpleav/20251204/install/tier4_system_msgs:/workspace/simpleav/20251204/install/tier4_state_rviz_plugin:/workspace/simpleav/20251204/install/tier4_dummy_object_rviz_plugin:/workspace/simpleav/20251204/install/tier4_simulation_msgs:/workspace/simpleav/20251204/install/tier4_planning_rviz_plugin:/workspace/simpleav/20251204/install/tier4_planning_factor_rviz_plugin:/workspace/simpleav/20251204/install/tier4_localization_rviz_plugin:/workspace/simpleav/20251204/install/tier4_external_api_msgs:/workspace/simpleav/20251204/install/tier4_datetime_rviz_plugin:/workspace/simpleav/20251204/install/simple_av_msgs:/workspace/simpleav/20251204/install/autoware_overlay_rviz_plugin:/workspace/simpleav/20251204/install/autoware_motion_utils:/workspace/simpleav/20251204/install/autoware_map_loader:/workspace/simpleav/20251204/install/autoware_component_interface_specs:/workspace/simpleav/20251204/install/autoware_vehicle_msgs:/workspace/simpleav/20251204/install/autoware_vehicle_info_utils:/workspace/simpleav/20251204/install/autoware_utils:/workspace/simpleav/20251204/install/autoware_utils_visualization:/workspace/simpleav/20251204/install/autoware_utils_uuid:/workspace/simpleav/20251204/install/autoware_utils_pcl:/workspace/simpleav/20251204/install/autoware_utils_tf:/workspace/simpleav/20251204/install/autoware_utils_debug:/workspace/simpleav/20251204/install/autoware_utils_system:/workspace/simpleav/20251204/install/autoware_utils_rclcpp:/workspace/simpleav/20251204/install/autoware_interpolation:/workspace/simpleav/20251204/install/autoware_utils_geometry:/workspace/simpleav/20251204/install/autoware_utils_math:/workspace/simpleav/20251204/install/autoware_utils_logging:/workspace/simpleav/20251204/install/autoware_utils_diagnostics:/workspace/simpleav/20251204/install/autoware_system_msgs:/workspace/simpleav/20251204/install/autoware_string_stamped_rviz_plugin:/workspace/simpleav/20251204/install/autoware_sensing_msgs:/workspace/simpleav/20251204/install/autoware_polar_grid:/workspace/simpleav/20251204/install/autoware_mission_details_overlay_rviz_plugin:/workspace/simpleav/20251204/install/autoware_lanelet2_map_visualizer:/workspace/simpleav/20251204/install/autoware_lanelet2_extension_python:/workspace/simpleav/20251204/install/autoware_geography_utils:/workspace/simpleav/20251204/install/autoware_lanelet2_extension:/workspace/simpleav/20251204/install/autoware_internal_msgs:/workspace/simpleav/20251204/install/autoware_internal_planning_msgs:/workspace/simpleav/20251204/install/autoware_planning_msgs:/workspace/simpleav/20251204/install/autoware_perception_rviz_plugin:/workspace/simpleav/20251204/install/autoware_internal_perception_msgs:/workspace/simpleav/20251204/install/autoware_perception_msgs:/workspace/simpleav/20251204/install/autoware_map_msgs:/workspace/simpleav/20251204/install/autoware_localization_msgs:/workspace/simpleav/20251204/install/autoware_lint_common:/workspace/simpleav/20251204/install/autoware_internal_metric_msgs:/workspace/simpleav/20251204/install/autoware_internal_localization_msgs:/workspace/simpleav/20251204/install/autoware_internal_debug_msgs:/workspace/simpleav/20251204/install/autoware_control_msgs:/workspace/simpleav/20251204/install/autoware_common_msgs:/workspace/simpleav/20251204/install/autoware_cmake:/workspace/simpleav/20251204/install/autoware_bag_time_manager_rviz_plugin:/workspace/simpleav/20251204/install/autoware_adapi_version_msgs:/workspace/simpleav/20251204/install/autoware_adapi_v1_msgs:/workspace/simpleav/20251204/install/autoware_adapi_specs:/workspace/simpleav/20251204/install/system:/workspace/simpleav/20251204/install/simple_av_logger:/workspace/simpleav/20251204/install/simple_av:/workspace/simpleav/20251204/install/planning:/workspace/simpleav/20251204/install/perception:/workspace/simpleav/20251204/install/localization:/workspace/simpleav/20251204/install/control:/workspace/simpleav/20251204/install/common:/opt/ros/humble /usr/bin/cmake /workspace/simpleav/20251204/src/simple_av/src/visualization/autoware_plugins/tier4_datetime_rviz_plugin -DAMENT_CMAKE_SYMLINK_INSTALL=1 -DCMAKE_INSTALL_PREFIX=/workspace/simpleav/20251204/src/simple_av/install/tier4_datetime_rviz_plugin
