-- The C compiler identification is GNU 11.4.0
-- The CXX compiler identification is GNU 11.4.0
-- Detecting C compiler ABI info
-- Detecting C compiler ABI info - done
-- Check for working C compiler: /usr/lib/ccache/gcc - skipped
-- Detecting C compile features
-- Detecting C compile features - done
-- Detecting CXX compiler ABI info
-- Detecting CXX compiler ABI info - done
-- Check for working CXX compiler: /usr/lib/ccache/g++ - skipped
-- Detecting CXX compile features
-- Detecting CXX compile features - done
-- Found autoware_cmake: 1.0.2 (/workspace/simpleav/20251204/src/simple_av/install/autoware_cmake/share/autoware_cmake/cmake)
-- Found Python3: /usr/bin/python3 (found version "3.10.12") found components: Interpreter 
-- Override CMake install command with custom implementation using symlinks instead of copying resources
-- Found TinyXML2: /usr/lib/x86_64-linux-gnu/libtinyxml2.so  
-- Found ament_lint_auto: 0.12.11 (/opt/ros/humble/share/ament_lint_auto/cmake)
-- Found gtest sources under '/opt/ros/humble/src/gtest_vendor': C++ tests using 'Google Test' will be built
-- Looking for pthread.h
-- Looking for pthread.h - found
-- Performing Test CMAKE_HAVE_LIBC_PTHREAD
-- Performing Test CMAKE_HAVE_LIBC_PTHREAD - Success
-- Found Threads: TRUE  
-- Added test 'copyright' to check source files copyright and LICENSE
-- Added test 'cppcheck' to perform static code analysis on C / C++ code
-- Configured cppcheck include dirs: /workspace/simpleav/20251204/src/simple_av/src/visualization/core/autoware_utils/autoware_utils_math/include
-- Configured cppcheck exclude dirs and/or files: 
-- Added test 'lint_cmake' to check CMake code style
-- Added test 'xmllint' to check XML markup files
-- Configuring done
-- Generating done
-- Build files have been written to: /workspace/simpleav/20251204/src/simple_av/build/autoware_utils_math
[  5%] [32mBuilding CXX object CMakeFiles/autoware_utils_math.dir/src/sin_table.cpp.o[0m
[ 11%] [32mBuilding CXX object CMakeFiles/autoware_utils_math.dir/src/trigonometry.cpp.o[0m
[ 17%] [32mBuilding CXX object gtest/CMakeFiles/gtest.dir/src/gtest-all.cc.o[0m
[ 23%] [32mBuilding CXX object gtest/CMakeFiles/gtest_main.dir/src/gtest_main.cc.o[0m
[ 29%] [32m[1mLinking CXX static library libgtest_main.a[0m
[ 35%] [32m[1mLinking CXX static library libgtest.a[0m
[ 35%] Built target gtest_main
[ 35%] Built target gtest
[ 41%] [32m[1mLinking CXX shared library libautoware_utils_math.so[0m
[ 41%] Built target autoware_utils_math
[ 47%] [32mBuilding CXX object CMakeFiles/test_autoware_utils_math.dir/test/cases/accumulator.cpp.o[0m
[ 52%] [32mBuilding CXX object CMakeFiles/test_autoware_utils_math.dir/test/cases/constants.cpp.o[0m
[ 58%] [32mBuilding CXX object CMakeFiles/test_autoware_utils_math.dir/test/cases/normalization.cpp.o[0m
[ 64%] [32mBuilding CXX object CMakeFiles/test_autoware_utils_math.dir/test/cases/range.cpp.o[0m
[ 70%] [32mBuilding CXX object CMakeFiles/test_autoware_utils_math.dir/test/cases/range_arange.cpp.o[0m
[ 76%] [32mBuilding CXX object CMakeFiles/test_autoware_utils_math.dir/test/cases/range_linspace.cpp.o[0m
[ 82%] [32mBuilding CXX object CMakeFiles/test_autoware_utils_math.dir/test/cases/trigonometry.cpp.o[0m
[ 88%] [32mBuilding CXX object CMakeFiles/test_autoware_utils_math.dir/test/main.cpp.o[0m
[ 94%] [32mBuilding CXX object CMakeFiles/test_autoware_utils_math.dir/test/cases/unit_conversion.cpp.o[0m
