[0.076s] Invoking command in '/workspace/simpleav/20251204/src/simple_av/build/autoware_bag_time_manager_rviz_plugin': AMENT_PREFIX_PATH=/workspace/simpleav/20251204/src/simple_av/install/autoware_cmake:/workspace/simpleav/20251204/src/simple_av/install/autoware_lint_common:${AMENT_PREFIX_PATH} CMAKE_PREFIX_PATH=/workspace/simpleav/20251204/src/simple_av/install/autoware_cmake:/workspace/simpleav/20251204/src/simple_av/install/autoware_lint_common:/workspace/simpleav/20251204/install/v2x_msgs:/workspace/simpleav/20251204/install/tier4_vehicle_rviz_plugin:/workspace/simpleav/20251204/install/tier4_traffic_light_rviz_plugin:/workspace/simpleav/20251204/install/tier4_system_rviz_plugin:/workspace/simpleav/20251204/install/tier4_camera_view_rviz_plugin:/workspace/simpleav/20251204/install/tier4_adapi_rviz_plugin:/workspace/simpleav/20251204/install/autoware_component_interface_utils:/workspace/simpleav/20251204/install/tier4_system_msgs:/workspace/simpleav/20251204/install/tier4_state_rviz_plugin:/workspace/simpleav/20251204/install/tier4_dummy_object_rviz_plugin:/workspace/simpleav/20251204/install/tier4_simulation_msgs:/workspace/simpleav/20251204/install/tier4_planning_rviz_plugin:/workspace/simpleav/20251204/install/tier4_planning_factor_rviz_plugin:/workspace/simpleav/20251204/install/tier4_localization_rviz_plugin:/workspace/simpleav/20251204/install/tier4_external_api_msgs:/workspace/simpleav/20251204/install/tier4_datetime_rviz_plugin:/workspace/simpleav/20251204/install/simple_av_msgs:/workspace/simpleav/20251204/install/autoware_overlay_rviz_plugin:/workspace/simpleav/20251204/install/autoware_motion_utils:/workspace/simpleav/20251204/install/autoware_map_loader:/workspace/simpleav/20251204/install/autoware_component_interface_specs:/workspace/simpleav/20251204/install/autoware_vehicle_msgs:/workspace/simpleav/20251204/install/autoware_vehicle_info_utils:/workspace/simpleav/20251204/install/autoware_utils:/workspace/simpleav/20251204/install/autoware_utils_visualization:/workspace/simpleav/20251204/install/autoware_utils_uuid:/workspace/simpleav/20251204/install/autoware_utils_pcl:/workspace/simpleav/20251204/install/autoware_utils_tf:/workspace/simpleav/20251204/install/autoware_utils_debug:/workspace/simpleav/20251204/install/autoware_utils_system:/workspace/simpleav/20251204/install/autoware_utils_rclcpp:/workspace/simpleav/20251204/install/autoware_interpolation:/workspace/simpleav/20251204/install/autoware_utils_geometry:/workspace/simpleav/20251204/install/autoware_utils_math:/workspace/simpleav/20251204/install/autoware_utils_logging:/workspace/simpleav/20251204/install/autoware_utils_diagnostics:/workspace/simpleav/20251204/install/autoware_system_msgs:/workspace/simpleav/20251204/install/autoware_string_stamped_rviz_plugin:/workspace/simpleav/20251204/install/autoware_sensing_msgs:/workspace/simpleav/20251204/install/autoware_polar_grid:/workspace/simpleav/20251204/install/autoware_mission_details_overlay_rviz_plugin:/workspace/simpleav/20251204/install/autoware_lanelet2_map_visualizer:/workspace/simpleav/20251204/install/autoware_lanelet2_extension_python:/workspace/simpleav/20251204/install/autoware_geography_utils:/workspace/simpleav/20251204/install/autoware_lanelet2_extension:/workspace/simpleav/20251204/install/autoware_internal_msgs:/workspace/simpleav/20251204/install/autoware_internal_planning_msgs:/workspace/simpleav/20251204/install/autoware_planning_msgs:/workspace/simpleav/20251204/install/autoware_perception_rviz_plugin:/workspace/simpleav/20251204/install/autoware_internal_perception_msgs:/workspace/simpleav/20251204/install/autoware_perception_msgs:/workspace/simpleav/20251204/install/autoware_map_msgs:/workspace/simpleav/20251204/install/autoware_localization_msgs:/workspace/simpleav/20251204/install/autoware_lint_common:/workspace/simpleav/20251204/install/autoware_internal_metric_msgs:/workspace/simpleav/20251204/install/autoware_internal_localization_msgs:/workspace/simpleav/20251204/install/autoware_internal_debug_msgs:/workspace/simpleav/20251204/install/autoware_control_msgs:/workspace/simpleav/20251204/install/autoware_common_msgs:/workspace/simpleav/20251204/install/autoware_cmake:/workspace/simpleav/20251204/install/autoware_bag_time_manager_rviz_plugin:/workspace/simpleav/20251204/install/autoware_adapi_version_msgs:/workspace/simpleav/20251204/install/autoware_adapi_v1_msgs:/workspace/simpleav/20251204/install/autoware_adapi_specs:/workspace/simpleav/20251204/install/system:/workspace/simpleav/20251204/install/simple_av_logger:/workspace/simpleav/20251204/install/simple_av:/workspace/simpleav/20251204/install/planning:/workspace/simpleav/20251204/install/perception:/workspace/simpleav/20251204/install/localization:/workspace/simpleav/20251204/install/control:/workspace/simpleav/20251204/install/common:/opt/ros/humble /usr/bin/cmake /workspace/simpleav/20251204/src/simple_av/src/visualization/autoware_plugins/autoware_bag_time_manager_rviz_plugin -DAMENT_CMAKE_SYMLINK_INSTALL=1 -DCMAKE_INSTALL_PREFIX=/workspace/simpleav/20251204/src/simple_av/install/autoware_bag_time_manager_rviz_plugin
[0.725s] -- The C compiler identification is GNU 11.4.0
[0.725s] -- The CXX compiler identification is GNU 11.4.0
[0.725s] -- Detecting C compiler ABI info
[0.725s] -- Detecting C compiler ABI info - done
[0.726s] -- Check for working C compiler: /usr/lib/ccache/gcc - skipped
[0.726s] -- Detecting C compile features
[0.726s] -- Detecting C compile features - done
[0.726s] -- Detecting CXX compiler ABI info
[0.797s] -- Detecting CXX compiler ABI info - done
[0.810s] -- Check for working CXX compiler: /usr/lib/ccache/g++ - skipped
[0.810s] -- Detecting CXX compile features
[0.810s] -- Detecting CXX compile features - done
[0.810s] -- Found autoware_cmake: 1.0.2 (/workspace/simpleav/20251204/src/simple_av/install/autoware_cmake/share/autoware_cmake/cmake)
[1.207s] -- Found Python3: /usr/bin/python3 (found version "3.10.12") found components: Interpreter 
[1.373s] -- Override CMake install command with custom implementation using symlinks instead of copying resources
[1.708s] -- Found TinyXML2: /usr/lib/x86_64-linux-gnu/libtinyxml2.so  
[2.242s] -- Found rosidl_generator_c: 3.1.6 (/opt/ros/humble/share/rosidl_generator_c/cmake)
[2.265s] -- Found rosidl_adapter: 3.1.6 (/opt/ros/humble/share/rosidl_adapter/cmake)
[2.293s] -- Found rosidl_generator_cpp: 3.1.6 (/opt/ros/humble/share/rosidl_generator_cpp/cmake)
[2.328s] -- Using all available rosidl_typesupport_c: rosidl_typesupport_fastrtps_c;rosidl_typesupport_introspection_c
[2.378s] -- Using all available rosidl_typesupport_cpp: rosidl_typesupport_fastrtps_cpp;rosidl_typesupport_introspection_cpp
[2.523s] -- Found rmw_implementation_cmake: 6.1.2 (/opt/ros/humble/share/rmw_implementation_cmake/cmake)
[2.536s] -- Found rmw_cyclonedds_cpp: 1.3.4 (/opt/ros/humble/share/rmw_cyclonedds_cpp/cmake)
[2.604s] -- Using RMW implementation 'rmw_cyclonedds_cpp' as default
[2.633s] -- Looking for pthread.h
[3.093s] -- Looking for pthread.h - found
[3.093s] -- Performing Test CMAKE_HAVE_LIBC_PTHREAD
[3.526s] -- Performing Test CMAKE_HAVE_LIBC_PTHREAD - Success
[3.530s] -- Found Threads: TRUE  
[4.062s] -- Setting assimp_DIR to: '/opt/ros/humble/share/rviz_assimp_vendor/cmake/../../../opt/rviz_assimp_vendor/lib/cmake/assimp-4.1'
[4.099s] -- Setting OGRE_DIR to: '/opt/ros/humble/share/rviz_ogre_vendor/cmake/../../../opt/rviz_ogre_vendor/lib/OGRE/cmake'
[4.100s] -- Found OGRE
[4.100s] --   static     : OFF
[4.107s] --   components : HLMS;MeshLodGenerator;Overlay;Paging;Property;RTShaderSystem;Terrain;Volume
[4.107s] --   plugins    : Plugin_BSPSceneManager;Plugin_OctreeSceneManager;Plugin_PCZSceneManager;Plugin_ParticleFX;RenderSystem_GL;RenderSystem_GL3Plus;Codec_STBI
[4.107s] --   media      : /opt/ros/humble/opt/rviz_ogre_vendor/share/OGRE/Media
[4.107s] -- OGRE_LIBRARIES: OgreHLMS;OgreMeshLodGenerator;OgreOverlay;OgrePaging;OgreProperty;OgreRTShaderSystem;OgreTerrain;OgreVolume;OgreMain
[4.107s] -- OGRE_LIBRARY_DIRS: /opt/ros/humble/opt/rviz_ogre_vendor/lib
[4.107s] -- OGRE_PLUGINS: Plugin_BSPSceneManager;Plugin_OctreeSceneManager;Plugin_PCZSceneManager;Plugin_ParticleFX;RenderSystem_GL;RenderSystem_GL3Plus;Codec_STBI
[4.108s] -- OGRE_PLUGIN_DIR: /opt/ros/humble/opt/rviz_ogre_vendor/lib/OGRE
[4.108s] -- rviz_ogre_vendor::OgreOverlay for IMPORTED_LOCATION_RELEASE: /opt/ros/humble/opt/rviz_ogre_vendor/lib/libOgreOverlay.so
[4.108s] -- rviz_ogre_vendor::OgreOverlay for IMPORTED_LOCATION_DEBUG: /opt/ros/humble/opt/rviz_ogre_vendor/lib/libOgreOverlay.so
[4.108s] -- rviz_ogre_vendor::OgreMain for IMPORTED_LOCATION_RELEASE: /opt/ros/humble/opt/rviz_ogre_vendor/lib/libOgreMain.so
[4.108s] -- rviz_ogre_vendor::OgreMain for IMPORTED_LOCATION_DEBUG: /opt/ros/humble/opt/rviz_ogre_vendor/lib/libOgreMain.so
[4.120s] -- Could not find freeimage library
[4.207s] -- Found ZLIB: /usr/lib/x86_64-linux-gnu/libz.so (found version "1.2.11") 
[4.239s] -- Found OpenGL: /usr/lib/x86_64-linux-gnu/libOpenGL.so   
[4.675s] Invoked command in '/workspace/simpleav/20251204/src/simple_av/build/autoware_bag_time_manager_rviz_plugin' returned '-2': AMENT_PREFIX_PATH=/workspace/simpleav/20251204/src/simple_av/install/autoware_cmake:/workspace/simpleav/20251204/src/simple_av/install/autoware_lint_common:${AMENT_PREFIX_PATH} CMAKE_PREFIX_PATH=/workspace/simpleav/20251204/src/simple_av/install/autoware_cmake:/workspace/simpleav/20251204/src/simple_av/install/autoware_lint_common:/workspace/simpleav/20251204/install/v2x_msgs:/workspace/simpleav/20251204/install/tier4_vehicle_rviz_plugin:/workspace/simpleav/20251204/install/tier4_traffic_light_rviz_plugin:/workspace/simpleav/20251204/install/tier4_system_rviz_plugin:/workspace/simpleav/20251204/install/tier4_camera_view_rviz_plugin:/workspace/simpleav/20251204/install/tier4_adapi_rviz_plugin:/workspace/simpleav/20251204/install/autoware_component_interface_utils:/workspace/simpleav/20251204/install/tier4_system_msgs:/workspace/simpleav/20251204/install/tier4_state_rviz_plugin:/workspace/simpleav/20251204/install/tier4_dummy_object_rviz_plugin:/workspace/simpleav/20251204/install/tier4_simulation_msgs:/workspace/simpleav/20251204/install/tier4_planning_rviz_plugin:/workspace/simpleav/20251204/install/tier4_planning_factor_rviz_plugin:/workspace/simpleav/20251204/install/tier4_localization_rviz_plugin:/workspace/simpleav/20251204/install/tier4_external_api_msgs:/workspace/simpleav/20251204/install/tier4_datetime_rviz_plugin:/workspace/simpleav/20251204/install/simple_av_msgs:/workspace/simpleav/20251204/install/autoware_overlay_rviz_plugin:/workspace/simpleav/20251204/install/autoware_motion_utils:/workspace/simpleav/20251204/install/autoware_map_loader:/workspace/simpleav/20251204/install/autoware_component_interface_specs:/workspace/simpleav/20251204/install/autoware_vehicle_msgs:/workspace/simpleav/20251204/install/autoware_vehicle_info_utils:/workspace/simpleav/20251204/install/autoware_utils:/workspace/simpleav/20251204/install/autoware_utils_visualization:/workspace/simpleav/20251204/install/autoware_utils_uuid:/workspace/simpleav/20251204/install/autoware_utils_pcl:/workspace/simpleav/20251204/install/autoware_utils_tf:/workspace/simpleav/20251204/install/autoware_utils_debug:/workspace/simpleav/20251204/install/autoware_utils_system:/workspace/simpleav/20251204/install/autoware_utils_rclcpp:/workspace/simpleav/20251204/install/autoware_interpolation:/workspace/simpleav/20251204/install/autoware_utils_geometry:/workspace/simpleav/20251204/install/autoware_utils_math:/workspace/simpleav/20251204/install/autoware_utils_logging:/workspace/simpleav/20251204/install/autoware_utils_diagnostics:/workspace/simpleav/20251204/install/autoware_system_msgs:/workspace/simpleav/20251204/install/autoware_string_stamped_rviz_plugin:/workspace/simpleav/20251204/install/autoware_sensing_msgs:/workspace/simpleav/20251204/install/autoware_polar_grid:/workspace/simpleav/20251204/install/autoware_mission_details_overlay_rviz_plugin:/workspace/simpleav/20251204/install/autoware_lanelet2_map_visualizer:/workspace/simpleav/20251204/install/autoware_lanelet2_extension_python:/workspace/simpleav/20251204/install/autoware_geography_utils:/workspace/simpleav/20251204/install/autoware_lanelet2_extension:/workspace/simpleav/20251204/install/autoware_internal_msgs:/workspace/simpleav/20251204/install/autoware_internal_planning_msgs:/workspace/simpleav/20251204/install/autoware_planning_msgs:/workspace/simpleav/20251204/install/autoware_perception_rviz_plugin:/workspace/simpleav/20251204/install/autoware_internal_perception_msgs:/workspace/simpleav/20251204/install/autoware_perception_msgs:/workspace/simpleav/20251204/install/autoware_map_msgs:/workspace/simpleav/20251204/install/autoware_localization_msgs:/workspace/simpleav/20251204/install/autoware_lint_common:/workspace/simpleav/20251204/install/autoware_internal_metric_msgs:/workspace/simpleav/20251204/install/autoware_internal_localization_msgs:/workspace/simpleav/20251204/install/autoware_internal_debug_msgs:/workspace/simpleav/20251204/install/autoware_control_msgs:/workspace/simpleav/20251204/install/autoware_common_msgs:/workspace/simpleav/20251204/install/autoware_cmake:/workspace/simpleav/20251204/install/autoware_bag_time_manager_rviz_plugin:/workspace/simpleav/20251204/install/autoware_adapi_version_msgs:/workspace/simpleav/20251204/install/autoware_adapi_v1_msgs:/workspace/simpleav/20251204/install/autoware_adapi_specs:/workspace/simpleav/20251204/install/system:/workspace/simpleav/20251204/install/simple_av_logger:/workspace/simpleav/20251204/install/simple_av:/workspace/simpleav/20251204/install/planning:/workspace/simpleav/20251204/install/perception:/workspace/simpleav/20251204/install/localization:/workspace/simpleav/20251204/install/control:/workspace/simpleav/20251204/install/common:/opt/ros/humble /usr/bin/cmake /workspace/simpleav/20251204/src/simple_av/src/visualization/autoware_plugins/autoware_bag_time_manager_rviz_plugin -DAMENT_CMAKE_SYMLINK_INSTALL=1 -DCMAKE_INSTALL_PREFIX=/workspace/simpleav/20251204/src/simple_av/install/autoware_bag_time_manager_rviz_plugin
