[0.155s] Invoking command in '/workspace/simpleav/20251204/src/simple_av/build/autoware_adapi_v1_msgs': CMAKE_PREFIX_PATH=${CMAKE_PREFIX_PATH}:/workspace/simpleav/20251204/install/system:/workspace/simpleav/20251204/install/simple_av_logger:/workspace/simpleav/20251204/install/simple_av:/workspace/simpleav/20251204/install/planning:/workspace/simpleav/20251204/install/perception:/workspace/simpleav/20251204/install/localization:/workspace/simpleav/20251204/install/control:/workspace/simpleav/20251204/install/common:/opt/ros/humble /usr/bin/cmake /workspace/simpleav/20251204/src/simple_av/src/visualization/simulator/autoware_adapi_msgs/autoware_adapi_v1_msgs -DAMENT_CMAKE_SYMLINK_INSTALL=1 -DCMAKE_INSTALL_PREFIX=/workspace/simpleav/20251204/src/simple_av/install/autoware_adapi_v1_msgs
[1.496s] -- The C compiler identification is GNU 11.4.0
[1.496s] -- The CXX compiler identification is GNU 11.4.0
[1.496s] -- Detecting C compiler ABI info
[1.496s] -- Detecting C compiler ABI info - done
[1.496s] -- Check for working C compiler: /usr/lib/ccache/gcc - skipped
[1.497s] -- Detecting C compile features
[1.497s] -- Detecting C compile features - done
[1.497s] -- Detecting CXX compiler ABI info
[1.497s] -- Detecting CXX compiler ABI info - done
[1.497s] -- Check for working CXX compiler: /usr/lib/ccache/g++ - skipped
[1.497s] -- Detecting CXX compile features
[1.497s] -- Detecting CXX compile features - done
[1.497s] -- Found ament_cmake_auto: 1.3.11 (/opt/ros/humble/share/ament_cmake_auto/cmake)
[1.497s] -- Found Python3: /usr/bin/python3 (found version "3.10.12") found components: Interpreter 
[1.497s] -- Override CMake install command with custom implementation using symlinks instead of copying resources
[1.854s] -- Using all available rosidl_typesupport_c: rosidl_typesupport_fastrtps_c;rosidl_typesupport_introspection_c
[1.884s] -- Found rosidl_adapter: 3.1.6 (/opt/ros/humble/share/rosidl_adapter/cmake)
[2.000s] -- Using all available rosidl_typesupport_cpp: rosidl_typesupport_fastrtps_cpp;rosidl_typesupport_introspection_cpp
[3.119s] -- Found ament_cmake_ros: 0.10.0 (/opt/ros/humble/share/ament_cmake_ros/cmake)
[3.620s] -- Using all available rosidl_typesupport_c: rosidl_typesupport_fastrtps_c;rosidl_typesupport_introspection_c
[4.275s] -- Using all available rosidl_typesupport_cpp: rosidl_typesupport_fastrtps_cpp;rosidl_typesupport_introspection_cpp
[4.341s] -- Found PythonInterp: /usr/bin/python3 (found suitable version "3.10.12", minimum required is "3.6") 
[4.341s] -- Found python_cmake_module: 0.10.0 (/opt/ros/humble/share/python_cmake_module/cmake)
[4.389s] -- Found PythonLibs: /usr/lib/x86_64-linux-gnu/libpython3.10.so (found suitable version "3.10.12", minimum required is "3.5") 
[4.389s] -- Using PYTHON_EXECUTABLE: /usr/bin/python3
[4.389s] -- Using PYTHON_INCLUDE_DIRS: /usr/include/python3.10
[4.389s] -- Using PYTHON_LIBRARIES: /usr/lib/x86_64-linux-gnu/libpython3.10.so
[4.433s] -- Found PythonExtra: .so  
[4.691s] -- Configuring done
[5.010s] -- Generating done
[5.039s] -- Build files have been written to: /workspace/simpleav/20251204/src/simple_av/build/autoware_adapi_v1_msgs
[5.069s] Invoked command in '/workspace/simpleav/20251204/src/simple_av/build/autoware_adapi_v1_msgs' returned '0': CMAKE_PREFIX_PATH=${CMAKE_PREFIX_PATH}:/workspace/simpleav/20251204/install/system:/workspace/simpleav/20251204/install/simple_av_logger:/workspace/simpleav/20251204/install/simple_av:/workspace/simpleav/20251204/install/planning:/workspace/simpleav/20251204/install/perception:/workspace/simpleav/20251204/install/localization:/workspace/simpleav/20251204/install/control:/workspace/simpleav/20251204/install/common:/opt/ros/humble /usr/bin/cmake /workspace/simpleav/20251204/src/simple_av/src/visualization/simulator/autoware_adapi_msgs/autoware_adapi_v1_msgs -DAMENT_CMAKE_SYMLINK_INSTALL=1 -DCMAKE_INSTALL_PREFIX=/workspace/simpleav/20251204/src/simple_av/install/autoware_adapi_v1_msgs
[5.070s] Invoking command in '/workspace/simpleav/20251204/src/simple_av/build/autoware_adapi_v1_msgs': CMAKE_PREFIX_PATH=${CMAKE_PREFIX_PATH}:/workspace/simpleav/20251204/install/system:/workspace/simpleav/20251204/install/simple_av_logger:/workspace/simpleav/20251204/install/simple_av:/workspace/simpleav/20251204/install/planning:/workspace/simpleav/20251204/install/perception:/workspace/simpleav/20251204/install/localization:/workspace/simpleav/20251204/install/control:/workspace/simpleav/20251204/install/common:/opt/ros/humble /usr/bin/cmake --build /workspace/simpleav/20251204/src/simple_av/build/autoware_adapi_v1_msgs -- -j52 -l52
[8.185s] [  0%] [34m[1mGenerating C code for ROS interfaces[0m
[8.185s] [  0%] [34m[1mGenerating C++ code for ROS interfaces[0m
[8.185s] [  0%] Built target ament_cmake_python_symlink_autoware_adapi_v1_msgs
[8.185s] running egg_info
[8.185s] creating autoware_adapi_v1_msgs.egg-info
[8.185s] writing autoware_adapi_v1_msgs.egg-info/PKG-INFO
[8.185s] writing dependency_links to autoware_adapi_v1_msgs.egg-info/dependency_links.txt
[8.185s] writing top-level names to autoware_adapi_v1_msgs.egg-info/top_level.txt
[8.185s] writing manifest file 'autoware_adapi_v1_msgs.egg-info/SOURCES.txt'
[8.185s] reading manifest file 'autoware_adapi_v1_msgs.egg-info/SOURCES.txt'
[8.185s] writing manifest file 'autoware_adapi_v1_msgs.egg-info/SOURCES.txt'
[8.185s] [  0%] Built target ament_cmake_python_build_autoware_adapi_v1_msgs_egg
[8.540s] gmake[2]: *** Deleting file 'rosidl_generator_cpp/autoware_adapi_v1_msgs/msg/response_status.hpp'
[8.543s] gmake[2]: *** Deleting file 'rosidl_generator_c/autoware_adapi_v1_msgs/msg/response_status.h'
[8.543s] Traceback (most recent call last):
[8.543s]   File "/opt/ros/humble/share/rosidl_generator_c/cmake/../../../lib/rosidl_generator_c/rosidl_generator_c", line 38, in <module>
[8.543s]     sys.exit(main())
[8.543s]   File "/opt/ros/humble/share/rosidl_generator_c/cmake/../../../lib/rosidl_generator_c/rosidl_generator_c", line 34, in main
[8.543s]     generate_c(args.generator_arguments_file)
[8.543s]   File "/opt/ros/humble/local/lib/python3.10/dist-packages/rosidl_generator_c/__init__.py", line 37, in generate_c
[8.543s]     return generate_files(
[8.543s]   File "/opt/ros/humble/local/lib/python3.10/dist-packages/rosidl_cmake/__init__.py", line 87, in generate_files
[8.543s]     expand_template(
[8.543s]   File "/opt/ros/humble/local/lib/python3.10/dist-packages/rosidl_cmake/__init__.py", line 149, in expand_template
[8.543s]     interpreter.string(template_content, template_path, locals=data)
[8.543s]   File "/usr/lib/python3/dist-packages/em.py", line 2391, in string
[8.543s] Traceback (most recent call last):
[8.543s]   File "/opt/ros/humble/share/rosidl_generator_cpp/cmake/../../../lib/rosidl_generator_cpp/rosidl_generator_cpp", line 38, in <module>
[8.543s]     sys.exit(main())
[8.543s]   File "/opt/ros/humble/share/rosidl_generator_cpp/cmake/../../../lib/rosidl_generator_cpp/rosidl_generator_cpp", line 34, in main
[8.544s]     generate_cpp(args.generator_arguments_file)
[8.544s]   File "/opt/ros/humble/local/lib/python3.10/dist-packages/rosidl_generator_cpp/__init__.py", line 39, in generate_cpp
[8.544s]     return generate_files(
[8.544s]   File "/opt/ros/humble/local/lib/python3.10/dist-packages/rosidl_cmake/__init__.py", line 87, in generate_files
[8.544s]     expand_template(
[8.544s]   File "/opt/ros/humble/local/lib/python3.10/dist-packages/rosidl_cmake/__init__.py", line 149, in expand_template
[8.544s]     interpreter.string(template_content, template_path, locals=data)
[8.544s]   File "/usr/lib/python3/dist-packages/em.py", line 2391, in string
[8.544s]     self.safe(scanner, True, locals)
[8.544s]   File "/usr/lib/python3/dist-packages/em.py", line 2401, in safe
[8.544s]     self.parse(scanner, locals)
[8.544s]   File "/usr/lib/python3/dist-packages/em.py", line 2421, in parse
[8.544s]     token.run(self, locals)
[8.544s]     self.safe(scanner, True, locals)
[8.544s]   File "/usr/lib/python3/dist-packages/em.py", line 1547, in run
[8.544s]   File "/usr/lib/python3/dist-packages/em.py", line 2401, in safe
[8.544s]     self.subrun(info[0][1], interpreter, locals)
[8.544s]   File "/usr/lib/python3/dist-packages/em.py", line 1631, in subrun
[8.544s]     self.parse(scanner, locals)
[8.544s]   File "/usr/lib/python3/dist-packages/em.py", line 2421, in parse
[8.544s]     token.run(interpreter, locals)
[8.544s]   File "/usr/lib/python3/dist-packages/em.py", line 1425, in run
[8.544s]     interpreter.execute(self.code, locals)
[8.544s]   File "/usr/lib/python3/dist-packages/em.py", line 2596, in execute
[8.544s]     token.run(self, locals)
[8.544s]   File "/usr/lib/python3/dist-packages/em.py", line 1547, in run
[8.545s]     _exec(statements, self.globals, locals)
[8.545s]   File "<string>", line 2, in <module>
[8.545s]     self.subrun(info[0][1], interpreter, locals)
[8.545s]   File "/usr/lib/python3/dist-packages/em.py", line 1631, in subrun
[8.545s]     token.run(interpreter, locals)
[8.545s]   File "/usr/lib/python3/dist-packages/em.py", line 1425, in run
[8.545s]     interpreter.execute(self.code, locals)
[8.545s]   File "/usr/lib/python3/dist-packages/em.py", line 2596, in execute
[8.545s]     _exec(statements, self.globals, locals)
[8.545s]   File "<string>", line 2, in <module>
[8.545s]   File "/opt/ros/humble/local/lib/python3.10/dist-packages/rosidl_cmake/__init__.py", line 198, in _expand_template
[8.545s]     interpreter.string(content, str(template_path), kwargs)
[8.545s]   File "/usr/lib/python3/dist-packages/em.py", line 2391, in string
[8.545s]     self.safe(scanner, True, locals)
[8.545s]   File "/usr/lib/python3/dist-packages/em.py", line 2401, in safe
[8.545s]     self.parse(scanner, locals)
[8.545s]   File "/usr/lib/python3/dist-packages/em.py", line 2417, in parse
[8.545s]     token = scanner.one()
[8.545s]   File "/usr/lib/python3/dist-packages/em.py", line 1984, in one
[8.545s]     token.scan(self)
[8.545s]   File "/usr/lib/python3/dist-packages/em.py", line 1421, in scan
[8.545s]     i = scanner.complex('{', '}', 0)
[8.545s]   File "/usr/lib/python3/dist-packages/em.py", line 1892, in complex
[8.545s]     while i < end:
[8.545s] KeyboardInterrupt
[8.545s]   File "/opt/ros/humble/local/lib/python3.10/dist-packages/rosidl_cmake/__init__.py", line 198, in _expand_template
[8.545s]     interpreter.string(content, str(template_path), kwargs)
[8.545s]   File "/usr/lib/python3/dist-packages/em.py", line 2391, in string
[8.546s]     self.safe(scanner, True, locals)
[8.546s]   File "/usr/lib/python3/dist-packages/em.py", line 2401, in safe
[8.546s]     self.parse(scanner, locals)
[8.546s]   File "/usr/lib/python3/dist-packages/em.py", line 2417, in parse
[8.546s]     token = scanner.one()
[8.546s]   File "/usr/lib/python3/dist-packages/em.py", line 1971, in one
[8.546s]     first = self.chop(1)
[8.546s]   File "/usr/lib/python3/dist-packages/em.py", line 1717, in chop
[8.546s]     def chop(self, count=None, slop=0):
[8.546s] KeyboardInterrupt
[8.546s] Exception ignored in: <function Interpreter.__del__ at 0x7e1686404ca0>
[8.546s] Traceback (most recent call last):
[8.546s]   File "/usr/lib/python3/dist-packages/em.py", line 2094, in __del__
[8.546s]   File "/usr/lib/python3/dist-packages/em.py", line 2157, in shutdown
[8.546s]   File "/usr/lib/python3/dist-packages/em.py", line 2647, in finalize
[8.546s]   File "/usr/lib/python3/dist-packages/em.py", line 2200, in push
[8.546s] AttributeError: '_io.TextIOWrapper' object has no attribute 'push'
[8.546s] Exception ignored in: <function Interpreter.__del__ at 0x7f1ae4508ee0>
[8.546s] Traceback (most recent call last):
[8.546s]   File "/usr/lib/python3/dist-packages/em.py", line 2094, in __del__
[8.546s]   File "/usr/lib/python3/dist-packages/em.py", line 2157, in shutdown
[8.546s]   File "/usr/lib/python3/dist-packages/em.py", line 2647, in finalize
[8.546s]   File "/usr/lib/python3/dist-packages/em.py", line 2200, in push
[8.546s] AttributeError: '_io.TextIOWrapper' object has no attribute 'push'
[8.571s] gmake[2]: *** [CMakeFiles/autoware_adapi_v1_msgs__rosidl_generator_c.dir/build.make:246: rosidl_generator_c/autoware_adapi_v1_msgs/msg/response_status.h] Interrupt
[8.571s] gmake[1]: *** [CMakeFiles/Makefile2:212: CMakeFiles/autoware_adapi_v1_msgs__rosidl_generator_c.dir/all] Interrupt
[8.571s] gmake[2]: *** [CMakeFiles/autoware_adapi_v1_msgs__cpp.dir/build.make:612: rosidl_generator_cpp/autoware_adapi_v1_msgs/msg/response_status.hpp] Interrupt
[8.571s] gmake[1]: *** [CMakeFiles/Makefile2:317: CMakeFiles/autoware_adapi_v1_msgs__cpp.dir/all] Interrupt
[8.571s] gmake: *** [Makefile:146: all] Interrupt
