-- The C compiler identification is GNU 11.4.0
-- The CXX compiler identification is GNU 11.4.0
-- Detecting C compiler ABI info
-- Detecting C compiler ABI info - done
-- Check for working C compiler: /usr/lib/ccache/gcc - skipped
-- Detecting C compile features
-- Detecting C compile features - done
-- Detecting CXX compiler ABI info
-- Detecting CXX compiler ABI info - done
-- Check for working CXX compiler: /usr/lib/ccache/g++ - skipped
-- Detecting CXX compile features
-- Detecting CXX compile features - done
-- Found ament_cmake_auto: 1.3.11 (/opt/ros/humble/share/ament_cmake_auto/cmake)
-- Found Python3: /usr/bin/python3 (found version "3.10.12") found components: Interpreter 
-- Override CMake install command with custom implementation using symlinks instead of copying resources
-- Found rosidl_generator_c: 3.1.6 (/opt/ros/humble/share/rosidl_generator_c/cmake)
-- Found rosidl_adapter: 3.1.6 (/opt/ros/humble/share/rosidl_adapter/cmake)
-- Found rosidl_generator_cpp: 3.1.6 (/opt/ros/humble/share/rosidl_generator_cpp/cmake)
-- Using all available rosidl_typesupport_c: rosidl_typesupport_fastrtps_c;rosidl_typesupport_introspection_c
-- Using all available rosidl_typesupport_cpp: rosidl_typesupport_fastrtps_cpp;rosidl_typesupport_introspection_cpp
-- Found ament_cmake_cppcheck: 0.12.11 (/opt/ros/humble/share/ament_cmake_cppcheck/cmake)
-- Found ament_cmake_cpplint: 0.12.11 (/opt/ros/humble/share/ament_cmake_cpplint/cmake)
-- Found ament_cmake_uncrustify: 0.12.11 (/opt/ros/humble/share/ament_cmake_uncrustify/cmake)
-- Found ament_cmake_ros: 0.10.0 (/opt/ros/humble/share/ament_cmake_ros/cmake)
-- Using all available rosidl_typesupport_c: rosidl_typesupport_fastrtps_c;rosidl_typesupport_introspection_c
-- Using all available rosidl_typesupport_cpp: rosidl_typesupport_fastrtps_cpp;rosidl_typesupport_introspection_cpp
-- Found PythonInterp: /usr/bin/python3 (found suitable version "3.10.12", minimum required is "3.6") 
-- Found python_cmake_module: 0.10.0 (/opt/ros/humble/share/python_cmake_module/cmake)
-- Found PythonLibs: /usr/lib/x86_64-linux-gnu/libpython3.10.so (found suitable version "3.10.12", minimum required is "3.5") 
-- Using PYTHON_EXECUTABLE: /usr/bin/python3
-- Using PYTHON_INCLUDE_DIRS: /usr/include/python3.10
-- Using PYTHON_LIBRARIES: /usr/lib/x86_64-linux-gnu/libpython3.10.so
-- Found PythonExtra: .so  
-- Found ament_cmake_flake8: 0.12.11 (/opt/ros/humble/share/ament_cmake_flake8/cmake)
-- Found ament_cmake_pep257: 0.12.11 (/opt/ros/humble/share/ament_cmake_pep257/cmake)
-- Found ament_lint_auto: 0.12.11 (/opt/ros/humble/share/ament_lint_auto/cmake)
-- Added test 'copyright' to check source files copyright and LICENSE
-- Added test 'lint_cmake' to check CMake code style
-- Added test 'xmllint' to check XML markup files
-- Configuring done
-- Generating done
-- Build files have been written to: /workspace/simpleav/20251204/src/simple_av/build/autoware_sensing_msgs
[  2%] [34m[1mGenerating C code for ROS interfaces[0m
[  5%] [34m[1mGenerating C++ code for ROS interfaces[0m
[  5%] Built target ament_cmake_python_symlink_autoware_sensing_msgs
running egg_info
creating autoware_sensing_msgs.egg-info
writing autoware_sensing_msgs.egg-info/PKG-INFO
writing dependency_links to autoware_sensing_msgs.egg-info/dependency_links.txt
writing top-level names to autoware_sensing_msgs.egg-info/top_level.txt
writing manifest file 'autoware_sensing_msgs.egg-info/SOURCES.txt'
reading manifest file 'autoware_sensing_msgs.egg-info/SOURCES.txt'
writing manifest file 'autoware_sensing_msgs.egg-info/SOURCES.txt'
[  5%] Built target ament_cmake_python_build_autoware_sensing_msgs_egg
[  5%] Built target autoware_sensing_msgs__cpp
[  7%] [34m[1mGenerating C++ introspection for ROS interfaces[0m
[ 10%] [34m[1mGenerating C++ type support for eProsima Fast-RTPS[0m
[ 15%] [32mBuilding C object CMakeFiles/autoware_sensing_msgs__rosidl_generator_c.dir/rosidl_generator_c/autoware_sensing_msgs/msg/detail/gnss_ins_orientation__functions.c.o[0m
[ 17%] [34m[1mGenerating C++ type support dispatch for ROS interfaces[0m
[ 17%] [32mBuilding C object CMakeFiles/autoware_sensing_msgs__rosidl_generator_c.dir/rosidl_generator_c/autoware_sensing_msgs/msg/detail/gnss_ins_orientation_stamped__functions.c.o[0m
[ 20%] [32m[1mLinking C shared library libautoware_sensing_msgs__rosidl_generator_c.so[0m
[ 20%] Built target autoware_sensing_msgs__rosidl_generator_c
[ 23%] [34m[1mGenerating C introspection for ROS interfaces[0m
[ 25%] [34m[1mGenerating C type support dispatch for ROS interfaces[0m
[ 28%] [34m[1mGenerating C type support for eProsima Fast-RTPS[0m
[ 30%] [32mBuilding CXX object CMakeFiles/autoware_sensing_msgs__rosidl_typesupport_fastrtps_cpp.dir/rosidl_typesupport_fastrtps_cpp/autoware_sensing_msgs/msg/detail/dds_fastrtps/gnss_ins_orientation_stamped__type_support.cpp.o[0m
[ 33%] [32mBuilding CXX object CMakeFiles/autoware_sensing_msgs__rosidl_typesupport_fastrtps_cpp.dir/rosidl_typesupport_fastrtps_cpp/autoware_sensing_msgs/msg/detail/dds_fastrtps/gnss_ins_orientation__type_support.cpp.o[0m
[ 35%] [32mBuilding CXX object CMakeFiles/autoware_sensing_msgs__rosidl_typesupport_introspection_cpp.dir/rosidl_typesupport_introspection_cpp/autoware_sensing_msgs/msg/detail/gnss_ins_orientation__type_support.cpp.o[0m
[ 38%] [32mBuilding CXX object CMakeFiles/autoware_sensing_msgs__rosidl_typesupport_introspection_cpp.dir/rosidl_typesupport_introspection_cpp/autoware_sensing_msgs/msg/detail/gnss_ins_orientation_stamped__type_support.cpp.o[0m
[ 41%] [32mBuilding CXX object CMakeFiles/autoware_sensing_msgs__rosidl_typesupport_cpp.dir/rosidl_typesupport_cpp/autoware_sensing_msgs/msg/gnss_ins_orientation_stamped__type_support.cpp.o[0m
[ 43%] [32mBuilding CXX object CMakeFiles/autoware_sensing_msgs__rosidl_typesupport_cpp.dir/rosidl_typesupport_cpp/autoware_sensing_msgs/msg/gnss_ins_orientation__type_support.cpp.o[0m
[ 46%] [32mBuilding CXX object CMakeFiles/autoware_sensing_msgs__rosidl_typesupport_c.dir/rosidl_typesupport_c/autoware_sensing_msgs/msg/gnss_ins_orientation__type_support.cpp.o[0m
[ 48%] [32mBuilding CXX object CMakeFiles/autoware_sensing_msgs__rosidl_typesupport_c.dir/rosidl_typesupport_c/autoware_sensing_msgs/msg/gnss_ins_orientation_stamped__type_support.cpp.o[0m
[ 51%] [32m[1mLinking CXX shared library libautoware_sensing_msgs__rosidl_typesupport_c.so[0m
[ 53%] [32mBuilding CXX object CMakeFiles/autoware_sensing_msgs__rosidl_typesupport_fastrtps_c.dir/rosidl_typesupport_fastrtps_c/autoware_sensing_msgs/msg/detail/gnss_ins_orientation__type_support_c.cpp.o[0m
[ 56%] [32mBuilding CXX object CMakeFiles/autoware_sensing_msgs__rosidl_typesupport_fastrtps_c.dir/rosidl_typesupport_fastrtps_c/autoware_sensing_msgs/msg/detail/gnss_ins_orientation_stamped__type_support_c.cpp.o[0m
[ 56%] Built target autoware_sensing_msgs__rosidl_typesupport_c
[ 58%] [32m[1mLinking CXX shared library libautoware_sensing_msgs__rosidl_typesupport_cpp.so[0m
[ 61%] [32m[1mLinking CXX shared library libautoware_sensing_msgs__rosidl_typesupport_fastrtps_cpp.so[0m
[ 64%] [32m[1mLinking CXX shared library libautoware_sensing_msgs__rosidl_typesupport_introspection_cpp.so[0m
[ 66%] [32mBuilding C object CMakeFiles/autoware_sensing_msgs__rosidl_typesupport_introspection_c.dir/rosidl_typesupport_introspection_c/autoware_sensing_msgs/msg/detail/gnss_ins_orientation_stamped__type_support.c.o[0m
[ 69%] [32mBuilding C object CMakeFiles/autoware_sensing_msgs__rosidl_typesupport_introspection_c.dir/rosidl_typesupport_introspection_c/autoware_sensing_msgs/msg/detail/gnss_ins_orientation__type_support.c.o[0m
[ 69%] Built target autoware_sensing_msgs__rosidl_typesupport_cpp
[ 69%] Built target autoware_sensing_msgs__rosidl_typesupport_introspection_cpp
[ 69%] Built target autoware_sensing_msgs__rosidl_typesupport_fastrtps_cpp
[ 71%] [32m[1mLinking C shared library libautoware_sensing_msgs__rosidl_typesupport_introspection_c.so[0m
[ 71%] Built target autoware_sensing_msgs__rosidl_typesupport_introspection_c
[ 74%] [32m[1mLinking CXX shared library libautoware_sensing_msgs__rosidl_typesupport_fastrtps_c.so[0m
gmake[2]: *** Deleting file 'libautoware_sensing_msgs__rosidl_typesupport_fastrtps_c.so'
gmake[2]: *** [CMakeFiles/autoware_sensing_msgs__rosidl_typesupport_fastrtps_c.dir/build.make:210: libautoware_sensing_msgs__rosidl_typesupport_fastrtps_c.so] Interrupt
gmake[1]: *** [CMakeFiles/Makefile2:239: CMakeFiles/autoware_sensing_msgs__rosidl_typesupport_fastrtps_c.dir/all] Interrupt
gmake: *** [Makefile:146: all] Interrupt
