[0.120s] Invoking command in '/workspace/simpleav/20251204/src/simple_av/build/autoware_sensing_msgs': CMAKE_PREFIX_PATH=${CMAKE_PREFIX_PATH}:/workspace/simpleav/20251204/install/system:/workspace/simpleav/20251204/install/simple_av_logger:/workspace/simpleav/20251204/install/simple_av:/workspace/simpleav/20251204/install/planning:/workspace/simpleav/20251204/install/perception:/workspace/simpleav/20251204/install/localization:/workspace/simpleav/20251204/install/control:/workspace/simpleav/20251204/install/common:/opt/ros/humble /usr/bin/cmake /workspace/simpleav/20251204/src/simple_av/src/messages/autoware_msgs/autoware_sensing_msgs -DAMENT_CMAKE_SYMLINK_INSTALL=1 -DCMAKE_INSTALL_PREFIX=/workspace/simpleav/20251204/src/simple_av/install/autoware_sensing_msgs
[1.447s] -- The C compiler identification is GNU 11.4.0
[1.447s] -- The CXX compiler identification is GNU 11.4.0
[1.447s] -- Detecting C compiler ABI info
[1.447s] -- Detecting C compiler ABI info - done
[1.448s] -- Check for working C compiler: /usr/lib/ccache/gcc - skipped
[1.448s] -- Detecting C compile features
[1.448s] -- Detecting C compile features - done
[1.448s] -- Detecting CXX compiler ABI info
[1.448s] -- Detecting CXX compiler ABI info - done
[1.448s] -- Check for working CXX compiler: /usr/lib/ccache/g++ - skipped
[1.449s] -- Detecting CXX compile features
[1.449s] -- Detecting CXX compile features - done
[1.449s] -- Found ament_cmake_auto: 1.3.11 (/opt/ros/humble/share/ament_cmake_auto/cmake)
[1.449s] -- Found Python3: /usr/bin/python3 (found version "3.10.12") found components: Interpreter 
[1.449s] -- Override CMake install command with custom implementation using symlinks instead of copying resources
[1.830s] -- Found rosidl_generator_c: 3.1.6 (/opt/ros/humble/share/rosidl_generator_c/cmake)
[1.851s] -- Found rosidl_adapter: 3.1.6 (/opt/ros/humble/share/rosidl_adapter/cmake)
[1.875s] -- Found rosidl_generator_cpp: 3.1.6 (/opt/ros/humble/share/rosidl_generator_cpp/cmake)
[1.923s] -- Using all available rosidl_typesupport_c: rosidl_typesupport_fastrtps_c;rosidl_typesupport_introspection_c
[1.995s] -- Using all available rosidl_typesupport_cpp: rosidl_typesupport_fastrtps_cpp;rosidl_typesupport_introspection_cpp
[2.615s] -- Found ament_cmake_cppcheck: 0.12.11 (/opt/ros/humble/share/ament_cmake_cppcheck/cmake)
[2.632s] -- Found ament_cmake_cpplint: 0.12.11 (/opt/ros/humble/share/ament_cmake_cpplint/cmake)
[2.647s] -- Found ament_cmake_uncrustify: 0.12.11 (/opt/ros/humble/share/ament_cmake_uncrustify/cmake)
[2.663s] -- Found ament_cmake_ros: 0.10.0 (/opt/ros/humble/share/ament_cmake_ros/cmake)
[3.438s] -- Using all available rosidl_typesupport_c: rosidl_typesupport_fastrtps_c;rosidl_typesupport_introspection_c
[3.733s] -- Using all available rosidl_typesupport_cpp: rosidl_typesupport_fastrtps_cpp;rosidl_typesupport_introspection_cpp
[3.781s] -- Found PythonInterp: /usr/bin/python3 (found suitable version "3.10.12", minimum required is "3.6") 
[3.790s] -- Found python_cmake_module: 0.10.0 (/opt/ros/humble/share/python_cmake_module/cmake)
[3.845s] -- Found PythonLibs: /usr/lib/x86_64-linux-gnu/libpython3.10.so (found suitable version "3.10.12", minimum required is "3.5") 
[3.846s] -- Using PYTHON_EXECUTABLE: /usr/bin/python3
[3.846s] -- Using PYTHON_INCLUDE_DIRS: /usr/include/python3.10
[3.846s] -- Using PYTHON_LIBRARIES: /usr/lib/x86_64-linux-gnu/libpython3.10.so
[3.893s] -- Found PythonExtra: .so  
[4.065s] -- Found ament_cmake_flake8: 0.12.11 (/opt/ros/humble/share/ament_cmake_flake8/cmake)
[4.076s] -- Found ament_cmake_pep257: 0.12.11 (/opt/ros/humble/share/ament_cmake_pep257/cmake)
[4.088s] -- Found ament_lint_auto: 0.12.11 (/opt/ros/humble/share/ament_lint_auto/cmake)
[4.225s] -- Added test 'copyright' to check source files copyright and LICENSE
[4.226s] -- Added test 'lint_cmake' to check CMake code style
[4.231s] -- Added test 'xmllint' to check XML markup files
[4.235s] -- Configuring done
[4.393s] -- Generating done
[4.411s] -- Build files have been written to: /workspace/simpleav/20251204/src/simple_av/build/autoware_sensing_msgs
[4.424s] Invoked command in '/workspace/simpleav/20251204/src/simple_av/build/autoware_sensing_msgs' returned '0': CMAKE_PREFIX_PATH=${CMAKE_PREFIX_PATH}:/workspace/simpleav/20251204/install/system:/workspace/simpleav/20251204/install/simple_av_logger:/workspace/simpleav/20251204/install/simple_av:/workspace/simpleav/20251204/install/planning:/workspace/simpleav/20251204/install/perception:/workspace/simpleav/20251204/install/localization:/workspace/simpleav/20251204/install/control:/workspace/simpleav/20251204/install/common:/opt/ros/humble /usr/bin/cmake /workspace/simpleav/20251204/src/simple_av/src/messages/autoware_msgs/autoware_sensing_msgs -DAMENT_CMAKE_SYMLINK_INSTALL=1 -DCMAKE_INSTALL_PREFIX=/workspace/simpleav/20251204/src/simple_av/install/autoware_sensing_msgs
[4.427s] Invoking command in '/workspace/simpleav/20251204/src/simple_av/build/autoware_sensing_msgs': CMAKE_PREFIX_PATH=${CMAKE_PREFIX_PATH}:/workspace/simpleav/20251204/install/system:/workspace/simpleav/20251204/install/simple_av_logger:/workspace/simpleav/20251204/install/simple_av:/workspace/simpleav/20251204/install/planning:/workspace/simpleav/20251204/install/perception:/workspace/simpleav/20251204/install/localization:/workspace/simpleav/20251204/install/control:/workspace/simpleav/20251204/install/common:/opt/ros/humble /usr/bin/cmake --build /workspace/simpleav/20251204/src/simple_av/build/autoware_sensing_msgs -- -j52 -l52
[7.896s] [  2%] [34m[1mGenerating C code for ROS interfaces[0m
[7.898s] [  5%] [34m[1mGenerating C++ code for ROS interfaces[0m
[7.898s] [  5%] Built target ament_cmake_python_symlink_autoware_sensing_msgs
[7.898s] running egg_info
[7.898s] creating autoware_sensing_msgs.egg-info
[7.898s] writing autoware_sensing_msgs.egg-info/PKG-INFO
[7.898s] writing dependency_links to autoware_sensing_msgs.egg-info/dependency_links.txt
[7.898s] writing top-level names to autoware_sensing_msgs.egg-info/top_level.txt
[7.898s] writing manifest file 'autoware_sensing_msgs.egg-info/SOURCES.txt'
[7.898s] reading manifest file 'autoware_sensing_msgs.egg-info/SOURCES.txt'
[7.898s] writing manifest file 'autoware_sensing_msgs.egg-info/SOURCES.txt'
[7.898s] [  5%] Built target ament_cmake_python_build_autoware_sensing_msgs_egg
[7.898s] [  5%] Built target autoware_sensing_msgs__cpp
[7.898s] [  7%] [34m[1mGenerating C++ introspection for ROS interfaces[0m
[7.898s] [ 10%] [34m[1mGenerating C++ type support for eProsima Fast-RTPS[0m
[7.898s] [ 15%] [32mBuilding C object CMakeFiles/autoware_sensing_msgs__rosidl_generator_c.dir/rosidl_generator_c/autoware_sensing_msgs/msg/detail/gnss_ins_orientation__functions.c.o[0m
[7.898s] [ 17%] [34m[1mGenerating C++ type support dispatch for ROS interfaces[0m
[7.898s] [ 17%] [32mBuilding C object CMakeFiles/autoware_sensing_msgs__rosidl_generator_c.dir/rosidl_generator_c/autoware_sensing_msgs/msg/detail/gnss_ins_orientation_stamped__functions.c.o[0m
[7.898s] [ 20%] [32m[1mLinking C shared library libautoware_sensing_msgs__rosidl_generator_c.so[0m
[7.898s] [ 20%] Built target autoware_sensing_msgs__rosidl_generator_c
[7.899s] [ 23%] [34m[1mGenerating C introspection for ROS interfaces[0m
[7.899s] [ 25%] [34m[1mGenerating C type support dispatch for ROS interfaces[0m
[7.899s] [ 28%] [34m[1mGenerating C type support for eProsima Fast-RTPS[0m
[7.899s] [ 30%] [32mBuilding CXX object CMakeFiles/autoware_sensing_msgs__rosidl_typesupport_fastrtps_cpp.dir/rosidl_typesupport_fastrtps_cpp/autoware_sensing_msgs/msg/detail/dds_fastrtps/gnss_ins_orientation_stamped__type_support.cpp.o[0m
[7.899s] [ 33%] [32mBuilding CXX object CMakeFiles/autoware_sensing_msgs__rosidl_typesupport_fastrtps_cpp.dir/rosidl_typesupport_fastrtps_cpp/autoware_sensing_msgs/msg/detail/dds_fastrtps/gnss_ins_orientation__type_support.cpp.o[0m
[7.899s] [ 35%] [32mBuilding CXX object CMakeFiles/autoware_sensing_msgs__rosidl_typesupport_introspection_cpp.dir/rosidl_typesupport_introspection_cpp/autoware_sensing_msgs/msg/detail/gnss_ins_orientation__type_support.cpp.o[0m
[7.899s] [ 38%] [32mBuilding CXX object CMakeFiles/autoware_sensing_msgs__rosidl_typesupport_introspection_cpp.dir/rosidl_typesupport_introspection_cpp/autoware_sensing_msgs/msg/detail/gnss_ins_orientation_stamped__type_support.cpp.o[0m
[7.899s] [ 41%] [32mBuilding CXX object CMakeFiles/autoware_sensing_msgs__rosidl_typesupport_cpp.dir/rosidl_typesupport_cpp/autoware_sensing_msgs/msg/gnss_ins_orientation_stamped__type_support.cpp.o[0m
[7.899s] [ 43%] [32mBuilding CXX object CMakeFiles/autoware_sensing_msgs__rosidl_typesupport_cpp.dir/rosidl_typesupport_cpp/autoware_sensing_msgs/msg/gnss_ins_orientation__type_support.cpp.o[0m
[7.899s] [ 46%] [32mBuilding CXX object CMakeFiles/autoware_sensing_msgs__rosidl_typesupport_c.dir/rosidl_typesupport_c/autoware_sensing_msgs/msg/gnss_ins_orientation__type_support.cpp.o[0m
[7.899s] [ 48%] [32mBuilding CXX object CMakeFiles/autoware_sensing_msgs__rosidl_typesupport_c.dir/rosidl_typesupport_c/autoware_sensing_msgs/msg/gnss_ins_orientation_stamped__type_support.cpp.o[0m
[7.899s] [ 51%] [32m[1mLinking CXX shared library libautoware_sensing_msgs__rosidl_typesupport_c.so[0m
[7.899s] [ 53%] [32mBuilding CXX object CMakeFiles/autoware_sensing_msgs__rosidl_typesupport_fastrtps_c.dir/rosidl_typesupport_fastrtps_c/autoware_sensing_msgs/msg/detail/gnss_ins_orientation__type_support_c.cpp.o[0m
[7.899s] [ 56%] [32mBuilding CXX object CMakeFiles/autoware_sensing_msgs__rosidl_typesupport_fastrtps_c.dir/rosidl_typesupport_fastrtps_c/autoware_sensing_msgs/msg/detail/gnss_ins_orientation_stamped__type_support_c.cpp.o[0m
[7.899s] [ 56%] Built target autoware_sensing_msgs__rosidl_typesupport_c
[7.899s] [ 58%] [32m[1mLinking CXX shared library libautoware_sensing_msgs__rosidl_typesupport_cpp.so[0m
[7.899s] [ 61%] [32m[1mLinking CXX shared library libautoware_sensing_msgs__rosidl_typesupport_fastrtps_cpp.so[0m
[7.899s] [ 64%] [32m[1mLinking CXX shared library libautoware_sensing_msgs__rosidl_typesupport_introspection_cpp.so[0m
[7.899s] [ 66%] [32mBuilding C object CMakeFiles/autoware_sensing_msgs__rosidl_typesupport_introspection_c.dir/rosidl_typesupport_introspection_c/autoware_sensing_msgs/msg/detail/gnss_ins_orientation_stamped__type_support.c.o[0m
[7.899s] [ 69%] [32mBuilding C object CMakeFiles/autoware_sensing_msgs__rosidl_typesupport_introspection_c.dir/rosidl_typesupport_introspection_c/autoware_sensing_msgs/msg/detail/gnss_ins_orientation__type_support.c.o[0m
[7.899s] [ 69%] Built target autoware_sensing_msgs__rosidl_typesupport_cpp
[7.899s] [ 69%] Built target autoware_sensing_msgs__rosidl_typesupport_introspection_cpp
[7.902s] [ 69%] Built target autoware_sensing_msgs__rosidl_typesupport_fastrtps_cpp
[7.902s] [ 71%] [32m[1mLinking C shared library libautoware_sensing_msgs__rosidl_typesupport_introspection_c.so[0m
[7.902s] [ 71%] Built target autoware_sensing_msgs__rosidl_typesupport_introspection_c
[8.211s] [ 74%] [32m[1mLinking CXX shared library libautoware_sensing_msgs__rosidl_typesupport_fastrtps_c.so[0m
[8.400s] gmake[2]: *** Deleting file 'libautoware_sensing_msgs__rosidl_typesupport_fastrtps_c.so'
[8.468s] gmake[2]: *** [CMakeFiles/autoware_sensing_msgs__rosidl_typesupport_fastrtps_c.dir/build.make:210: libautoware_sensing_msgs__rosidl_typesupport_fastrtps_c.so] Interrupt
[8.468s] gmake[1]: *** [CMakeFiles/Makefile2:239: CMakeFiles/autoware_sensing_msgs__rosidl_typesupport_fastrtps_c.dir/all] Interrupt
[8.468s] gmake: *** [Makefile:146: all] Interrupt
[8.536s] Invoked command in '/workspace/simpleav/20251204/src/simple_av/build/autoware_sensing_msgs' returned '-2': CMAKE_PREFIX_PATH=${CMAKE_PREFIX_PATH}:/workspace/simpleav/20251204/install/system:/workspace/simpleav/20251204/install/simple_av_logger:/workspace/simpleav/20251204/install/simple_av:/workspace/simpleav/20251204/install/planning:/workspace/simpleav/20251204/install/perception:/workspace/simpleav/20251204/install/localization:/workspace/simpleav/20251204/install/control:/workspace/simpleav/20251204/install/common:/opt/ros/humble /usr/bin/cmake --build /workspace/simpleav/20251204/src/simple_av/build/autoware_sensing_msgs -- -j52 -l52
