-- Found ament_cmake_auto: 1.3.11 (/opt/ros/humble/share/ament_cmake_auto/cmake)
-- Found Python3: /usr/bin/python3 (found version "3.10.12") found components: Interpreter 
-- Override CMake install command with custom implementation using symlinks instead of copying resources
-- Found ament_lint_auto: 0.12.11 (/opt/ros/humble/share/ament_lint_auto/cmake)
-- Added test 'copyright' to check source files copyright and LICENSE
-- Added test 'lint_cmake' to check CMake code style
-- Added test 'xmllint' to check XML markup files
-- Configuring done
-- Generating done
-- Build files have been written to: /workspace/simpleav/20251204/src/simple_av/build/autoware_cmake
-- Install configuration: ""
-- Execute custom install script
-- Symlinking: /workspace/simpleav/20251204/src/simple_av/install/autoware_cmake/share/autoware_cmake/cmake/autoware_package.cmake
-- Symlinking: /workspace/simpleav/20251204/src/simple_av/install/autoware_cmake/share/ament_index/resource_index/package_run_dependencies/autoware_cmake
-- Symlinking: /workspace/simpleav/20251204/src/simple_av/install/autoware_cmake/share/ament_index/resource_index/parent_prefix_path/autoware_cmake
-- Symlinking: /workspace/simpleav/20251204/src/simple_av/install/autoware_cmake/share/autoware_cmake/environment/ament_prefix_path.sh
-- Symlinking: /workspace/simpleav/20251204/src/simple_av/install/autoware_cmake/share/autoware_cmake/environment/ament_prefix_path.dsv
-- Symlinking: /workspace/simpleav/20251204/src/simple_av/install/autoware_cmake/share/autoware_cmake/environment/path.sh
-- Symlinking: /workspace/simpleav/20251204/src/simple_av/install/autoware_cmake/share/autoware_cmake/environment/path.dsv
-- Symlinking: /workspace/simpleav/20251204/src/simple_av/install/autoware_cmake/share/autoware_cmake/local_setup.bash
-- Symlinking: /workspace/simpleav/20251204/src/simple_av/install/autoware_cmake/share/autoware_cmake/local_setup.sh
-- Symlinking: /workspace/simpleav/20251204/src/simple_av/install/autoware_cmake/share/autoware_cmake/local_setup.zsh
-- Symlinking: /workspace/simpleav/20251204/src/simple_av/install/autoware_cmake/share/autoware_cmake/local_setup.dsv
-- Symlinking: /workspace/simpleav/20251204/src/simple_av/install/autoware_cmake/share/autoware_cmake/package.dsv
-- Symlinking: /workspace/simpleav/20251204/src/simple_av/install/autoware_cmake/share/ament_index/resource_index/packages/autoware_cmake
-- Symlinking: /workspace/simpleav/20251204/src/simple_av/install/autoware_cmake/share/autoware_cmake/cmake/autoware_cmake-extras.cmake
-- Symlinking: /workspace/simpleav/20251204/src/simple_av/install/autoware_cmake/share/autoware_cmake/cmake/ament_cmake_export_dependencies-extras.cmake
-- Symlinking: /workspace/simpleav/20251204/src/simple_av/install/autoware_cmake/share/autoware_cmake/cmake/autoware_cmakeConfig.cmake
-- Symlinking: /workspace/simpleav/20251204/src/simple_av/install/autoware_cmake/share/autoware_cmake/cmake/autoware_cmakeConfig-version.cmake
-- Symlinking: /workspace/simpleav/20251204/src/simple_av/install/autoware_cmake/share/autoware_cmake/package.xml
