-- Found ament_cmake_core: 1.3.11 (/opt/ros/humble/share/ament_cmake_core/cmake)
-- Found Python3: /usr/bin/python3 (found version "3.10.12") found components: Interpreter 
-- Override CMake install command with custom implementation using symlinks instead of copying resources
-- Found ament_cmake_export_dependencies: 1.3.11 (/opt/ros/humble/share/ament_cmake_export_dependencies/cmake)
-- Found ament_cmake_test: 1.3.11 (/opt/ros/humble/share/ament_cmake_test/cmake)
-- Configuring done
-- Generating done
-- Build files have been written to: /workspace/simpleav/20251204/src/simple_av/build/autoware_lint_common
-- Install configuration: ""
-- Execute custom install script
-- Symlinking: /workspace/simpleav/20251204/src/simple_av/install/autoware_lint_common/share/ament_index/resource_index/package_run_dependencies/autoware_lint_common
-- Symlinking: /workspace/simpleav/20251204/src/simple_av/install/autoware_lint_common/share/ament_index/resource_index/parent_prefix_path/autoware_lint_common
-- Symlinking: /workspace/simpleav/20251204/src/simple_av/install/autoware_lint_common/share/autoware_lint_common/environment/ament_prefix_path.sh
-- Symlinking: /workspace/simpleav/20251204/src/simple_av/install/autoware_lint_common/share/autoware_lint_common/environment/ament_prefix_path.dsv
-- Symlinking: /workspace/simpleav/20251204/src/simple_av/install/autoware_lint_common/share/autoware_lint_common/environment/path.sh
-- Symlinking: /workspace/simpleav/20251204/src/simple_av/install/autoware_lint_common/share/autoware_lint_common/environment/path.dsv
-- Symlinking: /workspace/simpleav/20251204/src/simple_av/install/autoware_lint_common/share/autoware_lint_common/local_setup.bash
-- Symlinking: /workspace/simpleav/20251204/src/simple_av/install/autoware_lint_common/share/autoware_lint_common/local_setup.sh
-- Symlinking: /workspace/simpleav/20251204/src/simple_av/install/autoware_lint_common/share/autoware_lint_common/local_setup.zsh
-- Symlinking: /workspace/simpleav/20251204/src/simple_av/install/autoware_lint_common/share/autoware_lint_common/local_setup.dsv
-- Symlinking: /workspace/simpleav/20251204/src/simple_av/install/autoware_lint_common/share/autoware_lint_common/package.dsv
-- Symlinking: /workspace/simpleav/20251204/src/simple_av/install/autoware_lint_common/share/ament_index/resource_index/packages/autoware_lint_common
-- Symlinking: /workspace/simpleav/20251204/src/simple_av/install/autoware_lint_common/share/autoware_lint_common/cmake/ament_cmake_export_dependencies-extras.cmake
-- Symlinking: /workspace/simpleav/20251204/src/simple_av/install/autoware_lint_common/share/autoware_lint_common/cmake/autoware_lint_commonConfig.cmake
-- Symlinking: /workspace/simpleav/20251204/src/simple_av/install/autoware_lint_common/share/autoware_lint_common/cmake/autoware_lint_commonConfig-version.cmake
-- Symlinking: /workspace/simpleav/20251204/src/simple_av/install/autoware_lint_common/share/autoware_lint_common/package.xml
