[0.188s] Invoking command in '/workspace/simpleav/20251204/src/simple_av/build/autoware_lint_common': CMAKE_PREFIX_PATH=${CMAKE_PREFIX_PATH}:/workspace/simpleav/20251204/install/system:/workspace/simpleav/20251204/install/simple_av_logger:/workspace/simpleav/20251204/install/simple_av:/workspace/simpleav/20251204/install/planning:/workspace/simpleav/20251204/install/perception:/workspace/simpleav/20251204/install/localization:/workspace/simpleav/20251204/install/control:/workspace/simpleav/20251204/install/common:/opt/ros/humble /usr/bin/cmake /workspace/simpleav/20251204/src/simple_av/src/visualization/autoware_cmake/autoware_lint_common -DAMENT_CMAKE_SYMLINK_INSTALL=1 -DCMAKE_INSTALL_PREFIX=/workspace/simpleav/20251204/src/simple_av/install/autoware_lint_common
[1.539s] -- Found ament_cmake_core: 1.3.11 (/opt/ros/humble/share/ament_cmake_core/cmake)
[1.539s] -- Found Python3: /usr/bin/python3 (found version "3.10.12") found components: Interpreter 
[1.539s] -- Override CMake install command with custom implementation using symlinks instead of copying resources
[1.539s] -- Found ament_cmake_export_dependencies: 1.3.11 (/opt/ros/humble/share/ament_cmake_export_dependencies/cmake)
[1.539s] -- Found ament_cmake_test: 1.3.11 (/opt/ros/humble/share/ament_cmake_test/cmake)
[1.539s] -- Configuring done
[1.539s] -- Generating done
[1.539s] -- Build files have been written to: /workspace/simpleav/20251204/src/simple_av/build/autoware_lint_common
[2.001s] Invoked command in '/workspace/simpleav/20251204/src/simple_av/build/autoware_lint_common' returned '0': CMAKE_PREFIX_PATH=${CMAKE_PREFIX_PATH}:/workspace/simpleav/20251204/install/system:/workspace/simpleav/20251204/install/simple_av_logger:/workspace/simpleav/20251204/install/simple_av:/workspace/simpleav/20251204/install/planning:/workspace/simpleav/20251204/install/perception:/workspace/simpleav/20251204/install/localization:/workspace/simpleav/20251204/install/control:/workspace/simpleav/20251204/install/common:/opt/ros/humble /usr/bin/cmake /workspace/simpleav/20251204/src/simple_av/src/visualization/autoware_cmake/autoware_lint_common -DAMENT_CMAKE_SYMLINK_INSTALL=1 -DCMAKE_INSTALL_PREFIX=/workspace/simpleav/20251204/src/simple_av/install/autoware_lint_common
[2.004s] Invoking command in '/workspace/simpleav/20251204/src/simple_av/build/autoware_lint_common': CMAKE_PREFIX_PATH=${CMAKE_PREFIX_PATH}:/workspace/simpleav/20251204/install/system:/workspace/simpleav/20251204/install/simple_av_logger:/workspace/simpleav/20251204/install/simple_av:/workspace/simpleav/20251204/install/planning:/workspace/simpleav/20251204/install/perception:/workspace/simpleav/20251204/install/localization:/workspace/simpleav/20251204/install/control:/workspace/simpleav/20251204/install/common:/opt/ros/humble /usr/bin/cmake --build /workspace/simpleav/20251204/src/simple_av/build/autoware_lint_common -- -j52 -l52
[2.094s] Invoked command in '/workspace/simpleav/20251204/src/simple_av/build/autoware_lint_common' returned '0': CMAKE_PREFIX_PATH=${CMAKE_PREFIX_PATH}:/workspace/simpleav/20251204/install/system:/workspace/simpleav/20251204/install/simple_av_logger:/workspace/simpleav/20251204/install/simple_av:/workspace/simpleav/20251204/install/planning:/workspace/simpleav/20251204/install/perception:/workspace/simpleav/20251204/install/localization:/workspace/simpleav/20251204/install/control:/workspace/simpleav/20251204/install/common:/opt/ros/humble /usr/bin/cmake --build /workspace/simpleav/20251204/src/simple_av/build/autoware_lint_common -- -j52 -l52
[2.118s] Invoking command in '/workspace/simpleav/20251204/src/simple_av/build/autoware_lint_common': CMAKE_PREFIX_PATH=${CMAKE_PREFIX_PATH}:/workspace/simpleav/20251204/install/system:/workspace/simpleav/20251204/install/simple_av_logger:/workspace/simpleav/20251204/install/simple_av:/workspace/simpleav/20251204/install/planning:/workspace/simpleav/20251204/install/perception:/workspace/simpleav/20251204/install/localization:/workspace/simpleav/20251204/install/control:/workspace/simpleav/20251204/install/common:/opt/ros/humble /usr/bin/cmake --install /workspace/simpleav/20251204/src/simple_av/build/autoware_lint_common
[2.135s] -- Install configuration: ""
[2.136s] -- Execute custom install script
[2.137s] -- Symlinking: /workspace/simpleav/20251204/src/simple_av/install/autoware_lint_common/share/ament_index/resource_index/package_run_dependencies/autoware_lint_common
[2.157s] -- Symlinking: /workspace/simpleav/20251204/src/simple_av/install/autoware_lint_common/share/ament_index/resource_index/parent_prefix_path/autoware_lint_common
[2.177s] -- Symlinking: /workspace/simpleav/20251204/src/simple_av/install/autoware_lint_common/share/autoware_lint_common/environment/ament_prefix_path.sh
[2.201s] -- Symlinking: /workspace/simpleav/20251204/src/simple_av/install/autoware_lint_common/share/autoware_lint_common/environment/ament_prefix_path.dsv
[2.222s] -- Symlinking: /workspace/simpleav/20251204/src/simple_av/install/autoware_lint_common/share/autoware_lint_common/environment/path.sh
[2.246s] -- Symlinking: /workspace/simpleav/20251204/src/simple_av/install/autoware_lint_common/share/autoware_lint_common/environment/path.dsv
[2.269s] -- Symlinking: /workspace/simpleav/20251204/src/simple_av/install/autoware_lint_common/share/autoware_lint_common/local_setup.bash
[2.292s] -- Symlinking: /workspace/simpleav/20251204/src/simple_av/install/autoware_lint_common/share/autoware_lint_common/local_setup.sh
[2.313s] -- Symlinking: /workspace/simpleav/20251204/src/simple_av/install/autoware_lint_common/share/autoware_lint_common/local_setup.zsh
[2.331s] -- Symlinking: /workspace/simpleav/20251204/src/simple_av/install/autoware_lint_common/share/autoware_lint_common/local_setup.dsv
[2.350s] -- Symlinking: /workspace/simpleav/20251204/src/simple_av/install/autoware_lint_common/share/autoware_lint_common/package.dsv
[2.373s] -- Symlinking: /workspace/simpleav/20251204/src/simple_av/install/autoware_lint_common/share/ament_index/resource_index/packages/autoware_lint_common
[2.393s] -- Symlinking: /workspace/simpleav/20251204/src/simple_av/install/autoware_lint_common/share/autoware_lint_common/cmake/ament_cmake_export_dependencies-extras.cmake
[2.412s] -- Symlinking: /workspace/simpleav/20251204/src/simple_av/install/autoware_lint_common/share/autoware_lint_common/cmake/autoware_lint_commonConfig.cmake
[2.431s] -- Symlinking: /workspace/simpleav/20251204/src/simple_av/install/autoware_lint_common/share/autoware_lint_common/cmake/autoware_lint_commonConfig-version.cmake
[2.450s] -- Symlinking: /workspace/simpleav/20251204/src/simple_av/install/autoware_lint_common/share/autoware_lint_common/package.xml
[2.474s] Invoked command in '/workspace/simpleav/20251204/src/simple_av/build/autoware_lint_common' returned '0': CMAKE_PREFIX_PATH=${CMAKE_PREFIX_PATH}:/workspace/simpleav/20251204/install/system:/workspace/simpleav/20251204/install/simple_av_logger:/workspace/simpleav/20251204/install/simple_av:/workspace/simpleav/20251204/install/planning:/workspace/simpleav/20251204/install/perception:/workspace/simpleav/20251204/install/localization:/workspace/simpleav/20251204/install/control:/workspace/simpleav/20251204/install/common:/opt/ros/humble /usr/bin/cmake --install /workspace/simpleav/20251204/src/simple_av/build/autoware_lint_common
