[0.123s] Invoking command in '/workspace/simpleav/20251204/src/simple_av/build/autoware_adapi_version_msgs': CMAKE_PREFIX_PATH=${CMAKE_PREFIX_PATH}:/workspace/simpleav/20251204/install/system:/workspace/simpleav/20251204/install/simple_av_logger:/workspace/simpleav/20251204/install/simple_av:/workspace/simpleav/20251204/install/planning:/workspace/simpleav/20251204/install/perception:/workspace/simpleav/20251204/install/localization:/workspace/simpleav/20251204/install/control:/workspace/simpleav/20251204/install/common:/opt/ros/humble /usr/bin/cmake /workspace/simpleav/20251204/src/simple_av/src/visualization/simulator/autoware_adapi_msgs/autoware_adapi_version_msgs -DAMENT_CMAKE_SYMLINK_INSTALL=1 -DCMAKE_INSTALL_PREFIX=/workspace/simpleav/20251204/src/simple_av/install/autoware_adapi_version_msgs
[1.453s] -- The C compiler identification is GNU 11.4.0
[1.453s] -- The CXX compiler identification is GNU 11.4.0
[1.453s] -- Detecting C compiler ABI info
[1.453s] -- Detecting C compiler ABI info - done
[1.453s] -- Check for working C compiler: /usr/lib/ccache/gcc - skipped
[1.453s] -- Detecting C compile features
[1.453s] -- Detecting C compile features - done
[1.453s] -- Detecting CXX compiler ABI info
[1.453s] -- Detecting CXX compiler ABI info - done
[1.454s] -- Check for working CXX compiler: /usr/lib/ccache/g++ - skipped
[1.454s] -- Detecting CXX compile features
[1.454s] -- Detecting CXX compile features - done
[1.454s] -- Found ament_cmake_auto: 1.3.11 (/opt/ros/humble/share/ament_cmake_auto/cmake)
[1.454s] -- Found Python3: /usr/bin/python3 (found version "3.10.12") found components: Interpreter 
[1.454s] -- Override CMake install command with custom implementation using symlinks instead of copying resources
[1.743s] -- Using all available rosidl_typesupport_c: rosidl_typesupport_fastrtps_c;rosidl_typesupport_introspection_c
[1.771s] -- Found rosidl_adapter: 3.1.6 (/opt/ros/humble/share/rosidl_adapter/cmake)
[1.894s] -- Using all available rosidl_typesupport_cpp: rosidl_typesupport_fastrtps_cpp;rosidl_typesupport_introspection_cpp
[2.324s] -- Found ament_cmake_ros: 0.10.0 (/opt/ros/humble/share/ament_cmake_ros/cmake)
[2.707s] -- Using all available rosidl_typesupport_c: rosidl_typesupport_fastrtps_c;rosidl_typesupport_introspection_c
[3.164s] -- Using all available rosidl_typesupport_cpp: rosidl_typesupport_fastrtps_cpp;rosidl_typesupport_introspection_cpp
[3.214s] -- Found PythonInterp: /usr/bin/python3 (found suitable version "3.10.12", minimum required is "3.6") 
[3.223s] -- Found python_cmake_module: 0.10.0 (/opt/ros/humble/share/python_cmake_module/cmake)
[3.284s] -- Found PythonLibs: /usr/lib/x86_64-linux-gnu/libpython3.10.so (found suitable version "3.10.12", minimum required is "3.5") 
[3.284s] -- Using PYTHON_EXECUTABLE: /usr/bin/python3
[3.284s] -- Using PYTHON_INCLUDE_DIRS: /usr/include/python3.10
[3.284s] -- Using PYTHON_LIBRARIES: /usr/lib/x86_64-linux-gnu/libpython3.10.so
[3.329s] -- Found PythonExtra: .so  
[3.446s] -- Configuring done
[3.477s] -- Generating done
[3.489s] -- Build files have been written to: /workspace/simpleav/20251204/src/simple_av/build/autoware_adapi_version_msgs
[3.502s] Invoked command in '/workspace/simpleav/20251204/src/simple_av/build/autoware_adapi_version_msgs' returned '0': CMAKE_PREFIX_PATH=${CMAKE_PREFIX_PATH}:/workspace/simpleav/20251204/install/system:/workspace/simpleav/20251204/install/simple_av_logger:/workspace/simpleav/20251204/install/simple_av:/workspace/simpleav/20251204/install/planning:/workspace/simpleav/20251204/install/perception:/workspace/simpleav/20251204/install/localization:/workspace/simpleav/20251204/install/control:/workspace/simpleav/20251204/install/common:/opt/ros/humble /usr/bin/cmake /workspace/simpleav/20251204/src/simple_av/src/visualization/simulator/autoware_adapi_msgs/autoware_adapi_version_msgs -DAMENT_CMAKE_SYMLINK_INSTALL=1 -DCMAKE_INSTALL_PREFIX=/workspace/simpleav/20251204/src/simple_av/install/autoware_adapi_version_msgs
[3.506s] Invoking command in '/workspace/simpleav/20251204/src/simple_av/build/autoware_adapi_version_msgs': CMAKE_PREFIX_PATH=${CMAKE_PREFIX_PATH}:/workspace/simpleav/20251204/install/system:/workspace/simpleav/20251204/install/simple_av_logger:/workspace/simpleav/20251204/install/simple_av:/workspace/simpleav/20251204/install/planning:/workspace/simpleav/20251204/install/perception:/workspace/simpleav/20251204/install/localization:/workspace/simpleav/20251204/install/control:/workspace/simpleav/20251204/install/common:/opt/ros/humble /usr/bin/cmake --build /workspace/simpleav/20251204/src/simple_av/build/autoware_adapi_version_msgs -- -j52 -l52
[3.612s] [  3%] [34m[1mGenerating C code for ROS interfaces[0m
[3.635s] [  6%] [34m[1mGenerating C++ code for ROS interfaces[0m
[3.649s] [  6%] Built target ament_cmake_python_symlink_autoware_adapi_version_msgs
[4.029s] [  6%] Built target autoware_adapi_version_msgs__cpp
[4.038s] [  9%] [32mBuilding C object CMakeFiles/autoware_adapi_version_msgs__rosidl_generator_c.dir/rosidl_generator_c/autoware_adapi_version_msgs/srv/detail/interface_version__functions.c.o[0m
[4.056s] [ 12%] [34m[1mGenerating C++ introspection for ROS interfaces[0m
[4.058s] [ 16%] [34m[1mGenerating C++ type support dispatch for ROS interfaces[0m
[4.060s] [ 19%] [34m[1mGenerating C++ type support for eProsima Fast-RTPS[0m
[4.070s] running egg_info
[4.071s] creating autoware_adapi_version_msgs.egg-info
[4.071s] writing autoware_adapi_version_msgs.egg-info/PKG-INFO
[4.071s] writing dependency_links to autoware_adapi_version_msgs.egg-info/dependency_links.txt
[4.071s] writing top-level names to autoware_adapi_version_msgs.egg-info/top_level.txt
[4.071s] writing manifest file 'autoware_adapi_version_msgs.egg-info/SOURCES.txt'
[4.072s] reading manifest file 'autoware_adapi_version_msgs.egg-info/SOURCES.txt'
[4.072s] writing manifest file 'autoware_adapi_version_msgs.egg-info/SOURCES.txt'
[4.122s] [ 19%] Built target ament_cmake_python_build_autoware_adapi_version_msgs_egg
[4.246s] [ 22%] [32m[1mLinking C shared library libautoware_adapi_version_msgs__rosidl_generator_c.so[0m
[4.431s] [ 22%] Built target autoware_adapi_version_msgs__rosidl_generator_c
[4.445s] [ 25%] [32mBuilding CXX object CMakeFiles/autoware_adapi_version_msgs__rosidl_typesupport_cpp.dir/rosidl_typesupport_cpp/autoware_adapi_version_msgs/srv/interface_version__type_support.cpp.o[0m
[4.459s] [ 29%] [34m[1mGenerating C type support for eProsima Fast-RTPS[0m
[4.459s] [ 32%] [34m[1mGenerating C type support dispatch for ROS interfaces[0m
[4.460s] [ 35%] [34m[1mGenerating C introspection for ROS interfaces[0m
[4.494s] [ 38%] [32mBuilding CXX object CMakeFiles/autoware_adapi_version_msgs__rosidl_typesupport_introspection_cpp.dir/rosidl_typesupport_introspection_cpp/autoware_adapi_version_msgs/srv/detail/interface_version__type_support.cpp.o[0m
[4.501s] [ 41%] [32mBuilding CXX object CMakeFiles/autoware_adapi_version_msgs__rosidl_typesupport_fastrtps_cpp.dir/rosidl_typesupport_fastrtps_cpp/autoware_adapi_version_msgs/srv/detail/dds_fastrtps/interface_version__type_support.cpp.o[0m
[4.877s] [ 45%] [32mBuilding CXX object CMakeFiles/autoware_adapi_version_msgs__rosidl_typesupport_fastrtps_c.dir/rosidl_typesupport_fastrtps_c/autoware_adapi_version_msgs/srv/detail/interface_version__type_support_c.cpp.o[0m
[4.883s] [ 48%] [32mBuilding C object CMakeFiles/autoware_adapi_version_msgs__rosidl_typesupport_introspection_c.dir/rosidl_typesupport_introspection_c/autoware_adapi_version_msgs/srv/detail/interface_version__type_support.c.o[0m
[4.931s] [ 51%] [32m[1mLinking CXX shared library libautoware_adapi_version_msgs__rosidl_typesupport_cpp.so[0m
[4.959s] [ 54%] [32mBuilding CXX object CMakeFiles/autoware_adapi_version_msgs__rosidl_typesupport_c.dir/rosidl_typesupport_c/autoware_adapi_version_msgs/srv/interface_version__type_support.cpp.o[0m
[4.999s] [ 58%] [32m[1mLinking C shared library libautoware_adapi_version_msgs__rosidl_typesupport_introspection_c.so[0m
[5.038s] [ 58%] Built target autoware_adapi_version_msgs__rosidl_typesupport_cpp
[5.139s] [ 64%] [32m[1mLinking CXX shared library libautoware_adapi_version_msgs__rosidl_typesupport_c.so[0m
[5.140s] [ 64%] [32m[1mLinking CXX shared library libautoware_adapi_version_msgs__rosidl_typesupport_introspection_cpp.so[0m
[5.145s] [ 64%] Built target autoware_adapi_version_msgs__rosidl_typesupport_introspection_c
[5.198s] [ 67%] [32m[1mLinking CXX shared library libautoware_adapi_version_msgs__rosidl_typesupport_fastrtps_cpp.so[0m
[5.273s] [ 67%] Built target autoware_adapi_version_msgs__rosidl_typesupport_introspection_cpp
[5.353s] [ 67%] Built target autoware_adapi_version_msgs__rosidl_typesupport_c
[5.471s] [ 70%] [32m[1mLinking CXX shared library libautoware_adapi_version_msgs__rosidl_typesupport_fastrtps_c.so[0m
[5.492s] [ 70%] Built target autoware_adapi_version_msgs__rosidl_typesupport_fastrtps_cpp
[5.735s] [ 70%] Built target autoware_adapi_version_msgs__rosidl_typesupport_fastrtps_c
[5.846s] [ 70%] Built target autoware_adapi_version_msgs
[5.981s] [ 74%] [34m[1mGenerating Python code for ROS interfaces[0m
[7.152s] [ 74%] Built target autoware_adapi_version_msgs__py
[7.269s] [ 77%] [32mBuilding C object CMakeFiles/autoware_adapi_version_msgs__rosidl_generator_py.dir/rosidl_generator_py/autoware_adapi_version_msgs/srv/_interface_version_s.c.o[0m
[7.835s] [ 80%] [32m[1mLinking C shared library rosidl_generator_py/autoware_adapi_version_msgs/libautoware_adapi_version_msgs__rosidl_generator_py.so[0m
[8.026s] [ 80%] Built target autoware_adapi_version_msgs__rosidl_generator_py
[8.142s] [ 83%] [32mBuilding C object CMakeFiles/autoware_adapi_version_msgs__rosidl_typesupport_introspection_c__pyext.dir/rosidl_generator_py/autoware_adapi_version_msgs/_autoware_adapi_version_msgs_s.ep.rosidl_typesupport_introspection_c.c.o[0m
[8.166s] [ 87%] [32mBuilding C object CMakeFiles/autoware_adapi_version_msgs__rosidl_typesupport_c__pyext.dir/rosidl_generator_py/autoware_adapi_version_msgs/_autoware_adapi_version_msgs_s.ep.rosidl_typesupport_c.c.o[0m
[8.179s] [ 90%] [32mBuilding C object CMakeFiles/autoware_adapi_version_msgs__rosidl_typesupport_fastrtps_c__pyext.dir/rosidl_generator_py/autoware_adapi_version_msgs/_autoware_adapi_version_msgs_s.ep.rosidl_typesupport_fastrtps_c.c.o[0m
[8.488s] gmake[2]: *** [CMakeFiles/autoware_adapi_version_msgs__rosidl_typesupport_fastrtps_c__pyext.dir/build.make:76: CMakeFiles/autoware_adapi_version_msgs__rosidl_typesupport_fastrtps_c__pyext.dir/rosidl_generator_py/autoware_adapi_version_msgs/_autoware_adapi_version_msgs_s.ep.rosidl_typesupport_fastrtps_c.c.o] Interrupt
[8.488s] gmake[1]: *** [CMakeFiles/Makefile2:505: CMakeFiles/autoware_adapi_version_msgs__rosidl_typesupport_fastrtps_c__pyext.dir/all] Interrupt
[8.488s] gmake[2]: *** [CMakeFiles/autoware_adapi_version_msgs__rosidl_typesupport_introspection_c__pyext.dir/build.make:76: CMakeFiles/autoware_adapi_version_msgs__rosidl_typesupport_introspection_c__pyext.dir/rosidl_generator_py/autoware_adapi_version_msgs/_autoware_adapi_version_msgs_s.ep.rosidl_typesupport_introspection_c.c.o] Interrupt
[8.488s] gmake[1]: *** [CMakeFiles/Makefile2:535: CMakeFiles/autoware_adapi_version_msgs__rosidl_typesupport_introspection_c__pyext.dir/all] Interrupt
[8.488s] gmake[2]: *** [CMakeFiles/autoware_adapi_version_msgs__rosidl_typesupport_c__pyext.dir/build.make:76: CMakeFiles/autoware_adapi_version_msgs__rosidl_typesupport_c__pyext.dir/rosidl_generator_py/autoware_adapi_version_msgs/_autoware_adapi_version_msgs_s.ep.rosidl_typesupport_c.c.o] Interrupt
[8.488s] gmake[1]: *** [CMakeFiles/Makefile2:564: CMakeFiles/autoware_adapi_version_msgs__rosidl_typesupport_c__pyext.dir/all] Interrupt
[8.489s] gmake: *** [Makefile:146: all] Interrupt
[8.519s] Invoked command in '/workspace/simpleav/20251204/src/simple_av/build/autoware_adapi_version_msgs' returned '-2': CMAKE_PREFIX_PATH=${CMAKE_PREFIX_PATH}:/workspace/simpleav/20251204/install/system:/workspace/simpleav/20251204/install/simple_av_logger:/workspace/simpleav/20251204/install/simple_av:/workspace/simpleav/20251204/install/planning:/workspace/simpleav/20251204/install/perception:/workspace/simpleav/20251204/install/localization:/workspace/simpleav/20251204/install/control:/workspace/simpleav/20251204/install/common:/opt/ros/humble /usr/bin/cmake --build /workspace/simpleav/20251204/src/simple_av/build/autoware_adapi_version_msgs -- -j52 -l52
