-- The C compiler identification is GNU 11.4.0
-- The CXX compiler identification is GNU 11.4.0
-- Detecting C compiler ABI info
-- Detecting C compiler ABI info - done
-- Check for working C compiler: /usr/lib/ccache/gcc - skipped
-- Detecting C compile features
-- Detecting C compile features - done
-- Detecting CXX compiler ABI info
-- Detecting CXX compiler ABI info - done
-- Check for working CXX compiler: /usr/lib/ccache/g++ - skipped
-- Detecting CXX compile features
-- Detecting CXX compile features - done
-- Found ament_cmake: 1.3.11 (/opt/ros/humble/share/ament_cmake/cmake)
-- Found Python3: /usr/bin/python3 (found version "3.10.12") found components: Interpreter 
-- Override CMake install command with custom implementation using symlinks instead of copying resources
-- Found rosidl_default_generators: 1.2.0 (/opt/ros/humble/share/rosidl_default_generators/cmake)
-- Using all available rosidl_typesupport_c: rosidl_typesupport_fastrtps_c;rosidl_typesupport_introspection_c
-- Found rosidl_adapter: 3.1.6 (/opt/ros/humble/share/rosidl_adapter/cmake)
-- Using all available rosidl_typesupport_cpp: rosidl_typesupport_fastrtps_cpp;rosidl_typesupport_introspection_cpp
-- Found std_msgs: 4.2.4 (/opt/ros/humble/share/std_msgs/cmake)
-- Found geometry_msgs: 4.2.4 (/opt/ros/humble/share/geometry_msgs/cmake)
-- Found unique_identifier_msgs: 2.2.1 (/opt/ros/humble/share/unique_identifier_msgs/cmake)
-- Found ament_cmake_ros: 0.10.0 (/opt/ros/humble/share/ament_cmake_ros/cmake)
-- Using all available rosidl_typesupport_c: rosidl_typesupport_fastrtps_c;rosidl_typesupport_introspection_c
-- Using all available rosidl_typesupport_cpp: rosidl_typesupport_fastrtps_cpp;rosidl_typesupport_introspection_cpp
-- Found PythonInterp: /usr/bin/python3 (found suitable version "3.10.12", minimum required is "3.6") 
-- Found python_cmake_module: 0.10.0 (/opt/ros/humble/share/python_cmake_module/cmake)
-- Found PythonLibs: /usr/lib/x86_64-linux-gnu/libpython3.10.so (found suitable version "3.10.12", minimum required is "3.5") 
-- Using PYTHON_EXECUTABLE: /usr/bin/python3
-- Using PYTHON_INCLUDE_DIRS: /usr/include/python3.10
-- Using PYTHON_LIBRARIES: /usr/lib/x86_64-linux-gnu/libpython3.10.so
-- Found PythonExtra: .so  
-- Configuring done
-- Generating done
-- Build files have been written to: /workspace/simpleav/20251204/src/simple_av/build/autoware_perception_msgs
[  0%] [34m[1mGenerating C code for ROS interfaces[0m
[  0%] [34m[1mGenerating C++ code for ROS interfaces[0m
[  0%] Built target ament_cmake_python_symlink_autoware_perception_msgs
running egg_info
creating autoware_perception_msgs.egg-info
writing autoware_perception_msgs.egg-info/PKG-INFO
writing dependency_links to autoware_perception_msgs.egg-info/dependency_links.txt
writing top-level names to autoware_perception_msgs.egg-info/top_level.txt
writing manifest file 'autoware_perception_msgs.egg-info/SOURCES.txt'
reading manifest file 'autoware_perception_msgs.egg-info/SOURCES.txt'
writing manifest file 'autoware_perception_msgs.egg-info/SOURCES.txt'
[  0%] Built target ament_cmake_python_build_autoware_perception_msgs_egg
[  1%] [32mBuilding C object CMakeFiles/autoware_perception_msgs__rosidl_generator_c.dir/rosidl_generator_c/autoware_perception_msgs/msg/detail/detected_object__functions.c.o[0m
[  1%] Built target autoware_perception_msgs__cpp
[  1%] [32mBuilding C object CMakeFiles/autoware_perception_msgs__rosidl_generator_c.dir/rosidl_generator_c/autoware_perception_msgs/msg/detail/detected_object_kinematics__functions.c.o[0m
[  2%] [32mBuilding C object CMakeFiles/autoware_perception_msgs__rosidl_generator_c.dir/rosidl_generator_c/autoware_perception_msgs/msg/detail/object_classification__functions.c.o[0m
[  2%] [32mBuilding C object CMakeFiles/autoware_perception_msgs__rosidl_generator_c.dir/rosidl_generator_c/autoware_perception_msgs/msg/detail/predicted_objects__functions.c.o[0m
[  3%] [32mBuilding C object CMakeFiles/autoware_perception_msgs__rosidl_generator_c.dir/rosidl_generator_c/autoware_perception_msgs/msg/detail/detected_objects__functions.c.o[0m
[  3%] [32mBuilding C object CMakeFiles/autoware_perception_msgs__rosidl_generator_c.dir/rosidl_generator_c/autoware_perception_msgs/msg/detail/predicted_object__functions.c.o[0m
[  4%] [32mBuilding C object CMakeFiles/autoware_perception_msgs__rosidl_generator_c.dir/rosidl_generator_c/autoware_perception_msgs/msg/detail/predicted_path__functions.c.o[0m
[  5%] [32mBuilding C object CMakeFiles/autoware_perception_msgs__rosidl_generator_c.dir/rosidl_generator_c/autoware_perception_msgs/msg/detail/shape__functions.c.o[0m
[  6%] [32mBuilding C object CMakeFiles/autoware_perception_msgs__rosidl_generator_c.dir/rosidl_generator_c/autoware_perception_msgs/msg/detail/tracked_object__functions.c.o[0m
[  7%] [32mBuilding C object CMakeFiles/autoware_perception_msgs__rosidl_generator_c.dir/rosidl_generator_c/autoware_perception_msgs/msg/detail/predicted_object_kinematics__functions.c.o[0m
[  7%] [32mBuilding C object CMakeFiles/autoware_perception_msgs__rosidl_generator_c.dir/rosidl_generator_c/autoware_perception_msgs/msg/detail/traffic_light_element__functions.c.o[0m
[  8%] [34m[1mGenerating C++ type support dispatch for ROS interfaces[0m
[  9%] [32mBuilding C object CMakeFiles/autoware_perception_msgs__rosidl_generator_c.dir/rosidl_generator_c/autoware_perception_msgs/msg/detail/tracked_objects__functions.c.o[0m
[ 10%] [34m[1mGenerating C++ type support for eProsima Fast-RTPS[0m
[ 10%] [32mBuilding C object CMakeFiles/autoware_perception_msgs__rosidl_generator_c.dir/rosidl_generator_c/autoware_perception_msgs/msg/detail/tracked_object_kinematics__functions.c.o[0m
[ 10%] [32mBuilding C object CMakeFiles/autoware_perception_msgs__rosidl_generator_c.dir/rosidl_generator_c/autoware_perception_msgs/msg/detail/predicted_traffic_light_state__functions.c.o[0m
[ 11%] [32mBuilding C object CMakeFiles/autoware_perception_msgs__rosidl_generator_c.dir/rosidl_generator_c/autoware_perception_msgs/msg/detail/traffic_light_group__functions.c.o[0m
[ 11%] [34m[1mGenerating C++ introspection for ROS interfaces[0m
[ 11%] [32mBuilding C object CMakeFiles/autoware_perception_msgs__rosidl_generator_c.dir/rosidl_generator_c/autoware_perception_msgs/msg/detail/traffic_light_group_array__functions.c.o[0m
[ 12%] [32mBuilding C object CMakeFiles/autoware_perception_msgs__rosidl_generator_c.dir/rosidl_generator_c/autoware_perception_msgs/msg/detail/traffic_signal_element__functions.c.o[0m
[ 13%] [32mBuilding C object CMakeFiles/autoware_perception_msgs__rosidl_generator_c.dir/rosidl_generator_c/autoware_perception_msgs/msg/detail/traffic_signal__functions.c.o[0m
[ 13%] [32mBuilding C object CMakeFiles/autoware_perception_msgs__rosidl_generator_c.dir/rosidl_generator_c/autoware_perception_msgs/msg/detail/traffic_signal_array__functions.c.o[0m
[ 14%] [32m[1mLinking C shared library libautoware_perception_msgs__rosidl_generator_c.so[0m
[ 14%] Built target autoware_perception_msgs__rosidl_generator_c
[ 15%] [34m[1mGenerating C type support for eProsima Fast-RTPS[0m
[ 16%] [34m[1mGenerating C type support dispatch for ROS interfaces[0m
[ 17%] [34m[1mGenerating C introspection for ROS interfaces[0m
gmake[2]: *** Deleting file 'rosidl_typesupport_fastrtps_cpp/autoware_perception_msgs/msg/detail/dds_fastrtps/detected_object__type_support.cpp'
gmake[2]: *** Deleting file 'rosidl_typesupport_cpp/autoware_perception_msgs/msg/detected_object__type_support.cpp'
Traceback (most recent call last):
  File "/opt/ros/humble/lib/rosidl_typesupport_introspection_cpp/rosidl_typesupport_introspection_cpp", line 31, in <module>
    sys.exit(main())
  File "/opt/ros/humble/lib/rosidl_typesupport_introspection_cpp/rosidl_typesupport_introspection_cpp", line 27, in main
Traceback (most recent call last):
  File "/opt/ros/humble/lib/rosidl_typesupport_fastrtps_cpp/rosidl_typesupport_fastrtps_cpp", line 23, in <module>
    generate_cpp(args.generator_arguments_file)
  File "/opt/ros/humble/local/lib/python3.10/dist-packages/rosidl_typesupport_introspection_cpp/__init__.py", line 31, in generate_cpp
    return generate_files(generator_arguments_file, mapping)
  File "/opt/ros/humble/local/lib/python3.10/dist-packages/rosidl_cmake/__init__.py", line 74, in generate_files
    sys.exit(main())
    idl_file = parse_idl_file(locator)
  File "/opt/ros/humble/lib/rosidl_typesupport_fastrtps_cpp/rosidl_typesupport_fastrtps_cpp", line 19, in main
  File "/opt/ros/humble/local/lib/python3.10/dist-packages/rosidl_parser/parser.py", line 64, in parse_idl_file
    generate_cpp(args.generator_arguments_file)
    content = parse_idl_string(string, png_file=png_file)
  File "/opt/ros/humble/local/lib/python3.10/dist-packages/rosidl_typesupport_fastrtps_cpp/__init__.py", line 24, in generate_cpp
  File "/opt/ros/humble/local/lib/python3.10/dist-packages/rosidl_parser/parser.py", line 72, in parse_idl_string
    tree = get_ast_from_idl_string(idl_string)
    return generate_files(generator_arguments_file, mapping)
  File "/opt/ros/humble/local/lib/python3.10/dist-packages/rosidl_parser/parser.py", line 89, in get_ast_from_idl_string
  File "/opt/ros/humble/local/lib/python3.10/dist-packages/rosidl_cmake/__init__.py", line 74, in generate_files
    return _parser.parse(idl_string)
  File "/home/tlab/.local/lib/python3.10/site-packages/lark/lark.py", line 677, in parse
    idl_file = parse_idl_file(locator)
  File "/opt/ros/humble/local/lib/python3.10/dist-packages/rosidl_parser/parser.py", line 64, in parse_idl_file
    content = parse_idl_string(string, png_file=png_file)
  File "/opt/ros/humble/local/lib/python3.10/dist-packages/rosidl_parser/parser.py", line 72, in parse_idl_string
    tree = get_ast_from_idl_string(idl_string)
  File "/opt/ros/humble/local/lib/python3.10/dist-packages/rosidl_parser/parser.py", line 89, in get_ast_from_idl_string
    return _parser.parse(idl_string)
  File "/home/tlab/.local/lib/python3.10/site-packages/lark/lark.py", line 677, in parse
gmake[2]: *** Deleting file 'rosidl_typesupport_introspection_cpp/autoware_perception_msgs/msg/detail/detected_object__rosidl_typesupport_introspection_cpp.hpp'
Traceback (most recent call last):
  File "/opt/ros/humble/lib/rosidl_typesupport_fastrtps_c/rosidl_typesupport_fastrtps_c", line 33, in <module>
    return self.parser.parse(text, start=start, on_error=on_error)
Traceback (most recent call last):
  File "/home/tlab/.local/lib/python3.10/site-packages/lark/parser_frontends.py", line 131, in parse
  File "/opt/ros/humble/lib/rosidl_typesupport_c/rosidl_typesupport_c", line 28, in <module>
    return self.parser.parse(stream, chosen_start, **kw)
  File "/home/tlab/.local/lib/python3.10/site-packages/lark/parsers/earley.py", line 280, in parse
    sys.exit(main())
  File "/opt/ros/humble/lib/rosidl_typesupport_fastrtps_c/rosidl_typesupport_fastrtps_c", line 29, in main
    sys.exit(main())
  File "/opt/ros/humble/lib/rosidl_typesupport_c/rosidl_typesupport_c", line 24, in main
    generate_typesupport_fastrtps_c(args.generator_arguments_file)
    to_scan = self._parse(lexer, columns, to_scan, start_symbol)
  File "/opt/ros/humble/local/lib/python3.10/dist-packages/rosidl_typesupport_fastrtps_c/__init__.py", line 24, in generate_typesupport_fastrtps_c
    generate_c(args.generator_arguments_file, args.typesupports)
  File "/home/tlab/.local/lib/python3.10/site-packages/lark/parsers/xearley.py", line 151, in _parse
  File "/opt/ros/humble/local/lib/python3.10/dist-packages/rosidl_typesupport_c/__init__.py", line 28, in generate_c
    return generate_files(
  File "/opt/ros/humble/local/lib/python3.10/dist-packages/rosidl_cmake/__init__.py", line 74, in generate_files
    return generate_files(generator_arguments_file, mapping)
  File "/opt/ros/humble/local/lib/python3.10/dist-packages/rosidl_cmake/__init__.py", line 74, in generate_files
    idl_file = parse_idl_file(locator)
  File "/opt/ros/humble/local/lib/python3.10/dist-packages/rosidl_parser/parser.py", line 64, in parse_idl_file
    content = parse_idl_string(string, png_file=png_file)
  File "/opt/ros/humble/local/lib/python3.10/dist-packages/rosidl_parser/parser.py", line 72, in parse_idl_string
    idl_file = parse_idl_file(locator)
  File "/opt/ros/humble/local/lib/python3.10/dist-packages/rosidl_parser/parser.py", line 64, in parse_idl_file
    tree = get_ast_from_idl_string(idl_string)
  File "/opt/ros/humble/local/lib/python3.10/dist-packages/rosidl_parser/parser.py", line 88, in get_ast_from_idl_string
    _parser = Lark(grammar, start='specification', maybe_placeholders=False)
  File "/home/tlab/.local/lib/python3.10/site-packages/lark/lark.py", line 456, in __init__
    content = parse_idl_string(string, png_file=png_file)
  File "/opt/ros/humble/local/lib/python3.10/dist-packages/rosidl_parser/parser.py", line 72, in parse_idl_string
    tree = get_ast_from_idl_string(idl_string)
    self.parser = self._build_parser()
  File "/home/tlab/.local/lib/python3.10/site-packages/lark/lark.py", line 500, in _build_parser
  File "/opt/ros/humble/local/lib/python3.10/dist-packages/rosidl_parser/parser.py", line 88, in get_ast_from_idl_string
    self.predict_and_complete(i, to_scan, columns, transitives, node_cache)
KeyboardInterrupt
    return _construct_parsing_frontend(
  File "/home/tlab/.local/lib/python3.10/site-packages/lark/parser_frontends.py", line 284, in _construct_parsing_frontend
    return ParsingFrontend(lexer_conf, parser_conf, options)
  File "/home/tlab/.local/lib/python3.10/site-packages/lark/parser_frontends.py", line 78, in __init__
    self.parser = create_parser(lexer_conf, parser_conf, options)
  File "/home/tlab/.local/lib/python3.10/site-packages/lark/parser_frontends.py", line 242, in create_earley_parser
    return f(lexer_conf, parser_conf, resolve_ambiguity=resolve_ambiguity,
  File "/home/tlab/.local/lib/python3.10/site-packages/lark/parser_frontends.py", line 220, in create_earley_parser__dynamic
    return xearley.Parser(lexer_conf, parser_conf, earley_matcher.match, **kw)
  File "/home/tlab/.local/lib/python3.10/site-packages/lark/parsers/xearley.py", line 34, in __init__
    BaseParser.__init__(self, lexer_conf, parser_conf, term_matcher, resolve_ambiguity,
  File "/home/tlab/.local/lib/python3.10/site-packages/lark/parsers/earley.py", line 35, in __init__
    analysis = GrammarAnalyzer(parser_conf)
  File "/home/tlab/.local/lib/python3.10/site-packages/lark/parsers/grammar_analysis.py", line 178, in __init__
Traceback (most recent call last):
  File "/opt/ros/humble/lib/rosidl_typesupport_cpp/rosidl_typesupport_cpp", line 28, in <module>
    sys.exit(main())
  File "/opt/ros/humble/lib/rosidl_typesupport_cpp/rosidl_typesupport_cpp", line 24, in main
    generate_cpp(args.generator_arguments_file, args.typesupports)
  File "/opt/ros/humble/local/lib/python3.10/dist-packages/rosidl_typesupport_cpp/__init__.py", line 28, in generate_cpp
    return generate_files(
  File "/opt/ros/humble/local/lib/python3.10/dist-packages/rosidl_cmake/__init__.py", line 74, in generate_files
    idl_file = parse_idl_file(locator)
  File "/opt/ros/humble/local/lib/python3.10/dist-packages/rosidl_parser/parser.py", line 64, in parse_idl_file
    content = parse_idl_string(string, png_file=png_file)
  File "/opt/ros/humble/local/lib/python3.10/dist-packages/rosidl_parser/parser.py", line 72, in parse_idl_string
    tree = get_ast_from_idl_string(idl_string)
  File "/opt/ros/humble/local/lib/python3.10/dist-packages/rosidl_parser/parser.py", line 89, in get_ast_from_idl_string
    return _parser.parse(idl_string)
  File "/home/tlab/.local/lib/python3.10/site-packages/lark/lark.py", line 677, in parse
    return self.parser.parse(text, start=start, on_error=on_error)
  File "/home/tlab/.local/lib/python3.10/site-packages/lark/parser_frontends.py", line 131, in parse
    return self.parser.parse(stream, chosen_start, **kw)
  File "/home/tlab/.local/lib/python3.10/site-packages/lark/parsers/earley.py", line 280, in parse
    self.FIRST, self.FOLLOW, self.NULLABLE = calculate_sets(rules)
  File "/home/tlab/.local/lib/python3.10/site-packages/lark/parsers/grammar_analysis.py", line 116, in calculate_sets
    if update_set(FIRST[rule.origin], FIRST[sym]):
    to_scan = self._parse(lexer, columns, to_scan, start_symbol)
  File "/home/tlab/.local/lib/python3.10/site-packages/lark/grammar.py", line 21, in __eq__
  File "/home/tlab/.local/lib/python3.10/site-packages/lark/parsers/xearley.py", line 151, in _parse
    self.predict_and_complete(i, to_scan, columns, transitives, node_cache)
  File "/home/tlab/.local/lib/python3.10/site-packages/lark/parsers/earley.py", line 153, in predict_and_complete
    new_items.append(new_item)
KeyboardInterrupt
    _parser = Lark(grammar, start='specification', maybe_placeholders=False)
  File "/home/tlab/.local/lib/python3.10/site-packages/lark/lark.py", line 424, in __init__
    self.terminals, self.rules, self.ignore_tokens = self.grammar.compile(self.options.start, terminals_to_keep)
  File "/home/tlab/.local/lib/python3.10/site-packages/lark/load_grammar.py", line 740, in compile
    tree = transformer.transform(rule_tree)
  File "/home/tlab/.local/lib/python3.10/site-packages/lark/visitors.py", line 264, in transform
    return self.parser.parse(text, start=start, on_error=on_error)
  File "/home/tlab/.local/lib/python3.10/site-packages/lark/parser_frontends.py", line 131, in parse
    return self.parser.parse(stream, chosen_start, **kw)
  File "/home/tlab/.local/lib/python3.10/site-packages/lark/parsers/earley.py", line 280, in parse
    to_scan = self._parse(lexer, columns, to_scan, start_symbol)
  File "/home/tlab/.local/lib/python3.10/site-packages/lark/parsers/xearley.py", line 151, in _parse
    self.predict_and_complete(i, to_scan, columns, transitives, node_cache)
  File "/home/tlab/.local/lib/python3.10/site-packages/lark/parsers/earley.py", line 134, in predict_and_complete
    originators = [originator for originator in columns[item.start] if originator.expect is not None and originator.expect == item.s]
  File "/home/tlab/.local/lib/python3.10/site-packages/lark/parsers/earley.py", line 134, in <listcomp>
    return self.is_term == other.is_term and self.name == other.name
    tree = t.transform(tree)
  File "/home/tlab/.local/lib/python3.10/site-packages/lark/lexer.py", line 269, in __eq__
    originators = [originator for originator in columns[item.start] if originator.expect is not None and originator.expect == item.s]
  File "/home/tlab/.local/lib/python3.10/site-packages/lark/visitors.py", line 283, in transform
KeyboardInterrupt
    for subtree in tree.iter_subtrees():
  File "/home/tlab/.local/lib/python3.10/site-packages/lark/tree.py", line 146, in iter_subtrees
    return str.__eq__(self, other)
KeyboardInterrupt
Traceback (most recent call last):
  File "/opt/ros/humble/lib/rosidl_typesupport_introspection_c/rosidl_typesupport_introspection_c", line 31, in <module>
    sys.exit(main())
  File "/opt/ros/humble/lib/rosidl_typesupport_introspection_c/rosidl_typesupport_introspection_c", line 27, in main
    generate_c(args.generator_arguments_file)
  File "/opt/ros/humble/local/lib/python3.10/dist-packages/rosidl_typesupport_introspection_c/__init__.py", line 31, in generate_c
    return generate_files(generator_arguments_file, mapping)
  File "/opt/ros/humble/local/lib/python3.10/dist-packages/rosidl_cmake/__init__.py", line 74, in generate_files
    idl_file = parse_idl_file(locator)
  File "/opt/ros/humble/local/lib/python3.10/dist-packages/rosidl_parser/parser.py", line 64, in parse_idl_file
    content = parse_idl_string(string, png_file=png_file)
  File "/opt/ros/humble/local/lib/python3.10/dist-packages/rosidl_parser/parser.py", line 72, in parse_idl_string
    tree = get_ast_from_idl_string(idl_string)
  File "/opt/ros/humble/local/lib/python3.10/dist-packages/rosidl_parser/parser.py", line 88, in get_ast_from_idl_string
    _parser = Lark(grammar, start='specification', maybe_placeholders=False)
  File "/home/tlab/.local/lib/python3.10/site-packages/lark/lark.py", line 424, in __init__
    self.terminals, self.rules, self.ignore_tokens = self.grammar.compile(self.options.start, terminals_to_keep)
  File "/home/tlab/.local/lib/python3.10/site-packages/lark/load_grammar.py", line 740, in compile
    tree = transformer.transform(rule_tree)
  File "/home/tlab/.local/lib/python3.10/site-packages/lark/visitors.py", line 264, in transform
    tree = t.transform(tree)
  File "/home/tlab/.local/lib/python3.10/site-packages/lark/visitors.py", line 284, in transform
    subtree.children = list(self._transform_children(subtree.children))
  File "/home/tlab/.local/lib/python3.10/site-packages/lark/visitors.py", line 146, in _transform_children
    res = self._transform_tree(c)
KeyboardInterrupt
    queue += [c for c in reversed(subtree.children)
  File "/home/tlab/.local/lib/python3.10/site-packages/lark/tree.py", line 147, in <listcomp>
    if isinstance(c, Tree) and id(c) not in subtrees]
KeyboardInterrupt
gmake[2]: *** [CMakeFiles/autoware_perception_msgs__rosidl_typesupport_cpp.dir/build.make:161: rosidl_typesupport_cpp/autoware_perception_msgs/msg/detected_object__type_support.cpp] Interrupt
gmake[1]: *** [CMakeFiles/Makefile2:394: CMakeFiles/autoware_perception_msgs__rosidl_typesupport_cpp.dir/all] Interrupt
gmake[2]: *** [CMakeFiles/autoware_perception_msgs__rosidl_typesupport_c.dir/build.make:161: rosidl_typesupport_c/autoware_perception_msgs/msg/detected_object__type_support.cpp] Interrupt
gmake[2]: *** [CMakeFiles/autoware_perception_msgs__rosidl_typesupport_introspection_cpp.dir/build.make:163: rosidl_typesupport_introspection_cpp/autoware_perception_msgs/msg/detail/detected_object__rosidl_typesupport_introspection_cpp.hpp] Interrupt
gmake[1]: *** [CMakeFiles/Makefile2:368: CMakeFiles/autoware_perception_msgs__rosidl_typesupport_introspection_cpp.dir/all] Interrupt
gmake[2]: *** [CMakeFiles/autoware_perception_msgs__rosidl_typesupport_fastrtps_c.dir/build.make:163: rosidl_typesupport_fastrtps_c/autoware_perception_msgs/msg/detail/detected_object__rosidl_typesupport_fastrtps_c.h] Interrupt
gmake[1]: *** [CMakeFiles/Makefile2:238: CMakeFiles/autoware_perception_msgs__rosidl_typesupport_fastrtps_c.dir/all] Interrupt
gmake[1]: *** [CMakeFiles/Makefile2:290: CMakeFiles/autoware_perception_msgs__rosidl_typesupport_c.dir/all] Interrupt
gmake[2]: *** [CMakeFiles/autoware_perception_msgs__rosidl_typesupport_introspection_c.dir/build.make:163: rosidl_typesupport_introspection_c/autoware_perception_msgs/msg/detail/detected_object__rosidl_typesupport_introspection_c.h] Interrupt
gmake[1]: *** [CMakeFiles/Makefile2:264: CMakeFiles/autoware_perception_msgs__rosidl_typesupport_introspection_c.dir/all] Interrupt
gmake[2]: *** [CMakeFiles/autoware_perception_msgs__rosidl_typesupport_fastrtps_cpp.dir/build.make:163: rosidl_typesupport_fastrtps_cpp/autoware_perception_msgs/msg/detail/dds_fastrtps/detected_object__type_support.cpp] Interrupt
gmake[1]: *** [CMakeFiles/Makefile2:342: CMakeFiles/autoware_perception_msgs__rosidl_typesupport_fastrtps_cpp.dir/all] Interrupt
gmake: *** [Makefile:146: all] Interrupt
