-- The C compiler identification is GNU 11.4.0
-- The CXX compiler identification is GNU 11.4.0
-- Detecting C compiler ABI info
-- Detecting C compiler ABI info - done
-- Check for working C compiler: /usr/lib/ccache/gcc - skipped
-- Detecting C compile features
-- Detecting C compile features - done
-- Detecting CXX compiler ABI info
-- Detecting CXX compiler ABI info - done
-- Check for working CXX compiler: /usr/lib/ccache/g++ - skipped
-- Detecting CXX compile features
-- Detecting CXX compile features - done
-- Found ament_cmake: 1.3.11 (/opt/ros/humble/share/ament_cmake/cmake)
-- Found Python3: /usr/bin/python3 (found version "3.10.12") found components: Interpreter 
-- Override CMake install command with custom implementation using symlinks instead of copying resources
-- Found rosidl_default_generators: 1.2.0 (/opt/ros/humble/share/rosidl_default_generators/cmake)
-- Using all available rosidl_typesupport_c: rosidl_typesupport_fastrtps_c;rosidl_typesupport_introspection_c
-- Found rosidl_adapter: 3.1.6 (/opt/ros/humble/share/rosidl_adapter/cmake)
-- Using all available rosidl_typesupport_cpp: rosidl_typesupport_fastrtps_cpp;rosidl_typesupport_introspection_cpp
-- Found std_msgs: 4.2.4 (/opt/ros/humble/share/std_msgs/cmake)
-- Found geometry_msgs: 4.2.4 (/opt/ros/humble/share/geometry_msgs/cmake)
-- Found unique_identifier_msgs: 2.2.1 (/opt/ros/humble/share/unique_identifier_msgs/cmake)
-- Found ament_cmake_ros: 0.10.0 (/opt/ros/humble/share/ament_cmake_ros/cmake)
-- Using all available rosidl_typesupport_c: rosidl_typesupport_fastrtps_c;rosidl_typesupport_introspection_c
-- Using all available rosidl_typesupport_cpp: rosidl_typesupport_fastrtps_cpp;rosidl_typesupport_introspection_cpp
-- Found PythonInterp: /usr/bin/python3 (found suitable version "3.10.12", minimum required is "3.6") 
-- Found python_cmake_module: 0.10.0 (/opt/ros/humble/share/python_cmake_module/cmake)
-- Found PythonLibs: /usr/lib/x86_64-linux-gnu/libpython3.10.so (found suitable version "3.10.12", minimum required is "3.5") 
-- Using PYTHON_EXECUTABLE: /usr/bin/python3
-- Using PYTHON_INCLUDE_DIRS: /usr/include/python3.10
-- Using PYTHON_LIBRARIES: /usr/lib/x86_64-linux-gnu/libpython3.10.so
-- Found PythonExtra: .so  
-- Configuring done
-- Generating done
-- Build files have been written to: /workspace/simpleav/20251204/src/simple_av/build/autoware_perception_msgs
[  0%] [34m[1mGenerating C code for ROS interfaces[0m
[  0%] [34m[1mGenerating C++ code for ROS interfaces[0m
[  0%] Built target ament_cmake_python_symlink_autoware_perception_msgs
running egg_info
creating autoware_perception_msgs.egg-info
writing autoware_perception_msgs.egg-info/PKG-INFO
writing dependency_links to autoware_perception_msgs.egg-info/dependency_links.txt
writing top-level names to autoware_perception_msgs.egg-info/top_level.txt
writing manifest file 'autoware_perception_msgs.egg-info/SOURCES.txt'
reading manifest file 'autoware_perception_msgs.egg-info/SOURCES.txt'
writing manifest file 'autoware_perception_msgs.egg-info/SOURCES.txt'
[  0%] Built target ament_cmake_python_build_autoware_perception_msgs_egg
[  1%] [32mBuilding C object CMakeFiles/autoware_perception_msgs__rosidl_generator_c.dir/rosidl_generator_c/autoware_perception_msgs/msg/detail/detected_object__functions.c.o[0m
[  1%] Built target autoware_perception_msgs__cpp
[  1%] [32mBuilding C object CMakeFiles/autoware_perception_msgs__rosidl_generator_c.dir/rosidl_generator_c/autoware_perception_msgs/msg/detail/detected_object_kinematics__functions.c.o[0m
[  2%] [32mBuilding C object CMakeFiles/autoware_perception_msgs__rosidl_generator_c.dir/rosidl_generator_c/autoware_perception_msgs/msg/detail/object_classification__functions.c.o[0m
[  2%] [32mBuilding C object CMakeFiles/autoware_perception_msgs__rosidl_generator_c.dir/rosidl_generator_c/autoware_perception_msgs/msg/detail/predicted_objects__functions.c.o[0m
[  3%] [32mBuilding C object CMakeFiles/autoware_perception_msgs__rosidl_generator_c.dir/rosidl_generator_c/autoware_perception_msgs/msg/detail/detected_objects__functions.c.o[0m
[  3%] [32mBuilding C object CMakeFiles/autoware_perception_msgs__rosidl_generator_c.dir/rosidl_generator_c/autoware_perception_msgs/msg/detail/predicted_object__functions.c.o[0m
[  4%] [32mBuilding C object CMakeFiles/autoware_perception_msgs__rosidl_generator_c.dir/rosidl_generator_c/autoware_perception_msgs/msg/detail/predicted_path__functions.c.o[0m
[  5%] [32mBuilding C object CMakeFiles/autoware_perception_msgs__rosidl_generator_c.dir/rosidl_generator_c/autoware_perception_msgs/msg/detail/shape__functions.c.o[0m
[  6%] [32mBuilding C object CMakeFiles/autoware_perception_msgs__rosidl_generator_c.dir/rosidl_generator_c/autoware_perception_msgs/msg/detail/tracked_object__functions.c.o[0m
[  7%] [32mBuilding C object CMakeFiles/autoware_perception_msgs__rosidl_generator_c.dir/rosidl_generator_c/autoware_perception_msgs/msg/detail/predicted_object_kinematics__functions.c.o[0m
[  7%] [32mBuilding C object CMakeFiles/autoware_perception_msgs__rosidl_generator_c.dir/rosidl_generator_c/autoware_perception_msgs/msg/detail/traffic_light_element__functions.c.o[0m
[  8%] [34m[1mGenerating C++ type support dispatch for ROS interfaces[0m
[  9%] [32mBuilding C object CMakeFiles/autoware_perception_msgs__rosidl_generator_c.dir/rosidl_generator_c/autoware_perception_msgs/msg/detail/tracked_objects__functions.c.o[0m
[ 10%] [34m[1mGenerating C++ type support for eProsima Fast-RTPS[0m
[ 10%] [32mBuilding C object CMakeFiles/autoware_perception_msgs__rosidl_generator_c.dir/rosidl_generator_c/autoware_perception_msgs/msg/detail/tracked_object_kinematics__functions.c.o[0m
[ 10%] [32mBuilding C object CMakeFiles/autoware_perception_msgs__rosidl_generator_c.dir/rosidl_generator_c/autoware_perception_msgs/msg/detail/predicted_traffic_light_state__functions.c.o[0m
[ 11%] [32mBuilding C object CMakeFiles/autoware_perception_msgs__rosidl_generator_c.dir/rosidl_generator_c/autoware_perception_msgs/msg/detail/traffic_light_group__functions.c.o[0m
[ 11%] [34m[1mGenerating C++ introspection for ROS interfaces[0m
[ 11%] [32mBuilding C object CMakeFiles/autoware_perception_msgs__rosidl_generator_c.dir/rosidl_generator_c/autoware_perception_msgs/msg/detail/traffic_light_group_array__functions.c.o[0m
[ 12%] [32mBuilding C object CMakeFiles/autoware_perception_msgs__rosidl_generator_c.dir/rosidl_generator_c/autoware_perception_msgs/msg/detail/traffic_signal_element__functions.c.o[0m
[ 13%] [32mBuilding C object CMakeFiles/autoware_perception_msgs__rosidl_generator_c.dir/rosidl_generator_c/autoware_perception_msgs/msg/detail/traffic_signal__functions.c.o[0m
[ 13%] [32mBuilding C object CMakeFiles/autoware_perception_msgs__rosidl_generator_c.dir/rosidl_generator_c/autoware_perception_msgs/msg/detail/traffic_signal_array__functions.c.o[0m
[ 14%] [32m[1mLinking C shared library libautoware_perception_msgs__rosidl_generator_c.so[0m
[ 14%] Built target autoware_perception_msgs__rosidl_generator_c
[ 15%] [34m[1mGenerating C type support for eProsima Fast-RTPS[0m
[ 16%] [34m[1mGenerating C type support dispatch for ROS interfaces[0m
[ 17%] [34m[1mGenerating C introspection for ROS interfaces[0m
