[0.164s] Invoking command in '/workspace/simpleav/20251204/src/simple_av/build/autoware_internal_debug_msgs': CMAKE_PREFIX_PATH=${CMAKE_PREFIX_PATH}:/workspace/simpleav/20251204/install/system:/workspace/simpleav/20251204/install/simple_av_logger:/workspace/simpleav/20251204/install/simple_av:/workspace/simpleav/20251204/install/planning:/workspace/simpleav/20251204/install/perception:/workspace/simpleav/20251204/install/localization:/workspace/simpleav/20251204/install/control:/workspace/simpleav/20251204/install/common:/opt/ros/humble /usr/bin/cmake /workspace/simpleav/20251204/src/simple_av/src/visualization/autoware_internal_msgs/autoware_internal_debug_msgs -DAMENT_CMAKE_SYMLINK_INSTALL=1 -DCMAKE_INSTALL_PREFIX=/workspace/simpleav/20251204/src/simple_av/install/autoware_internal_debug_msgs
[1.506s] -- The C compiler identification is GNU 11.4.0
[1.506s] -- The CXX compiler identification is GNU 11.4.0
[1.506s] -- Detecting C compiler ABI info
[1.506s] -- Detecting C compiler ABI info - done
[1.506s] -- Check for working C compiler: /usr/lib/ccache/gcc - skipped
[1.506s] -- Detecting C compile features
[1.506s] -- Detecting C compile features - done
[1.506s] -- Detecting CXX compiler ABI info
[1.507s] -- Detecting CXX compiler ABI info - done
[1.507s] -- Check for working CXX compiler: /usr/lib/ccache/g++ - skipped
[1.507s] -- Detecting CXX compile features
[1.507s] -- Detecting CXX compile features - done
[1.507s] -- Found ament_cmake_auto: 1.3.11 (/opt/ros/humble/share/ament_cmake_auto/cmake)
[1.508s] -- Found Python3: /usr/bin/python3 (found version "3.10.12") found components: Interpreter 
[1.508s] -- Override CMake install command with custom implementation using symlinks instead of copying resources
[1.915s] -- Found rosidl_generator_c: 3.1.6 (/opt/ros/humble/share/rosidl_generator_c/cmake)
[1.934s] -- Found rosidl_adapter: 3.1.6 (/opt/ros/humble/share/rosidl_adapter/cmake)
[1.959s] -- Found rosidl_generator_cpp: 3.1.6 (/opt/ros/humble/share/rosidl_generator_cpp/cmake)
[1.989s] -- Using all available rosidl_typesupport_c: rosidl_typesupport_fastrtps_c;rosidl_typesupport_introspection_c
[2.031s] -- Using all available rosidl_typesupport_cpp: rosidl_typesupport_fastrtps_cpp;rosidl_typesupport_introspection_cpp
[2.568s] -- Found ament_cmake_cppcheck: 0.12.11 (/opt/ros/humble/share/ament_cmake_cppcheck/cmake)
[2.579s] -- Found ament_cmake_cpplint: 0.12.11 (/opt/ros/humble/share/ament_cmake_cpplint/cmake)
[2.589s] -- Found ament_cmake_uncrustify: 0.12.11 (/opt/ros/humble/share/ament_cmake_uncrustify/cmake)
[2.598s] -- Found ament_cmake_ros: 0.10.0 (/opt/ros/humble/share/ament_cmake_ros/cmake)
[3.285s] -- Using all available rosidl_typesupport_c: rosidl_typesupport_fastrtps_c;rosidl_typesupport_introspection_c
[3.548s] -- Using all available rosidl_typesupport_cpp: rosidl_typesupport_fastrtps_cpp;rosidl_typesupport_introspection_cpp
[3.597s] -- Found PythonInterp: /usr/bin/python3 (found suitable version "3.10.12", minimum required is "3.6") 
[3.605s] -- Found python_cmake_module: 0.10.0 (/opt/ros/humble/share/python_cmake_module/cmake)
[3.661s] -- Found PythonLibs: /usr/lib/x86_64-linux-gnu/libpython3.10.so (found suitable version "3.10.12", minimum required is "3.5") 
[3.661s] -- Using PYTHON_EXECUTABLE: /usr/bin/python3
[3.661s] -- Using PYTHON_INCLUDE_DIRS: /usr/include/python3.10
[3.661s] -- Using PYTHON_LIBRARIES: /usr/lib/x86_64-linux-gnu/libpython3.10.so
[3.708s] -- Found PythonExtra: .so  
[3.858s] -- Found ament_cmake_flake8: 0.12.11 (/opt/ros/humble/share/ament_cmake_flake8/cmake)
[3.868s] -- Found ament_cmake_pep257: 0.12.11 (/opt/ros/humble/share/ament_cmake_pep257/cmake)
[3.885s] -- Configuring done
[3.955s] -- Generating done
[3.972s] -- Build files have been written to: /workspace/simpleav/20251204/src/simple_av/build/autoware_internal_debug_msgs
[4.014s] Invoked command in '/workspace/simpleav/20251204/src/simple_av/build/autoware_internal_debug_msgs' returned '0': CMAKE_PREFIX_PATH=${CMAKE_PREFIX_PATH}:/workspace/simpleav/20251204/install/system:/workspace/simpleav/20251204/install/simple_av_logger:/workspace/simpleav/20251204/install/simple_av:/workspace/simpleav/20251204/install/planning:/workspace/simpleav/20251204/install/perception:/workspace/simpleav/20251204/install/localization:/workspace/simpleav/20251204/install/control:/workspace/simpleav/20251204/install/common:/opt/ros/humble /usr/bin/cmake /workspace/simpleav/20251204/src/simple_av/src/visualization/autoware_internal_msgs/autoware_internal_debug_msgs -DAMENT_CMAKE_SYMLINK_INSTALL=1 -DCMAKE_INSTALL_PREFIX=/workspace/simpleav/20251204/src/simple_av/install/autoware_internal_debug_msgs
[4.014s] Invoking command in '/workspace/simpleav/20251204/src/simple_av/build/autoware_internal_debug_msgs': CMAKE_PREFIX_PATH=${CMAKE_PREFIX_PATH}:/workspace/simpleav/20251204/install/system:/workspace/simpleav/20251204/install/simple_av_logger:/workspace/simpleav/20251204/install/simple_av:/workspace/simpleav/20251204/install/planning:/workspace/simpleav/20251204/install/perception:/workspace/simpleav/20251204/install/localization:/workspace/simpleav/20251204/install/control:/workspace/simpleav/20251204/install/common:/opt/ros/humble /usr/bin/cmake --build /workspace/simpleav/20251204/src/simple_av/build/autoware_internal_debug_msgs -- -j52 -l52
[5.375s] [  1%] [34m[1mGenerating C code for ROS interfaces[0m
[5.375s] [  1%] [34m[1mGenerating C++ code for ROS interfaces[0m
[5.375s] [  1%] Built target ament_cmake_python_symlink_autoware_internal_debug_msgs
[5.375s] running egg_info
[5.376s] creating autoware_internal_debug_msgs.egg-info
[5.376s] writing autoware_internal_debug_msgs.egg-info/PKG-INFO
[5.376s] writing dependency_links to autoware_internal_debug_msgs.egg-info/dependency_links.txt
[5.376s] writing top-level names to autoware_internal_debug_msgs.egg-info/top_level.txt
[5.376s] writing manifest file 'autoware_internal_debug_msgs.egg-info/SOURCES.txt'
[5.376s] reading manifest file 'autoware_internal_debug_msgs.egg-info/SOURCES.txt'
[5.376s] writing manifest file 'autoware_internal_debug_msgs.egg-info/SOURCES.txt'
[5.376s] [  1%] Built target ament_cmake_python_build_autoware_internal_debug_msgs_egg
[5.663s] [  1%] Built target autoware_internal_debug_msgs__cpp
[5.716s] [  2%] [34m[1mGenerating C++ type support for eProsima Fast-RTPS[0m
[5.731s] [  3%] [34m[1mGenerating C++ type support dispatch for ROS interfaces[0m
[5.732s] [  3%] [34m[1mGenerating C++ introspection for ROS interfaces[0m
[5.742s] [  4%] [32mBuilding C object CMakeFiles/autoware_internal_debug_msgs__rosidl_generator_c.dir/rosidl_generator_c/autoware_internal_debug_msgs/msg/detail/float32_stamped__functions.c.o[0m
[5.747s] [  5%] [32mBuilding C object CMakeFiles/autoware_internal_debug_msgs__rosidl_generator_c.dir/rosidl_generator_c/autoware_internal_debug_msgs/msg/detail/float32_multi_array_stamped__functions.c.o[0m
[5.749s] [  6%] [32mBuilding C object CMakeFiles/autoware_internal_debug_msgs__rosidl_generator_c.dir/rosidl_generator_c/autoware_internal_debug_msgs/msg/detail/int64_stamped__functions.c.o[0m
[5.751s] [  6%] [32mBuilding C object CMakeFiles/autoware_internal_debug_msgs__rosidl_generator_c.dir/rosidl_generator_c/autoware_internal_debug_msgs/msg/detail/bool_stamped__functions.c.o[0m
[5.755s] [  6%] [32mBuilding C object CMakeFiles/autoware_internal_debug_msgs__rosidl_generator_c.dir/rosidl_generator_c/autoware_internal_debug_msgs/msg/detail/float64_multi_array_stamped__functions.c.o[0m
[5.756s] [  7%] [32mBuilding C object CMakeFiles/autoware_internal_debug_msgs__rosidl_generator_c.dir/rosidl_generator_c/autoware_internal_debug_msgs/msg/detail/int32_multi_array_stamped__functions.c.o[0m
[5.758s] [  8%] [32mBuilding C object CMakeFiles/autoware_internal_debug_msgs__rosidl_generator_c.dir/rosidl_generator_c/autoware_internal_debug_msgs/msg/detail/float64_stamped__functions.c.o[0m
[5.758s] [  9%] [32mBuilding C object CMakeFiles/autoware_internal_debug_msgs__rosidl_generator_c.dir/rosidl_generator_c/autoware_internal_debug_msgs/msg/detail/int32_stamped__functions.c.o[0m
[5.763s] [ 10%] [32mBuilding C object CMakeFiles/autoware_internal_debug_msgs__rosidl_generator_c.dir/rosidl_generator_c/autoware_internal_debug_msgs/msg/detail/processing_time_node__functions.c.o[0m
[5.764s] [ 10%] [32mBuilding C object CMakeFiles/autoware_internal_debug_msgs__rosidl_generator_c.dir/rosidl_generator_c/autoware_internal_debug_msgs/msg/detail/int64_multi_array_stamped__functions.c.o[0m
[5.771s] [ 11%] [32mBuilding C object CMakeFiles/autoware_internal_debug_msgs__rosidl_generator_c.dir/rosidl_generator_c/autoware_internal_debug_msgs/msg/detail/processing_time_tree__functions.c.o[0m
[5.772s] [ 12%] [32mBuilding C object CMakeFiles/autoware_internal_debug_msgs__rosidl_generator_c.dir/rosidl_generator_c/autoware_internal_debug_msgs/msg/detail/string_stamped__functions.c.o[0m
[5.777s] [ 13%] [32mBuilding C object CMakeFiles/autoware_internal_debug_msgs__rosidl_generator_c.dir/rosidl_generator_c/autoware_internal_debug_msgs/srv/detail/string__functions.c.o[0m
[5.784s] [ 13%] [32mBuilding C object CMakeFiles/autoware_internal_debug_msgs__rosidl_generator_c.dir/rosidl_generator_c/autoware_internal_debug_msgs/msg/detail/service_log__functions.c.o[0m
[6.086s] [ 14%] [32m[1mLinking C shared library libautoware_internal_debug_msgs__rosidl_generator_c.so[0m
[6.234s] [ 14%] Built target autoware_internal_debug_msgs__rosidl_generator_c
[6.295s] [ 15%] [34m[1mGenerating C introspection for ROS interfaces[0m
[6.295s] [ 16%] [34m[1mGenerating C type support dispatch for ROS interfaces[0m
[6.295s] [ 17%] [34m[1mGenerating C type support for eProsima Fast-RTPS[0m
[7.077s] [ 18%] [32mBuilding CXX object CMakeFiles/autoware_internal_debug_msgs__rosidl_typesupport_introspection_cpp.dir/rosidl_typesupport_introspection_cpp/autoware_internal_debug_msgs/msg/detail/float32_multi_array_stamped__type_support.cpp.o[0m
[7.078s] [ 19%] [32mBuilding CXX object CMakeFiles/autoware_internal_debug_msgs__rosidl_typesupport_introspection_cpp.dir/rosidl_typesupport_introspection_cpp/autoware_internal_debug_msgs/msg/detail/float32_stamped__type_support.cpp.o[0m
[7.079s] [ 20%] [32mBuilding CXX object CMakeFiles/autoware_internal_debug_msgs__rosidl_typesupport_introspection_cpp.dir/rosidl_typesupport_introspection_cpp/autoware_internal_debug_msgs/msg/detail/float64_multi_array_stamped__type_support.cpp.o[0m
[7.082s] [ 21%] [32mBuilding CXX object CMakeFiles/autoware_internal_debug_msgs__rosidl_typesupport_introspection_cpp.dir/rosidl_typesupport_introspection_cpp/autoware_internal_debug_msgs/msg/detail/bool_stamped__type_support.cpp.o[0m
[7.085s] [ 22%] [32mBuilding CXX object CMakeFiles/autoware_internal_debug_msgs__rosidl_typesupport_cpp.dir/rosidl_typesupport_cpp/autoware_internal_debug_msgs/msg/bool_stamped__type_support.cpp.o[0m
[7.091s] [ 22%] [32mBuilding CXX object CMakeFiles/autoware_internal_debug_msgs__rosidl_typesupport_introspection_cpp.dir/rosidl_typesupport_introspection_cpp/autoware_internal_debug_msgs/msg/detail/float64_stamped__type_support.cpp.o[0m
[7.111s] [ 23%] [32mBuilding CXX object CMakeFiles/autoware_internal_debug_msgs__rosidl_typesupport_cpp.dir/rosidl_typesupport_cpp/autoware_internal_debug_msgs/msg/float32_stamped__type_support.cpp.o[0m
[7.111s] [ 24%] [32mBuilding CXX object CMakeFiles/autoware_internal_debug_msgs__rosidl_typesupport_cpp.dir/rosidl_typesupport_cpp/autoware_internal_debug_msgs/msg/float64_stamped__type_support.cpp.o[0m
[7.114s] [ 25%] [32mBuilding CXX object CMakeFiles/autoware_internal_debug_msgs__rosidl_typesupport_cpp.dir/rosidl_typesupport_cpp/autoware_internal_debug_msgs/msg/int64_stamped__type_support.cpp.o[0m
[7.115s] [ 25%] [32mBuilding CXX object CMakeFiles/autoware_internal_debug_msgs__rosidl_typesupport_cpp.dir/rosidl_typesupport_cpp/autoware_internal_debug_msgs/msg/float32_multi_array_stamped__type_support.cpp.o[0m
[7.119s] [ 26%] [32mBuilding CXX object CMakeFiles/autoware_internal_debug_msgs__rosidl_typesupport_introspection_cpp.dir/rosidl_typesupport_introspection_cpp/autoware_internal_debug_msgs/msg/detail/int32_stamped__type_support.cpp.o[0m
[7.128s] [ 27%] [32mBuilding CXX object CMakeFiles/autoware_internal_debug_msgs__rosidl_typesupport_cpp.dir/rosidl_typesupport_cpp/autoware_internal_debug_msgs/msg/int32_multi_array_stamped__type_support.cpp.o[0m
[7.128s] [ 27%] [32mBuilding CXX object CMakeFiles/autoware_internal_debug_msgs__rosidl_typesupport_cpp.dir/rosidl_typesupport_cpp/autoware_internal_debug_msgs/msg/int32_stamped__type_support.cpp.o[0m
[7.130s] [ 28%] [32mBuilding CXX object CMakeFiles/autoware_internal_debug_msgs__rosidl_typesupport_cpp.dir/rosidl_typesupport_cpp/autoware_internal_debug_msgs/msg/int64_multi_array_stamped__type_support.cpp.o[0m
[7.135s] [ 29%] [32mBuilding CXX object CMakeFiles/autoware_internal_debug_msgs__rosidl_typesupport_cpp.dir/rosidl_typesupport_cpp/autoware_internal_debug_msgs/msg/float64_multi_array_stamped__type_support.cpp.o[0m
[7.135s] [ 30%] [32mBuilding CXX object CMakeFiles/autoware_internal_debug_msgs__rosidl_typesupport_introspection_cpp.dir/rosidl_typesupport_introspection_cpp/autoware_internal_debug_msgs/msg/detail/int32_multi_array_stamped__type_support.cpp.o[0m
[7.138s] [ 30%] [32mBuilding CXX object CMakeFiles/autoware_internal_debug_msgs__rosidl_typesupport_introspection_cpp.dir/rosidl_typesupport_introspection_cpp/autoware_internal_debug_msgs/msg/detail/int64_stamped__type_support.cpp.o[0m
[7.141s] [ 31%] [32mBuilding CXX object CMakeFiles/autoware_internal_debug_msgs__rosidl_typesupport_introspection_cpp.dir/rosidl_typesupport_introspection_cpp/autoware_internal_debug_msgs/srv/detail/string__type_support.cpp.o[0m
[7.141s] [ 31%] [32mBuilding CXX object CMakeFiles/autoware_internal_debug_msgs__rosidl_typesupport_cpp.dir/rosidl_typesupport_cpp/autoware_internal_debug_msgs/msg/string_stamped__type_support.cpp.o[0m
[7.146s] [ 31%] [32mBuilding CXX object CMakeFiles/autoware_internal_debug_msgs__rosidl_typesupport_introspection_cpp.dir/rosidl_typesupport_introspection_cpp/autoware_internal_debug_msgs/msg/detail/processing_time_tree__type_support.cpp.o[0m
[7.149s] [ 32%] [32mBuilding CXX object CMakeFiles/autoware_internal_debug_msgs__rosidl_typesupport_introspection_cpp.dir/rosidl_typesupport_introspection_cpp/autoware_internal_debug_msgs/msg/detail/processing_time_node__type_support.cpp.o[0m
[7.164s] [ 33%] [32mBuilding CXX object CMakeFiles/autoware_internal_debug_msgs__rosidl_typesupport_cpp.dir/rosidl_typesupport_cpp/autoware_internal_debug_msgs/msg/processing_time_node__type_support.cpp.o[0m
[7.165s] [ 34%] [32mBuilding CXX object CMakeFiles/autoware_internal_debug_msgs__rosidl_typesupport_introspection_cpp.dir/rosidl_typesupport_introspection_cpp/autoware_internal_debug_msgs/msg/detail/int64_multi_array_stamped__type_support.cpp.o[0m
[7.169s] [ 35%] [32mBuilding CXX object CMakeFiles/autoware_internal_debug_msgs__rosidl_typesupport_introspection_cpp.dir/rosidl_typesupport_introspection_cpp/autoware_internal_debug_msgs/msg/detail/string_stamped__type_support.cpp.o[0m
[7.169s] [ 33%] [32mBuilding CXX object CMakeFiles/autoware_internal_debug_msgs__rosidl_typesupport_cpp.dir/rosidl_typesupport_cpp/autoware_internal_debug_msgs/srv/string__type_support.cpp.o[0m
[7.169s] [ 36%] [32mBuilding CXX object CMakeFiles/autoware_internal_debug_msgs__rosidl_typesupport_cpp.dir/rosidl_typesupport_cpp/autoware_internal_debug_msgs/msg/processing_time_tree__type_support.cpp.o[0m
[7.182s] [ 37%] [32mBuilding CXX object CMakeFiles/autoware_internal_debug_msgs__rosidl_typesupport_cpp.dir/rosidl_typesupport_cpp/autoware_internal_debug_msgs/msg/service_log__type_support.cpp.o[0m
[7.183s] [ 38%] [32mBuilding CXX object CMakeFiles/autoware_internal_debug_msgs__rosidl_typesupport_introspection_cpp.dir/rosidl_typesupport_introspection_cpp/autoware_internal_debug_msgs/msg/detail/service_log__type_support.cpp.o[0m
[7.318s] [ 39%] [32mBuilding CXX object CMakeFiles/autoware_internal_debug_msgs__rosidl_typesupport_fastrtps_cpp.dir/rosidl_typesupport_fastrtps_cpp/autoware_internal_debug_msgs/msg/detail/dds_fastrtps/bool_stamped__type_support.cpp.o[0m
[7.324s] [ 40%] [32mBuilding CXX object CMakeFiles/autoware_internal_debug_msgs__rosidl_typesupport_fastrtps_cpp.dir/rosidl_typesupport_fastrtps_cpp/autoware_internal_debug_msgs/msg/detail/dds_fastrtps/float64_stamped__type_support.cpp.o[0m
[7.344s] [ 40%] [32mBuilding CXX object CMakeFiles/autoware_internal_debug_msgs__rosidl_typesupport_fastrtps_cpp.dir/rosidl_typesupport_fastrtps_cpp/autoware_internal_debug_msgs/msg/detail/dds_fastrtps/float32_multi_array_stamped__type_support.cpp.o[0m
[7.344s] [ 41%] [32mBuilding CXX object CMakeFiles/autoware_internal_debug_msgs__rosidl_typesupport_fastrtps_cpp.dir/rosidl_typesupport_fastrtps_cpp/autoware_internal_debug_msgs/msg/detail/dds_fastrtps/float64_multi_array_stamped__type_support.cpp.o[0m
[7.345s] [ 42%] [32mBuilding CXX object CMakeFiles/autoware_internal_debug_msgs__rosidl_typesupport_fastrtps_cpp.dir/rosidl_typesupport_fastrtps_cpp/autoware_internal_debug_msgs/msg/detail/dds_fastrtps/float32_stamped__type_support.cpp.o[0m
[7.346s] [ 43%] [32mBuilding CXX object CMakeFiles/autoware_internal_debug_msgs__rosidl_typesupport_fastrtps_cpp.dir/rosidl_typesupport_fastrtps_cpp/autoware_internal_debug_msgs/msg/detail/dds_fastrtps/int32_stamped__type_support.cpp.o[0m
[7.350s] [ 43%] [32mBuilding CXX object CMakeFiles/autoware_internal_debug_msgs__rosidl_typesupport_fastrtps_cpp.dir/rosidl_typesupport_fastrtps_cpp/autoware_internal_debug_msgs/msg/detail/dds_fastrtps/processing_time_node__type_support.cpp.o[0m
[7.357s] [ 44%] [32mBuilding CXX object CMakeFiles/autoware_internal_debug_msgs__rosidl_typesupport_fastrtps_cpp.dir/rosidl_typesupport_fastrtps_cpp/autoware_internal_debug_msgs/msg/detail/dds_fastrtps/string_stamped__type_support.cpp.o[0m
[7.358s] [ 45%] [32mBuilding CXX object CMakeFiles/autoware_internal_debug_msgs__rosidl_typesupport_fastrtps_cpp.dir/rosidl_typesupport_fastrtps_cpp/autoware_internal_debug_msgs/msg/detail/dds_fastrtps/int64_multi_array_stamped__type_support.cpp.o[0m
[7.365s] [ 46%] [32mBuilding CXX object CMakeFiles/autoware_internal_debug_msgs__rosidl_typesupport_fastrtps_cpp.dir/rosidl_typesupport_fastrtps_cpp/autoware_internal_debug_msgs/msg/detail/dds_fastrtps/int64_stamped__type_support.cpp.o[0m
[7.372s] [ 46%] [32mBuilding CXX object CMakeFiles/autoware_internal_debug_msgs__rosidl_typesupport_fastrtps_cpp.dir/rosidl_typesupport_fastrtps_cpp/autoware_internal_debug_msgs/msg/detail/dds_fastrtps/int32_multi_array_stamped__type_support.cpp.o[0m
[7.376s] [ 47%] [32mBuilding CXX object CMakeFiles/autoware_internal_debug_msgs__rosidl_typesupport_fastrtps_cpp.dir/rosidl_typesupport_fastrtps_cpp/autoware_internal_debug_msgs/srv/detail/dds_fastrtps/string__type_support.cpp.o[0m
[7.387s] [ 48%] [32mBuilding CXX object CMakeFiles/autoware_internal_debug_msgs__rosidl_typesupport_fastrtps_cpp.dir/rosidl_typesupport_fastrtps_cpp/autoware_internal_debug_msgs/msg/detail/dds_fastrtps/processing_time_tree__type_support.cpp.o[0m
[7.401s] [ 49%] [32mBuilding CXX object CMakeFiles/autoware_internal_debug_msgs__rosidl_typesupport_fastrtps_cpp.dir/rosidl_typesupport_fastrtps_cpp/autoware_internal_debug_msgs/msg/detail/dds_fastrtps/service_log__type_support.cpp.o[0m
[8.432s] [ 50%] [32m[1mLinking CXX shared library libautoware_internal_debug_msgs__rosidl_typesupport_cpp.so[0m
[8.540s] gmake[2]: *** Deleting file 'rosidl_typesupport_introspection_c/autoware_internal_debug_msgs/msg/detail/bool_stamped__rosidl_typesupport_introspection_c.h'
[8.540s] gmake[2]: *** Deleting file 'rosidl_typesupport_fastrtps_c/autoware_internal_debug_msgs/msg/detail/bool_stamped__rosidl_typesupport_fastrtps_c.h'
[8.540s] gmake[2]: *** Deleting file 'CMakeFiles/autoware_internal_debug_msgs__rosidl_typesupport_fastrtps_cpp.dir/rosidl_typesupport_fastrtps_cpp/autoware_internal_debug_msgs/msg/detail/dds_fastrtps/processing_time_tree__type_support.cpp.o'
[8.540s] gmake[2]: *** Deleting file 'CMakeFiles/autoware_internal_debug_msgs__rosidl_typesupport_fastrtps_cpp.dir/rosidl_typesupport_fastrtps_cpp/autoware_internal_debug_msgs/msg/detail/dds_fastrtps/int32_multi_array_stamped__type_support.cpp.o'
[8.540s] gmake[2]: *** Deleting file 'rosidl_typesupport_c/autoware_internal_debug_msgs/msg/int64_stamped__type_support.cpp'
[8.540s] gmake[2]: *** Deleting file 'rosidl_typesupport_c/autoware_internal_debug_msgs/msg/int64_multi_array_stamped__type_support.cpp'
[8.541s] gmake[2]: *** Deleting file 'rosidl_typesupport_c/autoware_internal_debug_msgs/msg/int32_stamped__type_support.cpp'
[8.541s] gmake[2]: *** Deleting file 'rosidl_typesupport_c/autoware_internal_debug_msgs/msg/int32_multi_array_stamped__type_support.cpp'
[8.541s] gmake[2]: *** Deleting file 'rosidl_typesupport_c/autoware_internal_debug_msgs/msg/float64_stamped__type_support.cpp'
[8.541s] gmake[2]: *** Deleting file 'rosidl_typesupport_c/autoware_internal_debug_msgs/msg/float64_multi_array_stamped__type_support.cpp'
[8.541s] gmake[2]: *** Deleting file 'rosidl_typesupport_c/autoware_internal_debug_msgs/msg/float32_stamped__type_support.cpp'
[8.541s] Traceback (most recent call last):
[8.541s]   File "/opt/ros/humble/lib/rosidl_typesupport_fastrtps_c/rosidl_typesupport_fastrtps_c", line 33, in <module>
[8.541s] gmake[2]: *** Deleting file 'rosidl_typesupport_c/autoware_internal_debug_msgs/msg/float32_multi_array_stamped__type_support.cpp'
[8.541s]     sys.exit(main())
[8.541s]   File "/opt/ros/humble/lib/rosidl_typesupport_fastrtps_c/rosidl_typesupport_fastrtps_c", line 29, in main
[8.541s]     generate_typesupport_fastrtps_c(args.generator_arguments_file)
[8.541s]   File "/opt/ros/humble/local/lib/python3.10/dist-packages/rosidl_typesupport_fastrtps_c/__init__.py", line 24, in generate_typesupport_fastrtps_c
[8.542s]     return generate_files(generator_arguments_file, mapping)
[8.542s]   File "/opt/ros/humble/local/lib/python3.10/dist-packages/rosidl_cmake/__init__.py", line 74, in generate_files
[8.542s]     idl_file = parse_idl_file(locator)
[8.543s]   File "/opt/ros/humble/local/lib/python3.10/dist-packages/rosidl_parser/parser.py", line 64, in parse_idl_file
[8.543s] gmake[2]: *** [CMakeFiles/autoware_internal_debug_msgs__rosidl_typesupport_c.dir/build.make:143: rosidl_typesupport_c/autoware_internal_debug_msgs/msg/int32_multi_array_stamped__type_support.cpp] Interrupt
[8.543s] gmake[2]: *** [CMakeFiles/autoware_internal_debug_msgs__rosidl_typesupport_c.dir/build.make:140: rosidl_typesupport_c/autoware_internal_debug_msgs/msg/int32_stamped__type_support.cpp] Interrupt
[8.543s]     content = parse_idl_string(string, png_file=png_file)
[8.543s]   File "/opt/ros/humble/local/lib/python3.10/dist-packages/rosidl_parser/parser.py", line 72, in parse_idl_string
[8.543s] gmake[2]: *** [CMakeFiles/autoware_internal_debug_msgs__rosidl_typesupport_c.dir/build.make:149: rosidl_typesupport_c/autoware_internal_debug_msgs/msg/int64_multi_array_stamped__type_support.cpp] Interrupt
[8.543s] gmake[2]: *** [CMakeFiles/autoware_internal_debug_msgs__rosidl_typesupport_c.dir/build.make:146: rosidl_typesupport_c/autoware_internal_debug_msgs/msg/int64_stamped__type_support.cpp] Interrupt
[8.543s]     tree = get_ast_from_idl_string(idl_string)
[8.543s]   File "/opt/ros/humble/local/lib/python3.10/dist-packages/rosidl_parser/parser.py", line 89, in get_ast_from_idl_string
[8.543s]     return _parser.parse(idl_string)
[8.543s]   File "/home/tlab/.local/lib/python3.10/site-packages/lark/lark.py", line 677, in parse
[8.543s]     return self.parser.parse(text, start=start, on_error=on_error)
[8.543s]   File "/home/tlab/.local/lib/python3.10/site-packages/lark/parser_frontends.py", line 131, in parse
[8.543s]     return self.parser.parse(stream, chosen_start, **kw)
[8.544s]   File "/home/tlab/.local/lib/python3.10/site-packages/lark/parsers/earley.py", line 280, in parse
[8.544s]     to_scan = self._parse(lexer, columns, to_scan, start_symbol)
[8.544s]   File "/home/tlab/.local/lib/python3.10/site-packages/lark/parsers/xearley.py", line 153, in _parse
[8.544s]     to_scan, node_cache = scan(i, to_scan)
[8.544s]   File "/home/tlab/.local/lib/python3.10/site-packages/lark/parsers/xearley.py", line 58, in scan
[8.544s]     for item in self.Set(to_scan):
[8.544s]   File "/home/tlab/.local/lib/python3.10/site-packages/lark/utils.py", line 394, in __init__
[8.544s] gmake[2]: *** [CMakeFiles/autoware_internal_debug_msgs__rosidl_typesupport_introspection_cpp.dir/build.make:242: CMakeFiles/autoware_internal_debug_msgs__rosidl_typesupport_introspection_cpp.dir/rosidl_typesupport_introspection_cpp/autoware_internal_debug_msgs/msg/detail/float32_multi_array_stamped__type_support.cpp.o] Interrupt
[8.544s]     def __init__(self, items: Iterable[T] =()):
[8.544s] KeyboardInterrupt
[8.544s] gmake[2]: *** [CMakeFiles/autoware_internal_debug_msgs__rosidl_typesupport_fastrtps_cpp.dir/build.make:340: CMakeFiles/autoware_internal_debug_msgs__rosidl_typesupport_fastrtps_cpp.dir/rosidl_typesupport_fastrtps_cpp/autoware_internal_debug_msgs/msg/detail/dds_fastrtps/string_stamped__type_support.cpp.o] Interrupt
[8.545s] gmake[2]: *** [CMakeFiles/autoware_internal_debug_msgs__rosidl_typesupport_fastrtps_cpp.dir/build.make:270: CMakeFiles/autoware_internal_debug_msgs__rosidl_typesupport_fastrtps_cpp.dir/rosidl_typesupport_fastrtps_cpp/autoware_internal_debug_msgs/msg/detail/dds_fastrtps/float64_multi_array_stamped__type_support.cpp.o] Interrupt
[8.545s] gmake[2]: *** [CMakeFiles/autoware_internal_debug_msgs__rosidl_typesupport_fastrtps_cpp.dir/build.make:326: CMakeFiles/autoware_internal_debug_msgs__rosidl_typesupport_fastrtps_cpp.dir/rosidl_typesupport_fastrtps_cpp/autoware_internal_debug_msgs/msg/detail/dds_fastrtps/int64_multi_array_stamped__type_support.cpp.o] Interrupt
[8.545s] gmake[2]: *** [CMakeFiles/autoware_internal_debug_msgs__rosidl_typesupport_introspection_cpp.dir/build.make:368: CMakeFiles/autoware_internal_debug_msgs__rosidl_typesupport_introspection_cpp.dir/rosidl_typesupport_introspection_cpp/autoware_internal_debug_msgs/msg/detail/processing_time_tree__type_support.cpp.o] Interrupt
[8.545s] gmake[2]: *** [CMakeFiles/autoware_internal_debug_msgs__rosidl_typesupport_c.dir/build.make:131: rosidl_typesupport_c/autoware_internal_debug_msgs/msg/float32_multi_array_stamped__type_support.cpp] Interrupt
[8.545s] gmake[2]: *** [CMakeFiles/autoware_internal_debug_msgs__rosidl_typesupport_c.dir/build.make:137: rosidl_typesupport_c/autoware_internal_debug_msgs/msg/float64_multi_array_stamped__type_support.cpp] Interrupt
[8.545s] gmake[2]: *** [CMakeFiles/autoware_internal_debug_msgs__rosidl_typesupport_c.dir/build.make:134: rosidl_typesupport_c/autoware_internal_debug_msgs/msg/float64_stamped__type_support.cpp] Interrupt
[8.546s] gmake[2]: *** [CMakeFiles/autoware_internal_debug_msgs__rosidl_typesupport_fastrtps_cpp.dir/build.make:298: CMakeFiles/autoware_internal_debug_msgs__rosidl_typesupport_fastrtps_cpp.dir/rosidl_typesupport_fastrtps_cpp/autoware_internal_debug_msgs/msg/detail/dds_fastrtps/int32_multi_array_stamped__type_support.cpp.o] Interrupt
[8.546s] gmake[1]: *** [CMakeFiles/Makefile2:342: CMakeFiles/autoware_internal_debug_msgs__rosidl_typesupport_c.dir/all] Interrupt
[8.546s] gmake[2]: *** [CMakeFiles/autoware_internal_debug_msgs__rosidl_typesupport_introspection_cpp.dir/build.make:270: CMakeFiles/autoware_internal_debug_msgs__rosidl_typesupport_introspection_cpp.dir/rosidl_typesupport_introspection_cpp/autoware_internal_debug_msgs/msg/detail/float64_multi_array_stamped__type_support.cpp.o] Interrupt
[8.546s] gmake[2]: *** [CMakeFiles/autoware_internal_debug_msgs__rosidl_typesupport_fastrtps_cpp.dir/build.make:256: CMakeFiles/autoware_internal_debug_msgs__rosidl_typesupport_fastrtps_cpp.dir/rosidl_typesupport_fastrtps_cpp/autoware_internal_debug_msgs/msg/detail/dds_fastrtps/float64_stamped__type_support.cpp.o] Interrupt
[8.546s] gmake[2]: *** [CMakeFiles/autoware_internal_debug_msgs__rosidl_typesupport_introspection_cpp.dir/build.make:298: CMakeFiles/autoware_internal_debug_msgs__rosidl_typesupport_introspection_cpp.dir/rosidl_typesupport_introspection_cpp/autoware_internal_debug_msgs/msg/detail/int32_multi_array_stamped__type_support.cpp.o] Interrupt
[8.547s] gmake[2]: *** [CMakeFiles/autoware_internal_debug_msgs__rosidl_typesupport_introspection_c.dir/build.make:127: rosidl_typesupport_introspection_c/autoware_internal_debug_msgs/msg/detail/bool_stamped__rosidl_typesupport_introspection_c.h] Interrupt
[8.547s] gmake[1]: *** [CMakeFiles/Makefile2:316: CMakeFiles/autoware_internal_debug_msgs__rosidl_typesupport_introspection_c.dir/all] Interrupt
[8.556s] gmake[2]: *** [CMakeFiles/autoware_internal_debug_msgs__rosidl_typesupport_fastrtps_cpp.dir/build.make:284: CMakeFiles/autoware_internal_debug_msgs__rosidl_typesupport_fastrtps_cpp.dir/rosidl_typesupport_fastrtps_cpp/autoware_internal_debug_msgs/msg/detail/dds_fastrtps/int32_stamped__type_support.cpp.o] Interrupt
[8.556s] gmake[2]: *** wait: No child processes.  Stop.
[8.556s] gmake[2]: *** Waiting for unfinished jobs....
[8.556s] gmake[2]: *** wait: No child processes.  Stop.
[8.556s] gmake[2]: *** [CMakeFiles/autoware_internal_debug_msgs__rosidl_typesupport_introspection_cpp.dir/build.make:284: CMakeFiles/autoware_internal_debug_msgs__rosidl_typesupport_introspection_cpp.dir/rosidl_typesupport_introspection_cpp/autoware_internal_debug_msgs/msg/detail/int32_stamped__type_support.cpp.o] Interrupt
[8.556s] gmake[2]: *** [CMakeFiles/autoware_internal_debug_msgs__rosidl_typesupport_introspection_cpp.dir/build.make:214: CMakeFiles/autoware_internal_debug_msgs__rosidl_typesupport_introspection_cpp.dir/rosidl_typesupport_introspection_cpp/autoware_internal_debug_msgs/msg/detail/bool_stamped__type_support.cpp.o] Interrupt
[8.556s] gmake[1]: *** [CMakeFiles/Makefile2:369: CMakeFiles/autoware_internal_debug_msgs__rosidl_typesupport_introspection_cpp.dir/all] Interrupt
[8.556s] gmake[1]: *** [CMakeFiles/Makefile2:291: CMakeFiles/autoware_internal_debug_msgs__rosidl_typesupport_fastrtps_cpp.dir/all] Error 2
[8.559s] gmake[2]: *** [CMakeFiles/autoware_internal_debug_msgs__rosidl_typesupport_cpp.dir/build.make:405: libautoware_internal_debug_msgs__rosidl_typesupport_cpp.so] Interrupt
[8.559s] gmake[1]: *** [CMakeFiles/Makefile2:395: CMakeFiles/autoware_internal_debug_msgs__rosidl_typesupport_cpp.dir/all] Interrupt
[8.570s] gmake[2]: *** [CMakeFiles/autoware_internal_debug_msgs__rosidl_typesupport_fastrtps_c.dir/build.make:127: rosidl_typesupport_fastrtps_c/autoware_internal_debug_msgs/msg/detail/bool_stamped__rosidl_typesupport_fastrtps_c.h] Interrupt
[8.570s] gmake[1]: *** [CMakeFiles/Makefile2:238: CMakeFiles/autoware_internal_debug_msgs__rosidl_typesupport_fastrtps_c.dir/all] Interrupt
[8.570s] gmake: *** [Makefile:146: all] Interrupt
