[0.136s] Invoking command in '/workspace/simpleav/20251204/src/simple_av/build/tier4_external_api_msgs': CMAKE_PREFIX_PATH=${CMAKE_PREFIX_PATH}:/workspace/simpleav/20251204/install/system:/workspace/simpleav/20251204/install/simple_av_logger:/workspace/simpleav/20251204/install/simple_av:/workspace/simpleav/20251204/install/planning:/workspace/simpleav/20251204/install/perception:/workspace/simpleav/20251204/install/localization:/workspace/simpleav/20251204/install/control:/workspace/simpleav/20251204/install/common:/opt/ros/humble /usr/bin/cmake /workspace/simpleav/20251204/src/simple_av/src/visualization/simulator/tier4_external_api_msgs -DAMENT_CMAKE_SYMLINK_INSTALL=1 -DCMAKE_INSTALL_PREFIX=/workspace/simpleav/20251204/src/simple_av/install/tier4_external_api_msgs
[1.468s] -- The C compiler identification is GNU 11.4.0
[1.469s] -- The CXX compiler identification is GNU 11.4.0
[1.469s] -- Detecting C compiler ABI info
[1.469s] -- Detecting C compiler ABI info - done
[1.469s] -- Check for working C compiler: /usr/lib/ccache/gcc - skipped
[1.469s] -- Detecting C compile features
[1.469s] -- Detecting C compile features - done
[1.470s] -- Detecting CXX compiler ABI info
[1.470s] -- Detecting CXX compiler ABI info - done
[1.470s] -- Check for working CXX compiler: /usr/lib/ccache/g++ - skipped
[1.470s] -- Detecting CXX compile features
[1.470s] -- Detecting CXX compile features - done
[1.470s] -- Found ament_cmake_auto: 1.3.11 (/opt/ros/humble/share/ament_cmake_auto/cmake)
[1.470s] -- Found Python3: /usr/bin/python3 (found version "3.10.12") found components: Interpreter 
[1.470s] -- Override CMake install command with custom implementation using symlinks instead of copying resources
[1.850s] -- Found rosidl_generator_c: 3.1.6 (/opt/ros/humble/share/rosidl_generator_c/cmake)
[1.871s] -- Found rosidl_adapter: 3.1.6 (/opt/ros/humble/share/rosidl_adapter/cmake)
[1.898s] -- Found rosidl_generator_cpp: 3.1.6 (/opt/ros/humble/share/rosidl_generator_cpp/cmake)
[1.931s] -- Using all available rosidl_typesupport_c: rosidl_typesupport_fastrtps_c;rosidl_typesupport_introspection_c
[1.977s] -- Using all available rosidl_typesupport_cpp: rosidl_typesupport_fastrtps_cpp;rosidl_typesupport_introspection_cpp
[2.899s] -- Found ament_cmake_ros: 0.10.0 (/opt/ros/humble/share/ament_cmake_ros/cmake)
[3.685s] -- Using all available rosidl_typesupport_c: rosidl_typesupport_fastrtps_c;rosidl_typesupport_introspection_c
[3.989s] -- Using all available rosidl_typesupport_cpp: rosidl_typesupport_fastrtps_cpp;rosidl_typesupport_introspection_cpp
[4.037s] -- Found PythonInterp: /usr/bin/python3 (found suitable version "3.10.12", minimum required is "3.6") 
[4.045s] -- Found python_cmake_module: 0.10.0 (/opt/ros/humble/share/python_cmake_module/cmake)
[4.098s] -- Found PythonLibs: /usr/lib/x86_64-linux-gnu/libpython3.10.so (found suitable version "3.10.12", minimum required is "3.5") 
[4.098s] -- Using PYTHON_EXECUTABLE: /usr/bin/python3
[4.098s] -- Using PYTHON_INCLUDE_DIRS: /usr/include/python3.10
[4.098s] -- Using PYTHON_LIBRARIES: /usr/lib/x86_64-linux-gnu/libpython3.10.so
[4.144s] -- Found PythonExtra: .so  
[4.513s] -- Found ament_lint_auto: 0.12.11 (/opt/ros/humble/share/ament_lint_auto/cmake)
[4.606s] -- Added test 'copyright' to check source files copyright and LICENSE
[4.613s] -- Added test 'lint_cmake' to check CMake code style
[4.616s] -- Added test 'xmllint' to check XML markup files
[4.622s] -- Configuring done
[4.890s] -- Generating done
[4.918s] -- Build files have been written to: /workspace/simpleav/20251204/src/simple_av/build/tier4_external_api_msgs
[4.945s] Invoked command in '/workspace/simpleav/20251204/src/simple_av/build/tier4_external_api_msgs' returned '0': CMAKE_PREFIX_PATH=${CMAKE_PREFIX_PATH}:/workspace/simpleav/20251204/install/system:/workspace/simpleav/20251204/install/simple_av_logger:/workspace/simpleav/20251204/install/simple_av:/workspace/simpleav/20251204/install/planning:/workspace/simpleav/20251204/install/perception:/workspace/simpleav/20251204/install/localization:/workspace/simpleav/20251204/install/control:/workspace/simpleav/20251204/install/common:/opt/ros/humble /usr/bin/cmake /workspace/simpleav/20251204/src/simple_av/src/visualization/simulator/tier4_external_api_msgs -DAMENT_CMAKE_SYMLINK_INSTALL=1 -DCMAKE_INSTALL_PREFIX=/workspace/simpleav/20251204/src/simple_av/install/tier4_external_api_msgs
[4.947s] Invoking command in '/workspace/simpleav/20251204/src/simple_av/build/tier4_external_api_msgs': CMAKE_PREFIX_PATH=${CMAKE_PREFIX_PATH}:/workspace/simpleav/20251204/install/system:/workspace/simpleav/20251204/install/simple_av_logger:/workspace/simpleav/20251204/install/simple_av:/workspace/simpleav/20251204/install/planning:/workspace/simpleav/20251204/install/perception:/workspace/simpleav/20251204/install/localization:/workspace/simpleav/20251204/install/control:/workspace/simpleav/20251204/install/common:/opt/ros/humble /usr/bin/cmake --build /workspace/simpleav/20251204/src/simple_av/build/tier4_external_api_msgs -- -j52 -l52
[8.125s] [  0%] [34m[1mGenerating C code for ROS interfaces[0m
[8.125s] [  0%] [34m[1mGenerating C++ code for ROS interfaces[0m
[8.125s] [  0%] Built target ament_cmake_python_symlink_tier4_external_api_msgs
[8.125s] running egg_info
[8.125s] creating tier4_external_api_msgs.egg-info
[8.125s] writing tier4_external_api_msgs.egg-info/PKG-INFO
[8.125s] writing dependency_links to tier4_external_api_msgs.egg-info/dependency_links.txt
[8.126s] writing top-level names to tier4_external_api_msgs.egg-info/top_level.txt
[8.126s] writing manifest file 'tier4_external_api_msgs.egg-info/SOURCES.txt'
[8.126s] reading manifest file 'tier4_external_api_msgs.egg-info/SOURCES.txt'
[8.126s] writing manifest file 'tier4_external_api_msgs.egg-info/SOURCES.txt'
[8.126s] [  0%] Built target ament_cmake_python_build_tier4_external_api_msgs_egg
[8.429s] gmake[2]: *** Deleting file 'rosidl_generator_cpp/tier4_external_api_msgs/msg/calibration_status.hpp'
[8.429s] gmake[2]: *** Deleting file 'rosidl_generator_c/tier4_external_api_msgs/msg/calibration_status.h'
[8.429s] Traceback (most recent call last):
[8.429s]   File "/opt/ros/humble/share/rosidl_generator_c/cmake/../../../lib/rosidl_generator_c/rosidl_generator_c", line 38, in <module>
[8.429s]     sys.exit(main())
[8.429s]   File "/opt/ros/humble/share/rosidl_generator_c/cmake/../../../lib/rosidl_generator_c/rosidl_generator_c", line 34, in main
[8.429s]     generate_c(args.generator_arguments_file)
[8.429s]   File "/opt/ros/humble/local/lib/python3.10/dist-packages/rosidl_generator_c/__init__.py", line 37, in generate_c
[8.429s]     return generate_files(
[8.429s]   File "/opt/ros/humble/local/lib/python3.10/dist-packages/rosidl_cmake/__init__.py", line 74, in generate_files
[8.430s]     idl_file = parse_idl_file(locator)
[8.430s]   File "/opt/ros/humble/local/lib/python3.10/dist-packages/rosidl_parser/parser.py", line 64, in parse_idl_file
[8.430s]     content = parse_idl_string(string, png_file=png_file)
[8.430s]   File "/opt/ros/humble/local/lib/python3.10/dist-packages/rosidl_parser/parser.py", line 72, in parse_idl_string
[8.430s]     tree = get_ast_from_idl_string(idl_string)
[8.430s]   File "/opt/ros/humble/local/lib/python3.10/dist-packages/rosidl_parser/parser.py", line 89, in get_ast_from_idl_string
[8.430s]     return _parser.parse(idl_string)
[8.430s]   File "/home/tlab/.local/lib/python3.10/site-packages/lark/lark.py", line 677, in parse
[8.430s] Traceback (most recent call last):
[8.430s]   File "/opt/ros/humble/share/rosidl_generator_cpp/cmake/../../../lib/rosidl_generator_cpp/rosidl_generator_cpp", line 38, in <module>
[8.430s]     sys.exit(main())
[8.430s]   File "/opt/ros/humble/share/rosidl_generator_cpp/cmake/../../../lib/rosidl_generator_cpp/rosidl_generator_cpp", line 34, in main
[8.430s]     generate_cpp(args.generator_arguments_file)
[8.430s]   File "/opt/ros/humble/local/lib/python3.10/dist-packages/rosidl_generator_cpp/__init__.py", line 39, in generate_cpp
[8.436s]     return generate_files(
[8.436s]   File "/opt/ros/humble/local/lib/python3.10/dist-packages/rosidl_cmake/__init__.py", line 87, in generate_files
[8.442s]     expand_template(
[8.444s]   File "/opt/ros/humble/local/lib/python3.10/dist-packages/rosidl_cmake/__init__.py", line 149, in expand_template
[8.506s]     interpreter.string(template_content, template_path, locals=data)
[8.506s]   File "/usr/lib/python3/dist-packages/em.py", line 2391, in string
[8.506s]     return self.parser.parse(text, start=start, on_error=on_error)
[8.506s]   File "/home/tlab/.local/lib/python3.10/site-packages/lark/parser_frontends.py", line 131, in parse
[8.506s]     return self.parser.parse(stream, chosen_start, **kw)
[8.506s]   File "/home/tlab/.local/lib/python3.10/site-packages/lark/parsers/earley.py", line 280, in parse
[8.506s]     to_scan = self._parse(lexer, columns, to_scan, start_symbol)
[8.506s] KeyboardInterrupt
[8.507s]     self.safe(scanner, True, locals)
[8.507s]   File "/usr/lib/python3/dist-packages/em.py", line 2401, in safe
[8.507s]     self.parse(scanner, locals)
[8.507s]   File "/usr/lib/python3/dist-packages/em.py", line 2421, in parse
[8.507s]     token.run(self, locals)
[8.507s]   File "/usr/lib/python3/dist-packages/em.py", line 1547, in run
[8.507s]     self.subrun(info[0][1], interpreter, locals)
[8.507s]   File "/usr/lib/python3/dist-packages/em.py", line 1631, in subrun
[8.507s]     token.run(interpreter, locals)
[8.507s]   File "/usr/lib/python3/dist-packages/em.py", line 1425, in run
[8.507s]     interpreter.execute(self.code, locals)
[8.507s]   File "/usr/lib/python3/dist-packages/em.py", line 2596, in execute
[8.507s]     _exec(statements, self.globals, locals)
[8.507s]   File "<string>", line 2, in <module>
[8.507s]   File "/opt/ros/humble/local/lib/python3.10/dist-packages/rosidl_cmake/__init__.py", line 198, in _expand_template
[8.507s]     interpreter.string(content, str(template_path), kwargs)
[8.507s]   File "/usr/lib/python3/dist-packages/em.py", line 2391, in string
[8.507s]     self.safe(scanner, True, locals)
[8.507s]   File "/usr/lib/python3/dist-packages/em.py", line 2401, in safe
[8.507s]     self.parse(scanner, locals)
[8.507s]   File "/usr/lib/python3/dist-packages/em.py", line 2417, in parse
[8.507s]     token = scanner.one()
[8.507s]   File "/usr/lib/python3/dist-packages/em.py", line 1984, in one
[8.507s]     token.scan(self)
[8.507s]   File "/usr/lib/python3/dist-packages/em.py", line 1311, in scan
[8.507s]     q = scanner.next('$', 0, z, True)
[8.507s]   File "/usr/lib/python3/dist-packages/em.py", line 1818, in next
[8.508s]     newQuote = self.check(i, quote)
[8.508s]   File "/usr/lib/python3/dist-packages/em.py", line 1766, in check
[8.508s]     if self[i] in '\'\"':
[8.508s] KeyboardInterrupt
[8.508s] Exception ignored in: <function Interpreter.__del__ at 0x70907604cee0>
[8.508s] Traceback (most recent call last):
[8.508s]   File "/usr/lib/python3/dist-packages/em.py", line 2094, in __del__
[8.508s]   File "/usr/lib/python3/dist-packages/em.py", line 2157, in shutdown
[8.508s]   File "/usr/lib/python3/dist-packages/em.py", line 2647, in finalize
[8.508s]   File "/usr/lib/python3/dist-packages/em.py", line 2200, in push
[8.508s] AttributeError: '_io.TextIOWrapper' object has no attribute 'push'
[8.532s] gmake[2]: *** [CMakeFiles/tier4_external_api_msgs__cpp.dir/build.make:502: rosidl_generator_cpp/tier4_external_api_msgs/msg/calibration_status.hpp] Interrupt
[8.533s] gmake[1]: *** [CMakeFiles/Makefile2:265: CMakeFiles/tier4_external_api_msgs__cpp.dir/all] Interrupt
[8.533s] gmake[2]: *** [CMakeFiles/tier4_external_api_msgs__rosidl_generator_c.dir/build.make:211: rosidl_generator_c/tier4_external_api_msgs/msg/calibration_status.h] Interrupt
[8.536s] gmake[1]: *** [CMakeFiles/Makefile2:212: CMakeFiles/tier4_external_api_msgs__rosidl_generator_c.dir/all] Interrupt
[8.536s] gmake: *** [Makefile:146: all] Interrupt
