[2.500s] Invoking command in '/workspace/simpleav/20251204/src/simple_av/build/common': PYTHONPATH=/workspace/simpleav/20251204/src/simple_av/build/common/prefix_override:/usr/lib/python3/dist-packages/colcon_core/task/python/colcon_distutils_commands:/workspace/simpleav/20251204/src/simple_av/install/common/lib/python3.10/site-packages:${PYTHONPATH} /usr/bin/python3 -W ignore:setup.py install is deprecated -W ignore:easy_install command is deprecated setup.py develop --editable --build-directory /workspace/simpleav/20251204/src/simple_av/build/common/build --no-deps symlink_data
[3.241s] running develop
[3.241s] running egg_info
[3.243s] creating common.egg-info
[3.243s] writing common.egg-info/PKG-INFO
[3.243s] writing dependency_links to common.egg-info/dependency_links.txt
[3.243s] writing entry points to common.egg-info/entry_points.txt
[3.243s] writing requirements to common.egg-info/requires.txt
[3.243s] writing top-level names to common.egg-info/top_level.txt
[3.243s] writing manifest file 'common.egg-info/SOURCES.txt'
[3.243s] reading manifest file 'common.egg-info/SOURCES.txt'
[3.243s] writing manifest file 'common.egg-info/SOURCES.txt'
[3.245s] running build_ext
[3.246s] Creating /workspace/simpleav/20251204/src/simple_av/install/common/lib/python3.10/site-packages/common.egg-link (link to .)
[3.246s] 
[3.246s] Installed /workspace/simpleav/20251204/src/simple_av/build/common
[3.246s] running symlink_data
[3.246s] symbolically linking /workspace/simpleav/20251204/src/simple_av/build/common/package.xml -> /workspace/simpleav/20251204/src/simple_av/install/common/share/common
[3.246s] creating /workspace/simpleav/20251204/src/simple_av/install/common/share/common/configs
[3.246s] symbolically linking /workspace/simpleav/20251204/src/simple_av/build/common/configs/vehicle_config.yaml -> /workspace/simpleav/20251204/src/simple_av/install/common/share/common/configs
[3.246s] symbolically linking /workspace/simpleav/20251204/src/simple_av/build/common/configs/av_features.yaml -> /workspace/simpleav/20251204/src/simple_av/install/common/share/common/configs
[3.246s] symbolically linking /workspace/simpleav/20251204/src/simple_av/build/common/configs/logger_config.yaml -> /workspace/simpleav/20251204/src/simple_av/install/common/share/common/configs
[3.246s] symbolically linking /workspace/simpleav/20251204/src/simple_av/build/common/configs/scenario_config.yaml -> /workspace/simpleav/20251204/src/simple_av/install/common/share/common/configs
[3.246s] symbolically linking /workspace/simpleav/20251204/src/simple_av/build/common/configs/sensors_calibration.yaml -> /workspace/simpleav/20251204/src/simple_av/install/common/share/common/configs
[3.247s] symbolically linking /workspace/simpleav/20251204/src/simple_av/build/common/configs/motion_behavior_config.yaml -> /workspace/simpleav/20251204/src/simple_av/install/common/share/common/configs
[3.247s] creating /workspace/simpleav/20251204/src/simple_av/install/common/share/common/zones
[3.247s] symbolically linking /workspace/simpleav/20251204/src/simple_av/build/common/zones/intersection_profiles.yaml -> /workspace/simpleav/20251204/src/simple_av/install/common/share/common/zones
[3.247s] symbolically linking /workspace/simpleav/20251204/src/simple_av/build/common/zones/intersections_danger_zones.yaml -> /workspace/simpleav/20251204/src/simple_av/install/common/share/common/zones
[3.247s] creating /workspace/simpleav/20251204/src/simple_av/install/common/share/common/maps
[3.247s] symbolically linking /workspace/simpleav/20251204/src/simple_av/build/common/maps/Shinjuku.json -> /workspace/simpleav/20251204/src/simple_av/install/common/share/common/maps
[3.247s] symbolically linking /workspace/simpleav/20251204/src/simple_av/build/common/maps/Kashiwa-lexus.json -> /workspace/simpleav/20251204/src/simple_av/install/common/share/common/maps
[3.247s] symbolically linking /workspace/simpleav/20251204/src/simple_av/build/common/maps/Kashiwa-bus.json -> /workspace/simpleav/20251204/src/simple_av/install/common/share/common/maps
[3.297s] Invoked command in '/workspace/simpleav/20251204/src/simple_av/build/common' returned '0': PYTHONPATH=/workspace/simpleav/20251204/src/simple_av/build/common/prefix_override:/usr/lib/python3/dist-packages/colcon_core/task/python/colcon_distutils_commands:/workspace/simpleav/20251204/src/simple_av/install/common/lib/python3.10/site-packages:${PYTHONPATH} /usr/bin/python3 -W ignore:setup.py install is deprecated -W ignore:easy_install command is deprecated setup.py develop --editable --build-directory /workspace/simpleav/20251204/src/simple_av/build/common/build --no-deps symlink_data
