[0.141s] Invoking command in '/workspace/simpleav/20251204/src/simple_av/build/autoware_localization_msgs': CMAKE_PREFIX_PATH=${CMAKE_PREFIX_PATH}:/workspace/simpleav/20251204/install/system:/workspace/simpleav/20251204/install/simple_av_logger:/workspace/simpleav/20251204/install/simple_av:/workspace/simpleav/20251204/install/planning:/workspace/simpleav/20251204/install/perception:/workspace/simpleav/20251204/install/localization:/workspace/simpleav/20251204/install/control:/workspace/simpleav/20251204/install/common:/opt/ros/humble /usr/bin/cmake /workspace/simpleav/20251204/src/simple_av/src/messages/autoware_msgs/autoware_localization_msgs -DAMENT_CMAKE_SYMLINK_INSTALL=1 -DCMAKE_INSTALL_PREFIX=/workspace/simpleav/20251204/src/simple_av/install/autoware_localization_msgs
[1.475s] -- The C compiler identification is GNU 11.4.0
[1.475s] -- The CXX compiler identification is GNU 11.4.0
[1.475s] -- Detecting C compiler ABI info
[1.475s] -- Detecting C compiler ABI info - done
[1.475s] -- Check for working C compiler: /usr/lib/ccache/gcc - skipped
[1.476s] -- Detecting C compile features
[1.476s] -- Detecting C compile features - done
[1.476s] -- Detecting CXX compiler ABI info
[1.476s] -- Detecting CXX compiler ABI info - done
[1.476s] -- Check for working CXX compiler: /usr/lib/ccache/g++ - skipped
[1.476s] -- Detecting CXX compile features
[1.476s] -- Detecting CXX compile features - done
[1.476s] -- Found ament_cmake_auto: 1.3.11 (/opt/ros/humble/share/ament_cmake_auto/cmake)
[1.476s] -- Found Python3: /usr/bin/python3 (found version "3.10.12") found components: Interpreter 
[1.476s] -- Override CMake install command with custom implementation using symlinks instead of copying resources
[1.867s] -- Found rosidl_generator_c: 3.1.6 (/opt/ros/humble/share/rosidl_generator_c/cmake)
[1.886s] -- Found rosidl_adapter: 3.1.6 (/opt/ros/humble/share/rosidl_adapter/cmake)
[1.911s] -- Found rosidl_generator_cpp: 3.1.6 (/opt/ros/humble/share/rosidl_generator_cpp/cmake)
[1.941s] -- Using all available rosidl_typesupport_c: rosidl_typesupport_fastrtps_c;rosidl_typesupport_introspection_c
[1.986s] -- Using all available rosidl_typesupport_cpp: rosidl_typesupport_fastrtps_cpp;rosidl_typesupport_introspection_cpp
[2.473s] -- Found ament_cmake_cppcheck: 0.12.11 (/opt/ros/humble/share/ament_cmake_cppcheck/cmake)
[2.482s] -- Found ament_cmake_cpplint: 0.12.11 (/opt/ros/humble/share/ament_cmake_cpplint/cmake)
[2.492s] -- Found ament_cmake_uncrustify: 0.12.11 (/opt/ros/humble/share/ament_cmake_uncrustify/cmake)
[2.502s] -- Found ament_cmake_ros: 0.10.0 (/opt/ros/humble/share/ament_cmake_ros/cmake)
[3.269s] -- Using all available rosidl_typesupport_c: rosidl_typesupport_fastrtps_c;rosidl_typesupport_introspection_c
[3.584s] -- Using all available rosidl_typesupport_cpp: rosidl_typesupport_fastrtps_cpp;rosidl_typesupport_introspection_cpp
[3.633s] -- Found PythonInterp: /usr/bin/python3 (found suitable version "3.10.12", minimum required is "3.6") 
[3.641s] -- Found python_cmake_module: 0.10.0 (/opt/ros/humble/share/python_cmake_module/cmake)
[3.696s] -- Found PythonLibs: /usr/lib/x86_64-linux-gnu/libpython3.10.so (found suitable version "3.10.12", minimum required is "3.5") 
[3.696s] -- Using PYTHON_EXECUTABLE: /usr/bin/python3
[3.697s] -- Using PYTHON_INCLUDE_DIRS: /usr/include/python3.10
[3.697s] -- Using PYTHON_LIBRARIES: /usr/lib/x86_64-linux-gnu/libpython3.10.so
[3.742s] -- Found PythonExtra: .so  
[3.915s] -- Found ament_cmake_flake8: 0.12.11 (/opt/ros/humble/share/ament_cmake_flake8/cmake)
[3.924s] -- Found ament_cmake_pep257: 0.12.11 (/opt/ros/humble/share/ament_cmake_pep257/cmake)
[3.934s] -- Found ament_lint_auto: 0.12.11 (/opt/ros/humble/share/ament_lint_auto/cmake)
[3.977s] -- Added test 'copyright' to check source files copyright and LICENSE
[3.979s] -- Added test 'lint_cmake' to check CMake code style
[3.981s] -- Added test 'xmllint' to check XML markup files
[3.987s] -- Configuring done
[4.029s] -- Generating done
[4.044s] -- Build files have been written to: /workspace/simpleav/20251204/src/simple_av/build/autoware_localization_msgs
[4.059s] Invoked command in '/workspace/simpleav/20251204/src/simple_av/build/autoware_localization_msgs' returned '0': CMAKE_PREFIX_PATH=${CMAKE_PREFIX_PATH}:/workspace/simpleav/20251204/install/system:/workspace/simpleav/20251204/install/simple_av_logger:/workspace/simpleav/20251204/install/simple_av:/workspace/simpleav/20251204/install/planning:/workspace/simpleav/20251204/install/perception:/workspace/simpleav/20251204/install/localization:/workspace/simpleav/20251204/install/control:/workspace/simpleav/20251204/install/common:/opt/ros/humble /usr/bin/cmake /workspace/simpleav/20251204/src/simple_av/src/messages/autoware_msgs/autoware_localization_msgs -DAMENT_CMAKE_SYMLINK_INSTALL=1 -DCMAKE_INSTALL_PREFIX=/workspace/simpleav/20251204/src/simple_av/install/autoware_localization_msgs
[4.062s] Invoking command in '/workspace/simpleav/20251204/src/simple_av/build/autoware_localization_msgs': CMAKE_PREFIX_PATH=${CMAKE_PREFIX_PATH}:/workspace/simpleav/20251204/install/system:/workspace/simpleav/20251204/install/simple_av_logger:/workspace/simpleav/20251204/install/simple_av:/workspace/simpleav/20251204/install/planning:/workspace/simpleav/20251204/install/perception:/workspace/simpleav/20251204/install/localization:/workspace/simpleav/20251204/install/control:/workspace/simpleav/20251204/install/common:/opt/ros/humble /usr/bin/cmake --build /workspace/simpleav/20251204/src/simple_av/build/autoware_localization_msgs -- -j52 -l52
[6.032s] [  3%] [34m[1mGenerating C code for ROS interfaces[0m
[6.033s] [  6%] Built target ament_cmake_python_symlink_autoware_localization_msgs
[6.033s] [  6%] [34m[1mGenerating C++ code for ROS interfaces[0m
[6.033s] running egg_info
[6.033s] creating autoware_localization_msgs.egg-info
[6.033s] writing autoware_localization_msgs.egg-info/PKG-INFO
[6.033s] writing dependency_links to autoware_localization_msgs.egg-info/dependency_links.txt
[6.033s] writing top-level names to autoware_localization_msgs.egg-info/top_level.txt
[6.033s] writing manifest file 'autoware_localization_msgs.egg-info/SOURCES.txt'
[6.033s] reading manifest file 'autoware_localization_msgs.egg-info/SOURCES.txt'
[6.033s] writing manifest file 'autoware_localization_msgs.egg-info/SOURCES.txt'
[6.033s] [  6%] Built target ament_cmake_python_build_autoware_localization_msgs_egg
[6.033s] [  6%] Built target autoware_localization_msgs__cpp
[6.033s] [  9%] [34m[1mGenerating C++ type support for eProsima Fast-RTPS[0m
[6.033s] [ 12%] [34m[1mGenerating C++ type support dispatch for ROS interfaces[0m
[6.034s] [ 16%] [32mBuilding C object CMakeFiles/autoware_localization_msgs__rosidl_generator_c.dir/rosidl_generator_c/autoware_localization_msgs/msg/detail/kinematic_state__functions.c.o[0m
[6.034s] [ 19%] [34m[1mGenerating C++ introspection for ROS interfaces[0m
[6.034s] [ 22%] [32m[1mLinking C shared library libautoware_localization_msgs__rosidl_generator_c.so[0m
[6.034s] [ 22%] Built target autoware_localization_msgs__rosidl_generator_c
[6.034s] [ 25%] [34m[1mGenerating C type support dispatch for ROS interfaces[0m
[6.034s] [ 29%] [34m[1mGenerating C type support for eProsima Fast-RTPS[0m
[6.034s] [ 32%] [34m[1mGenerating C introspection for ROS interfaces[0m
[6.034s] [ 35%] [32mBuilding CXX object CMakeFiles/autoware_localization_msgs__rosidl_typesupport_cpp.dir/rosidl_typesupport_cpp/autoware_localization_msgs/msg/kinematic_state__type_support.cpp.o[0m
[6.034s] [ 38%] [32mBuilding CXX object CMakeFiles/autoware_localization_msgs__rosidl_typesupport_fastrtps_cpp.dir/rosidl_typesupport_fastrtps_cpp/autoware_localization_msgs/msg/detail/dds_fastrtps/kinematic_state__type_support.cpp.o[0m
[6.034s] [ 41%] [32mBuilding CXX object CMakeFiles/autoware_localization_msgs__rosidl_typesupport_introspection_cpp.dir/rosidl_typesupport_introspection_cpp/autoware_localization_msgs/msg/detail/kinematic_state__type_support.cpp.o[0m
[6.034s] [ 45%] [32mBuilding CXX object CMakeFiles/autoware_localization_msgs__rosidl_typesupport_c.dir/rosidl_typesupport_c/autoware_localization_msgs/msg/kinematic_state__type_support.cpp.o[0m
[6.034s] [ 48%] [32mBuilding CXX object CMakeFiles/autoware_localization_msgs__rosidl_typesupport_fastrtps_c.dir/rosidl_typesupport_fastrtps_c/autoware_localization_msgs/msg/detail/kinematic_state__type_support_c.cpp.o[0m
[6.034s] [ 51%] [32mBuilding C object CMakeFiles/autoware_localization_msgs__rosidl_typesupport_introspection_c.dir/rosidl_typesupport_introspection_c/autoware_localization_msgs/msg/detail/kinematic_state__type_support.c.o[0m
[6.034s] [ 54%] [32m[1mLinking CXX shared library libautoware_localization_msgs__rosidl_typesupport_c.so[0m
[6.034s] [ 58%] [32m[1mLinking C shared library libautoware_localization_msgs__rosidl_typesupport_introspection_c.so[0m
[6.125s] [ 61%] [32m[1mLinking CXX shared library libautoware_localization_msgs__rosidl_typesupport_cpp.so[0m
[6.158s] [ 64%] [32m[1mLinking CXX shared library libautoware_localization_msgs__rosidl_typesupport_fastrtps_cpp.so[0m
[6.174s] [ 64%] Built target autoware_localization_msgs__rosidl_typesupport_introspection_c
[6.207s] [ 64%] Built target autoware_localization_msgs__rosidl_typesupport_c
[6.278s] [ 64%] Built target autoware_localization_msgs__rosidl_typesupport_cpp
[6.374s] [ 67%] [32m[1mLinking CXX shared library libautoware_localization_msgs__rosidl_typesupport_introspection_cpp.so[0m
[6.407s] [ 67%] Built target autoware_localization_msgs__rosidl_typesupport_fastrtps_cpp
[6.491s] [ 70%] [32m[1mLinking CXX shared library libautoware_localization_msgs__rosidl_typesupport_fastrtps_c.so[0m
[6.686s] [ 70%] Built target autoware_localization_msgs__rosidl_typesupport_introspection_cpp
[6.767s] [ 70%] Built target autoware_localization_msgs__rosidl_typesupport_fastrtps_c
[6.929s] [ 70%] Built target autoware_localization_msgs
[7.092s] [ 74%] [34m[1mGenerating Python code for ROS interfaces[0m
[8.488s] gmake[2]: *** Deleting file 'rosidl_generator_py/autoware_localization_msgs/_autoware_localization_msgs_s.ep.rosidl_typesupport_fastrtps_c.c'
[8.521s] gmake[2]: *** [autoware_localization_msgs__py/CMakeFiles/autoware_localization_msgs__py.dir/build.make:153: rosidl_generator_py/autoware_localization_msgs/_autoware_localization_msgs_s.ep.rosidl_typesupport_fastrtps_c.c] Interrupt
[8.521s] gmake[1]: *** [CMakeFiles/Makefile2:590: autoware_localization_msgs__py/CMakeFiles/autoware_localization_msgs__py.dir/all] Interrupt
[8.521s] gmake: *** [Makefile:146: all] Interrupt
[8.595s] Invoked command in '/workspace/simpleav/20251204/src/simple_av/build/autoware_localization_msgs' returned '-2': CMAKE_PREFIX_PATH=${CMAKE_PREFIX_PATH}:/workspace/simpleav/20251204/install/system:/workspace/simpleav/20251204/install/simple_av_logger:/workspace/simpleav/20251204/install/simple_av:/workspace/simpleav/20251204/install/planning:/workspace/simpleav/20251204/install/perception:/workspace/simpleav/20251204/install/localization:/workspace/simpleav/20251204/install/control:/workspace/simpleav/20251204/install/common:/opt/ros/humble /usr/bin/cmake --build /workspace/simpleav/20251204/src/simple_av/build/autoware_localization_msgs -- -j52 -l52
